#
# There is insufficient memory for the Java Runtime Environment to continue.
# Native memory allocation (malloc) failed to allocate 1048576 bytes for AllocateHeap
# Possible reasons:
#   The system is out of physical RAM or swap space
#   The process is running with CompressedOops enabled, and the Java Heap may be blocking the growth of the native heap
# Possible solutions:
#   Reduce memory load on the system
#   Increase physical memory or swap space
#   Check if swap backing store is full
#   Decrease Java heap size (-Xmx/-Xms)
#   Decrease number of Java threads
#   Decrease Java thread stack sizes (-Xss)
#   Set larger code cache with -XX:ReservedCodeCacheSize=
#   JVM is running with Unscaled Compressed Oops mode in which the Java heap is
#     placed in the first 4GB address space. The Java Heap base address is the
#     maximum limit for the native heap growth. Please use -XX:HeapBaseMinAddress
#     to set the Java Heap base and to place the Java Heap above 4GB virtual address.
# This output file may be truncated or incomplete.
#
#  Out of Memory Error (allocation.cpp:44), pid=15964, tid=21940
#
# JRE version:  (21.0.2+13) (build )
# Java VM: Java HotSpot(TM) 64-Bit Server VM (21.0.2+13-LTS-58, mixed mode, sharing, tiered, compressed oops, compressed class ptrs, g1 gc, windows-amd64)
# No core dump will be written. Minidumps are not enabled by default on client versions of Windows
#

---------------  S U M M A R Y ------------

Command Line: C:\Users\Hritika\AppData\Local\Temp\surefire15418659883513445822\surefirebooter-20250612102640951_3.jar C:\Users\Hritika\AppData\Local\Temp\surefire15418659883513445822 2025-06-12T10-26-40_752-jvmRun1 surefire-20250612102640951_1tmp surefire_0-20250612102640951_2tmp

Host: AMD Ryzen 5 5600H with Radeon Graphics         , 12 cores, 7G,  Windows 11 , 64 bit Build 26100 (10.0.26100.3323)
Time: Thu Jun 12 10:26:41 2025 India Standard Time elapsed time: 0.226993 seconds (0d 0h 0m 0s)

---------------  T H R E A D  ---------------

Current thread (0x000001e676b9f5f0):  JavaThread "Unknown thread" [_thread_in_vm, id=21940, stack(0x0000006cd4800000,0x0000006cd4900000) (1024K)]

Stack: [0x0000006cd4800000,0x0000006cd4900000]
Native frames: (J=compiled Java code, j=interpreted, Vv=VM code, C=native code)
V  [jvm.dll+0x6cade9]
V  [jvm.dll+0x8569c1]
V  [jvm.dll+0x858d2e]
V  [jvm.dll+0x859413]
V  [jvm.dll+0x280e56]
V  [jvm.dll+0xbeb17]
V  [jvm.dll+0x3273b5]
V  [jvm.dll+0x81ef6d]
V  [jvm.dll+0x3bba01]
V  [jvm.dll+0x807928]
V  [jvm.dll+0x44f50e]
V  [jvm.dll+0x450e11]
C  [jli.dll+0x52a3]
C  [ucrtbase.dll+0x37b0]
C  [KERNEL32.DLL+0x2e8d7]
C  [ntdll.dll+0xbbf6c]


---------------  P R O C E S S  ---------------

Threads class SMR info:
_java_thread_list=0x00007ffbd845bb88, length=0, elements={
}

Java Threads: ( => current thread )
Total: 0

Other Threads:

=>0x000001e676b9f5f0 (exited) JavaThread "Unknown thread"    [_thread_in_vm, id=21940, stack(0x0000006cd4800000,0x0000006cd4900000) (1024K)]
Total: 1

Threads with active compile tasks:
Total: 0

VM state: not at safepoint (not fully initialized)

VM Mutex/Monitor currently owned by a thread: None

Heap address: 0x0000000000000000, size: 0 MB, Compressed Oops mode: 32-bit

CDS archive(s) mapped at: [0x0000000000000000-0x0000000000000000-0x0000000000000000), size 0, SharedBaseAddress: 0x0000000800000000, ArchiveRelocationMode: 1.
Narrow klass base: 0x0000000000000000, Narrow klass shift: 0, Narrow klass range: 0x0

GC Precious Log:
 CardTable entry size: 512
 Card Set container configuration: InlinePtr #cards 5 size 8 Array Of Cards #cards 12 size 40 Howl #buckets 4 coarsen threshold 1843 Howl Bitmap #cards 512 size 80 coarsen threshold 460 Card regions per heap region 1 cards per card region 2048

GC Heap History (0 events):
No events

Dll operation events (1 events):
Event: 0.009 Loaded shared library C:\Program Files\Java\jdk-21\bin\java.dll

Deoptimization events (0 events):
No events

Classes loaded (0 events):
No events

Classes unloaded (0 events):
No events

Classes redefined (0 events):
No events

Internal exceptions (0 events):
No events

ZGC Phase Switch (0 events):
No events

VM Operations (0 events):
No events

Events (0 events):
No events


Dynamic libraries:
0x00007ff78f6a0000 - 0x00007ff78f6b0000 	C:\Program Files\Java\jdk-21\bin\java.exe
0x00007ffc00860000 - 0x00007ffc00ac3000 	C:\WINDOWS\SYSTEM32\ntdll.dll
0x00007ffbfe6c0000 - 0x00007ffbfe787000 	C:\WINDOWS\System32\KERNEL32.DLL
0x00007ffbfde60000 - 0x00007ffbfe229000 	C:\WINDOWS\System32\KERNELBASE.dll
0x00007ffbfe230000 - 0x00007ffbfe37c000 	C:\WINDOWS\System32\ucrtbase.dll
0x00007ffbd92c0000 - 0x00007ffbd92d9000 	C:\Program Files\Java\jdk-21\bin\jli.dll
0x00007ffbdb920000 - 0x00007ffbdb93b000 	C:\Program Files\Java\jdk-21\bin\VCRUNTIME140.dll
0x00007ffbfeca0000 - 0x00007ffbfed52000 	C:\WINDOWS\System32\ADVAPI32.dll
0x00007ffc00740000 - 0x00007ffc007e9000 	C:\WINDOWS\System32\msvcrt.dll
0x00007ffbfeb80000 - 0x00007ffbfec26000 	C:\WINDOWS\System32\sechost.dll
0x00007ffbfe9f0000 - 0x00007ffbfeb06000 	C:\WINDOWS\System32\RPCRT4.dll
0x00007ffbffc00000 - 0x00007ffbffdca000 	C:\WINDOWS\System32\USER32.dll
0x00007ffbe4ac0000 - 0x00007ffbe4d50000 	C:\WINDOWS\WinSxS\amd64_microsoft.windows.common-controls_6595b64144ccf1df_6.0.26100.3323_none_3e088096e3344490\COMCTL32.dll
0x00007ffbfe650000 - 0x00007ffbfe677000 	C:\WINDOWS\System32\win32u.dll
0x00007ffc00280000 - 0x00007ffc002aa000 	C:\WINDOWS\System32\GDI32.dll
0x00007ffbfdc70000 - 0x00007ffbfdda1000 	C:\WINDOWS\System32\gdi32full.dll
0x00007ffbfddb0000 - 0x00007ffbfde53000 	C:\WINDOWS\System32\msvcp_win.dll
0x00007ffbf7060000 - 0x00007ffbf706b000 	C:\WINDOWS\SYSTEM32\VERSION.dll
0x00007ffbfe680000 - 0x00007ffbfe6af000 	C:\WINDOWS\System32\IMM32.DLL
0x00007ffbdb910000 - 0x00007ffbdb91c000 	C:\Program Files\Java\jdk-21\bin\vcruntime140_1.dll
0x00007ffbd9230000 - 0x00007ffbd92be000 	C:\Program Files\Java\jdk-21\bin\msvcp140.dll
0x00007ffbd7890000 - 0x00007ffbd85a7000 	C:\Program Files\Java\jdk-21\bin\server\jvm.dll
0x00007ffc00020000 - 0x00007ffc00094000 	C:\WINDOWS\System32\WS2_32.dll
0x00007ffbfd8f0000 - 0x00007ffbfd93e000 	C:\WINDOWS\SYSTEM32\POWRPROF.dll
0x00007ffbf5bf0000 - 0x00007ffbf5c26000 	C:\WINDOWS\SYSTEM32\WINMM.dll
0x00007ffbfd8d0000 - 0x00007ffbfd8e4000 	C:\WINDOWS\SYSTEM32\UMPDC.dll
0x00007ffbfc860000 - 0x00007ffbfc87a000 	C:\WINDOWS\SYSTEM32\kernel.appcore.dll
0x00007ffbd91e0000 - 0x00007ffbd91ea000 	C:\Program Files\Java\jdk-21\bin\jimage.dll
0x00007ffbf2980000 - 0x00007ffbf2bc1000 	C:\WINDOWS\SYSTEM32\DBGHELP.DLL
0x00007ffbff490000 - 0x00007ffbff812000 	C:\WINDOWS\System32\combase.dll
0x00007ffbfff40000 - 0x00007ffc00016000 	C:\WINDOWS\System32\OLEAUT32.dll
0x00007ffbe0510000 - 0x00007ffbe0549000 	C:\WINDOWS\SYSTEM32\dbgcore.DLL
0x00007ffbfe5b0000 - 0x00007ffbfe649000 	C:\WINDOWS\System32\bcryptPrimitives.dll
0x00007ffbd6d50000 - 0x00007ffbd6d6f000 	C:\Program Files\Java\jdk-21\bin\java.dll

dbghelp: loaded successfully - version: 4.0.5 - missing functions: none
symbol engine: initialized successfully - sym options: 0x614 - pdb path: .;C:\Program Files\Java\jdk-21\bin;C:\WINDOWS\SYSTEM32;C:\WINDOWS\WinSxS\amd64_microsoft.windows.common-controls_6595b64144ccf1df_6.0.26100.3323_none_3e088096e3344490;C:\Program Files\Java\jdk-21\bin\server

VM Arguments:
java_command: C:\Users\Hritika\AppData\Local\Temp\surefire15418659883513445822\surefirebooter-20250612102640951_3.jar C:\Users\Hritika\AppData\Local\Temp\surefire15418659883513445822 2025-06-12T10-26-40_752-jvmRun1 surefire-20250612102640951_1tmp surefire_0-20250612102640951_2tmp
java_class_path (initial): C:\Users\Hritika\AppData\Local\Temp\surefire15418659883513445822\surefirebooter-20250612102640951_3.jar
Launcher Type: SUN_STANDARD

[Global flags]
     intx CICompilerCount                          = 4                                         {product} {ergonomic}
     uint ConcGCThreads                            = 3                                         {product} {ergonomic}
     uint G1ConcRefinementThreads                  = 10                                        {product} {ergonomic}
   size_t G1HeapRegionSize                         = 1048576                                   {product} {ergonomic}
    uintx GCDrainStackTargetSize                   = 64                                        {product} {ergonomic}
   size_t InitialHeapSize                          = 123731968                                 {product} {ergonomic}
   size_t MarkStackSize                            = 4194304                                   {product} {ergonomic}
   size_t MaxHeapSize                              = 1973420032                                {product} {ergonomic}
   size_t MinHeapDeltaBytes                        = 1048576                                   {product} {ergonomic}
   size_t MinHeapSize                              = 8388608                                   {product} {ergonomic}
    uintx NonNMethodCodeHeapSize                   = 5839372                                {pd product} {ergonomic}
    uintx NonProfiledCodeHeapSize                  = 122909434                              {pd product} {ergonomic}
    uintx ProfiledCodeHeapSize                     = 122909434                              {pd product} {ergonomic}
    uintx ReservedCodeCacheSize                    = 251658240                              {pd product} {ergonomic}
     bool SegmentedCodeCache                       = true                                      {product} {ergonomic}
   size_t SoftMaxHeapSize                          = 1973420032                             {manageable} {ergonomic}
     bool UseCompressedOops                        = true                           {product lp64_product} {ergonomic}
     bool UseG1GC                                  = true                                      {product} {ergonomic}
     bool UseLargePagesIndividualAllocation        = false                                  {pd product} {ergonomic}

Logging:
Log output configuration:
 #0: stdout all=warning uptime,level,tags foldmultilines=false
 #1: stderr all=off uptime,level,tags foldmultilines=false

Environment Variables:
JAVA_HOME=C:\Program Files\Java\jdk-21
PATH=C:\chromedriver\chromedriver.exe;C:\Program Files\NVIDIA GPU Computing Toolkit\CUDA\v12.3\bin;C:\Program Files\NVIDIA GPU Computing Toolkit\CUDA\v12.3\libnvvp;C:\Program Files\Common Files\Oracle\Java\javapath;C:\oraclexe\app\oracle\product\11.2.0\server\bin;C:\windows\system32;C:\windows;C:\windows\System32\Wbem;C:\windows\System32\WindowsPowerShell\v1.0\;C:\windows\System32\OpenSSH\;C:\Program Files (x86)\NVIDIA Corporation\PhysX\Common;C:\Program Files\NVIDIA Corporation\NVIDIA NvDLISR;C:\WINDOWS\system32;C:\WINDOWS;C:\WINDOWS\System32\Wbem;C:\WINDOWS\System32\WindowsPowerShell\v1.0\;C:\WINDOWS\System32\OpenSSH\;C:\Program Files (x86)\dotnet\;C:\php-8.2.0;C:\Program Files\Git\cmd;C:\Program Files\dotnet\;C:\Program Files\MySQL\MySQL Server 8.0\bin;C:\Program Files\Java\jdk-19\bin;C:\Program Files\apache-maven-3.9.2-bin\apache-maven-3.9.2\bin;C:\Program Files\CMake\bin;C:\Program Files\nodejs\;C:\Program Files\swipl\bin;C:\Program Files\MongoDB\Server\7.0\bin;C:\Program Files\mongoshell\mongosh-2.1.1-win32-x64\mongosh-2.1.1-win32-x64\bin;C:\mongodb-database-tools-windows-x86_64-100.9.3\mongodb-database-tools-windows-x86_64-100.9.3\bin;C:\Program Files\Java\jdk-21;C:\Program Files (x86)\Windows Kits\10\Windows Performance Toolkit\;C:\Program Files\NVIDIA Corporation\Nsight Compute 2023.3.1\;C:\CuDNN\cudnn-windows-x86_64-8.9.7.29_cuda12-archive\cudnn-windows-x86_64-8.9.7.29_cuda12-archive\bin;C:\CuDNN\cudnn-windows-x86_64-8.9.7.29_cuda12-archive\cudnn-windows-x86_64-8.9.7.29_cuda12-archive\include;C:\CuDNN\cudnn-windows-x86_64-8.9.7.29_cuda12-archive\cudnn-windows-x86_64-8.9.7.29_cuda12-archive\lib\x64;;C:\Program Files\Docker\Docker\resources\bin;C:\chromedriver\chromedriver.exe;C:\Program Files\MySQL\MySQL Shell 8.0\bin\;C:\Users\Hritika\AppData\Local\Programs\Python\Python311\Scripts\;C:\Users\Hritika\AppData\Local\Programs\Python\Python311\;C:\Users\Hritika\AppData\Local\Microsoft\WindowsApps;C:\msys64\mingw64\bin;C:\modeltech64_10.6d\win64;C:\Program Files\Git\cmd;C:\Program Files\heroku\bin;C:\Users\Hritika\.dotnet\tools;C:\Program Files\JetBrains\IntelliJ IDEA Community Edition 2023.1.3\bin;;C:\Users\Hritika\AppData\Roaming\npm;C:\Program Files\MongoDB\Server\7.0\bin;C:\Users\Hritika\AppData\Local\Programs\Microsoft VS Code\bin
USERNAME=Hritika
OS=Windows_NT
PROCESSOR_IDENTIFIER=AMD64 Family 25 Model 80 Stepping 0, AuthenticAMD
TMP=C:\Users\Hritika\AppData\Local\Temp
TEMP=C:\Users\Hritika\AppData\Local\Temp




Periodic native trim disabled

---------------  S Y S T E M  ---------------

OS:
 Windows 11 , 64 bit Build 26100 (10.0.26100.3323)
OS uptime: 0 days 7:19 hours
Hyper-V role detected

CPU: total 12 (initial active 12) (12 cores per cpu, 2 threads per core) family 25 model 80 stepping 0 microcode 0xa50000d, cx8, cmov, fxsr, ht, mmx, 3dnowpref, sse, sse2, sse3, ssse3, sse4a, sse4.1, sse4.2, popcnt, lzcnt, tsc, tscinvbit, avx, avx2, aes, erms, clmul, bmi1, bmi2, adx, sha, fma, vzeroupper, clflush, clflushopt, hv, rdtscp, rdpid, fsrm, f16c, cet_ss
Processor Information for processor 0
  Max Mhz: 3301, Current Mhz: 1805, Mhz Limit: 3301
Processor Information for processor 1
  Max Mhz: 3301, Current Mhz: 1805, Mhz Limit: 3301
Processor Information for processor 2
  Max Mhz: 3301, Current Mhz: 1805, Mhz Limit: 3301
Processor Information for processor 3
  Max Mhz: 3301, Current Mhz: 3301, Mhz Limit: 3301
Processor Information for processor 4
  Max Mhz: 3301, Current Mhz: 3301, Mhz Limit: 3301
Processor Information for processor 5
  Max Mhz: 3301, Current Mhz: 3301, Mhz Limit: 3301
Processor Information for processor 6
  Max Mhz: 3301, Current Mhz: 1805, Mhz Limit: 3301
Processor Information for processor 7
  Max Mhz: 3301, Current Mhz: 1805, Mhz Limit: 3301
Processor Information for processor 8
  Max Mhz: 3301, Current Mhz: 1805, Mhz Limit: 3301
Processor Information for processor 9
  Max Mhz: 3301, Current Mhz: 1805, Mhz Limit: 3301
Processor Information for processor 10
  Max Mhz: 3301, Current Mhz: 1805, Mhz Limit: 3301
Processor Information for processor 11
  Max Mhz: 3301, Current Mhz: 1805, Mhz Limit: 3301

Memory: 4k page, system-wide physical 7521M (385M free)
TotalPageFile size 31073M (AvailPageFile size 9M)
current process WorkingSet (physical memory assigned to process): 11M, peak: 11M
current process commit charge ("private bytes"): 19M, peak: 20M

vm_info: Java HotSpot(TM) 64-Bit Server VM (21.0.2+13-LTS-58) for windows-amd64 JRE (21.0.2+13-LTS-58), built on 2024-01-05T18:32:24Z by "mach5one" with MS VC++ 17.1 (VS2022)

END.
