#
# There is insufficient memory for the Java Runtime Environment to continue.
# Native memory allocation (malloc) failed to allocate 969424 bytes for Chunk::new
# Possible reasons:
#   The system is out of physical RAM or swap space
#   The process is running with CompressedOops enabled, and the Java Heap may be blocking the growth of the native heap
# Possible solutions:
#   Reduce memory load on the system
#   Increase physical memory or swap space
#   Check if swap backing store is full
#   Decrease Java heap size (-Xmx/-Xms)
#   Decrease number of Java threads
#   Decrease Java thread stack sizes (-Xss)
#   Set larger code cache with -XX:ReservedCodeCacheSize=
#   JVM is running with Unscaled Compressed Oops mode in which the Java heap is
#     placed in the first 4GB address space. The Java Heap base address is the
#     maximum limit for the native heap growth. Please use -XX:HeapBaseMinAddress
#     to set the Java Heap base and to place the Java Heap above 4GB virtual address.
# This output file may be truncated or incomplete.
#
#  Out of Memory Error (arena.cpp:168), pid=26056, tid=25516
#
# JRE version: Java(TM) SE Runtime Environment (21.0.2+13) (build 21.0.2+13-LTS-58)
# Java VM: Java HotSpot(TM) 64-Bit Server VM (21.0.2+13-LTS-58, mixed mode, sharing, tiered, compressed oops, compressed class ptrs, g1 gc, windows-amd64)
# No core dump will be written. Minidumps are not enabled by default on client versions of Windows
#

---------------  S U M M A R Y ------------

Command Line: -javaagent:C:\Program Files\JetBrains\IntelliJ IDEA Community Edition 2023.1.3\lib\idea_rt.jar=59757:C:\Program Files\JetBrains\IntelliJ IDEA Community Edition 2023.1.3\bin -Dfile.encoding=UTF-8 -Dsun.stdout.encoding=UTF-8 -Dsun.stderr.encoding=UTF-8 com.shopee.api_gateway.ApiGatewayApplication

Host: AMD Ryzen 5 5600H with Radeon Graphics         , 12 cores, 7G,  Windows 11 , 64 bit Build 26100 (10.0.26100.3323)
Time: Thu May 22 08:32:30 2025 India Standard Time elapsed time: 12.703735 seconds (0d 0h 0m 12s)

---------------  T H R E A D  ---------------

Current thread (0x000002b85872fd30):  JavaThread "C2 CompilerThread0" daemon [_thread_in_native, id=25516, stack(0x000000d86c900000,0x000000d86ca00000) (1024K)]


Current CompileTask:
C2:  12726 4940       4       org.springframework.beans.factory.support.AbstractBeanFactory::isTypeMatch (745 bytes)

Stack: [0x000000d86c900000,0x000000d86ca00000]
Native frames: (J=compiled Java code, j=interpreted, Vv=VM code, C=native code)
V  [jvm.dll+0x6cade9]
V  [jvm.dll+0x8569c1]
V  [jvm.dll+0x858d2e]
V  [jvm.dll+0x859413]
V  [jvm.dll+0x280e56]
V  [jvm.dll+0xc3f3d]
V  [jvm.dll+0xc4473]
V  [jvm.dll+0x3b5c2c]
V  [jvm.dll+0x382855]
V  [jvm.dll+0x381cca]
V  [jvm.dll+0x249bd0]
V  [jvm.dll+0x2491b1]
V  [jvm.dll+0x1c9634]
V  [jvm.dll+0x258859]
V  [jvm.dll+0x256e3a]
V  [jvm.dll+0x3ef6c6]
V  [jvm.dll+0x7ff568]
V  [jvm.dll+0x6c953d]
C  [ucrtbase.dll+0x37b0]
C  [KERNEL32.DLL+0x2e8d7]
C  [ntdll.dll+0xbbf6c]


---------------  P R O C E S S  ---------------

Threads class SMR info:
_java_thread_list=0x000002b8a0db3e60, length=15, elements={
0x000002b83bc28b40, 0x000002b85870eda0, 0x000002b858714380, 0x000002b85871ac40,
0x000002b85871cc70, 0x000002b85871f230, 0x000002b858721fb0, 0x000002b85872fd30,
0x000002b858731ae0, 0x000002b8586daca0, 0x000002b89e2508d0, 0x000002b89e250f40,
0x000002b8a04e9270, 0x000002b8a04eb340, 0x000002b8a04ea620
}

Java Threads: ( => current thread )
  0x000002b83bc28b40 JavaThread "main"                              [_thread_in_Java, id=11480, stack(0x000000d86bb00000,0x000000d86bc00000) (1024K)]
  0x000002b85870eda0 JavaThread "Reference Handler"          daemon [_thread_blocked, id=14232, stack(0x000000d86c300000,0x000000d86c400000) (1024K)]
  0x000002b858714380 JavaThread "Finalizer"                  daemon [_thread_blocked, id=3608, stack(0x000000d86c400000,0x000000d86c500000) (1024K)]
  0x000002b85871ac40 JavaThread "Signal Dispatcher"          daemon [_thread_blocked, id=24268, stack(0x000000d86c500000,0x000000d86c600000) (1024K)]
  0x000002b85871cc70 JavaThread "Attach Listener"            daemon [_thread_blocked, id=26372, stack(0x000000d86c600000,0x000000d86c700000) (1024K)]
  0x000002b85871f230 JavaThread "Service Thread"             daemon [_thread_blocked, id=11168, stack(0x000000d86c700000,0x000000d86c800000) (1024K)]
  0x000002b858721fb0 JavaThread "Monitor Deflation Thread"   daemon [_thread_blocked, id=4872, stack(0x000000d86c800000,0x000000d86c900000) (1024K)]
=>0x000002b85872fd30 JavaThread "C2 CompilerThread0"         daemon [_thread_in_native, id=25516, stack(0x000000d86c900000,0x000000d86ca00000) (1024K)]
  0x000002b858731ae0 JavaThread "C1 CompilerThread0"         daemon [_thread_blocked, id=1956, stack(0x000000d86ca00000,0x000000d86cb00000) (1024K)]
  0x000002b8586daca0 JavaThread "Common-Cleaner"             daemon [_thread_blocked, id=14836, stack(0x000000d86cb00000,0x000000d86cc00000) (1024K)]
  0x000002b89e2508d0 JavaThread "Monitor Ctrl-Break"         daemon [_thread_in_native, id=17892, stack(0x000000d86cc00000,0x000000d86cd00000) (1024K)]
  0x000002b89e250f40 JavaThread "Notification Thread"        daemon [_thread_blocked, id=4560, stack(0x000000d86cd00000,0x000000d86ce00000) (1024K)]
  0x000002b8a04e9270 JavaThread "Catalina-utility-1"                [_thread_blocked, id=10976, stack(0x000000d86d700000,0x000000d86d800000) (1024K)]
  0x000002b8a04eb340 JavaThread "Catalina-utility-2"                [_thread_blocked, id=13256, stack(0x000000d86da00000,0x000000d86db00000) (1024K)]
  0x000002b8a04ea620 JavaThread "container-0"                       [_thread_blocked, id=5840, stack(0x000000d86db00000,0x000000d86dc00000) (1024K)]
Total: 15

Other Threads:
  0x000002b8586f0e40 VMThread "VM Thread"                           [id=20948, stack(0x000000d86c200000,0x000000d86c300000) (1024K)]
  0x000002b8586d8310 WatcherThread "VM Periodic Task Thread"        [id=20292, stack(0x000000d86c100000,0x000000d86c200000) (1024K)]
  0x000002b83bc7b430 WorkerThread "GC Thread#0"                     [id=1932, stack(0x000000d86bc00000,0x000000d86bd00000) (1024K)]
  0x000002b89e399ff0 WorkerThread "GC Thread#1"                     [id=25728, stack(0x000000d86ce00000,0x000000d86cf00000) (1024K)]
  0x000002b89e39a390 WorkerThread "GC Thread#2"                     [id=18380, stack(0x000000d86cf00000,0x000000d86d000000) (1024K)]
  0x000002b89e93a140 WorkerThread "GC Thread#3"                     [id=26404, stack(0x000000d86d000000,0x000000d86d100000) (1024K)]
  0x000002b89e93a4e0 WorkerThread "GC Thread#4"                     [id=21964, stack(0x000000d86d100000,0x000000d86d200000) (1024K)]
  0x000002b89e93a880 WorkerThread "GC Thread#5"                     [id=16860, stack(0x000000d86d200000,0x000000d86d300000) (1024K)]
  0x000002b89edbc180 WorkerThread "GC Thread#6"                     [id=23484, stack(0x000000d86d300000,0x000000d86d400000) (1024K)]
  0x000002b89ed46400 WorkerThread "GC Thread#7"                     [id=8936, stack(0x000000d86d400000,0x000000d86d500000) (1024K)]
  0x000002b89ed4a7b0 WorkerThread "GC Thread#8"                     [id=17224, stack(0x000000d86d500000,0x000000d86d600000) (1024K)]
  0x000002b89ed4b360 WorkerThread "GC Thread#9"                     [id=21116, stack(0x000000d86d600000,0x000000d86d700000) (1024K)]
  0x000002b83bc8d5f0 ConcurrentGCThread "G1 Main Marker"            [id=5548, stack(0x000000d86bd00000,0x000000d86be00000) (1024K)]
  0x000002b83bc8e890 WorkerThread "G1 Conc#0"                       [id=25276, stack(0x000000d86be00000,0x000000d86bf00000) (1024K)]
  0x000002b89ec51db0 WorkerThread "G1 Conc#1"                       [id=24400, stack(0x000000d86d800000,0x000000d86d900000) (1024K)]
  0x000002b89ec524f0 WorkerThread "G1 Conc#2"                       [id=8784, stack(0x000000d86d900000,0x000000d86da00000) (1024K)]
  0x000002b8585ab060 ConcurrentGCThread "G1 Refine#0"               [id=7892, stack(0x000000d86bf00000,0x000000d86c000000) (1024K)]
  0x000002b8585aca80 ConcurrentGCThread "G1 Service"                [id=16680, stack(0x000000d86c000000,0x000000d86c100000) (1024K)]
Total: 18

Threads with active compile tasks:
C2 CompilerThread0    12933 4940       4       org.springframework.beans.factory.support.AbstractBeanFactory::isTypeMatch (745 bytes)
Total: 1

VM state: not at safepoint (normal execution)

VM Mutex/Monitor currently owned by a thread: None

Heap address: 0x000000008a600000, size: 1882 MB, Compressed Oops mode: 32-bit

CDS archive(s) mapped at: [0x000002b859000000-0x000002b859c90000-0x000002b859c90000), size 13172736, SharedBaseAddress: 0x000002b859000000, ArchiveRelocationMode: 1.
Compressed class space mapped at: 0x000002b85a000000-0x000002b89a000000, reserved size: 1073741824
Narrow klass base: 0x000002b859000000, Narrow klass shift: 0, Narrow klass range: 0x100000000

GC Precious Log:
 CardTable entry size: 512
 Card Set container configuration: InlinePtr #cards 5 size 8 Array Of Cards #cards 12 size 40 Howl #buckets 4 coarsen threshold 1843 Howl Bitmap #cards 512 size 80 coarsen threshold 460 Card regions per heap region 1 cards per card region 2048
 CPUs: 12 total, 12 available
 Memory: 7521M
 Large Page Support: Disabled
 NUMA Support: Disabled
 Compressed Oops: Enabled (32-bit)
 Heap Region Size: 1M
 Heap Min Capacity: 8M
 Heap Initial Capacity: 118M
 Heap Max Capacity: 1882M
 Pre-touch: Disabled
 Parallel Workers: 10
 Concurrent Workers: 3
 Concurrent Refinement Workers: 10
 Periodic GC: Disabled

Heap:
 garbage-first heap   total 71680K, used 35052K [0x000000008a600000, 0x0000000100000000)
  region size 1024K, 11 young (11264K), 2 survivors (2048K)
 Metaspace       used 36547K, committed 37184K, reserved 1114112K
  class space    used 4656K, committed 4928K, reserved 1048576K

Heap Regions: E=young(eden), S=young(survivor), O=old, HS=humongous(starts), HC=humongous(continues), CS=collection set, F=free, TAMS=top-at-mark-start, PB=parsable bottom
|   0|0x000000008a600000, 0x000000008a700000, 0x000000008a700000|100%|HS|  |TAMS 0x000000008a600000| PB 0x000000008a600000| Complete 
|   1|0x000000008a700000, 0x000000008a800000, 0x000000008a800000|100%| O|  |TAMS 0x000000008a700000| PB 0x000000008a700000| Untracked 
|   2|0x000000008a800000, 0x000000008a900000, 0x000000008a900000|100%| O|  |TAMS 0x000000008a800000| PB 0x000000008a800000| Untracked 
|   3|0x000000008a900000, 0x000000008aa00000, 0x000000008aa00000|100%| O|  |TAMS 0x000000008a900000| PB 0x000000008a900000| Untracked 
|   4|0x000000008aa00000, 0x000000008ab00000, 0x000000008ab00000|100%| O|  |TAMS 0x000000008aa00000| PB 0x000000008aa00000| Untracked 
|   5|0x000000008ab00000, 0x000000008ac00000, 0x000000008ac00000|100%| O|  |TAMS 0x000000008ab00000| PB 0x000000008ab00000| Untracked 
|   6|0x000000008ac00000, 0x000000008ad00000, 0x000000008ad00000|100%| O|  |TAMS 0x000000008ac00000| PB 0x000000008ac00000| Untracked 
|   7|0x000000008ad00000, 0x000000008ae00000, 0x000000008ae00000|100%| O|  |TAMS 0x000000008ad00000| PB 0x000000008ad00000| Untracked 
|   8|0x000000008ae00000, 0x000000008af00000, 0x000000008af00000|100%| O|  |TAMS 0x000000008ae00000| PB 0x000000008ae00000| Untracked 
|   9|0x000000008af00000, 0x000000008b000000, 0x000000008b000000|100%| O|  |TAMS 0x000000008af00000| PB 0x000000008af00000| Untracked 
|  10|0x000000008b000000, 0x000000008b100000, 0x000000008b100000|100%| O|  |TAMS 0x000000008b000000| PB 0x000000008b000000| Untracked 
|  11|0x000000008b100000, 0x000000008b100000, 0x000000008b200000|  0%| F|  |TAMS 0x000000008b100000| PB 0x000000008b100000| Untracked 
|  12|0x000000008b200000, 0x000000008b300000, 0x000000008b300000|100%| O|  |TAMS 0x000000008b200000| PB 0x000000008b200000| Untracked 
|  13|0x000000008b300000, 0x000000008b400000, 0x000000008b400000|100%| O|  |TAMS 0x000000008b300000| PB 0x000000008b300000| Untracked 
|  14|0x000000008b400000, 0x000000008b500000, 0x000000008b500000|100%| O|  |TAMS 0x000000008b400000| PB 0x000000008b400000| Untracked 
|  15|0x000000008b500000, 0x000000008b600000, 0x000000008b600000|100%| O|  |TAMS 0x000000008b500000| PB 0x000000008b500000| Untracked 
|  16|0x000000008b600000, 0x000000008b700000, 0x000000008b700000|100%| O|Cm|TAMS 0x000000008b600000| PB 0x000000008b600000| Complete 
|  17|0x000000008b700000, 0x000000008b800000, 0x000000008b800000|100%| O|  |TAMS 0x000000008b700000| PB 0x000000008b700000| Untracked 
|  18|0x000000008b800000, 0x000000008b900000, 0x000000008b900000|100%| O|  |TAMS 0x000000008b800000| PB 0x000000008b800000| Untracked 
|  19|0x000000008b900000, 0x000000008ba00000, 0x000000008ba00000|100%| O|  |TAMS 0x000000008b900000| PB 0x000000008b900000| Untracked 
|  20|0x000000008ba00000, 0x000000008bb00000, 0x000000008bb00000|100%| O|  |TAMS 0x000000008ba00000| PB 0x000000008ba00000| Untracked 
|  21|0x000000008bb00000, 0x000000008bc00000, 0x000000008bc00000|100%| O|  |TAMS 0x000000008bb00000| PB 0x000000008bb00000| Untracked 
|  22|0x000000008bc00000, 0x000000008bd00000, 0x000000008bd00000|100%| O|  |TAMS 0x000000008bc00000| PB 0x000000008bc00000| Untracked 
|  23|0x000000008bd00000, 0x000000008be00000, 0x000000008be00000|100%| O|  |TAMS 0x000000008bd00000| PB 0x000000008bd00000| Untracked 
|  24|0x000000008be00000, 0x000000008bf00000, 0x000000008bf00000|100%| O|  |TAMS 0x000000008be00000| PB 0x000000008be00000| Untracked 
|  25|0x000000008bf00000, 0x000000008bfcdc80, 0x000000008c000000| 80%| O|  |TAMS 0x000000008bf00000| PB 0x000000008bf00000| Untracked 
|  26|0x000000008c000000, 0x000000008c000000, 0x000000008c100000|  0%| F|  |TAMS 0x000000008c000000| PB 0x000000008c000000| Untracked 
|  27|0x000000008c100000, 0x000000008c100000, 0x000000008c200000|  0%| F|  |TAMS 0x000000008c100000| PB 0x000000008c100000| Untracked 
|  28|0x000000008c200000, 0x000000008c200000, 0x000000008c300000|  0%| F|  |TAMS 0x000000008c200000| PB 0x000000008c200000| Untracked 
|  29|0x000000008c300000, 0x000000008c300000, 0x000000008c400000|  0%| F|  |TAMS 0x000000008c300000| PB 0x000000008c300000| Untracked 
|  30|0x000000008c400000, 0x000000008c400000, 0x000000008c500000|  0%| F|  |TAMS 0x000000008c400000| PB 0x000000008c400000| Untracked 
|  31|0x000000008c500000, 0x000000008c500000, 0x000000008c600000|  0%| F|  |TAMS 0x000000008c500000| PB 0x000000008c500000| Untracked 
|  32|0x000000008c600000, 0x000000008c600000, 0x000000008c700000|  0%| F|  |TAMS 0x000000008c600000| PB 0x000000008c600000| Untracked 
|  33|0x000000008c700000, 0x000000008c700000, 0x000000008c800000|  0%| F|  |TAMS 0x000000008c700000| PB 0x000000008c700000| Untracked 
|  34|0x000000008c800000, 0x000000008c800000, 0x000000008c900000|  0%| F|  |TAMS 0x000000008c800000| PB 0x000000008c800000| Untracked 
|  35|0x000000008c900000, 0x000000008c900000, 0x000000008ca00000|  0%| F|  |TAMS 0x000000008c900000| PB 0x000000008c900000| Untracked 
|  36|0x000000008ca00000, 0x000000008ca00000, 0x000000008cb00000|  0%| F|  |TAMS 0x000000008ca00000| PB 0x000000008ca00000| Untracked 
|  37|0x000000008cb00000, 0x000000008cb00000, 0x000000008cc00000|  0%| F|  |TAMS 0x000000008cb00000| PB 0x000000008cb00000| Untracked 
|  38|0x000000008cc00000, 0x000000008cc00000, 0x000000008cd00000|  0%| F|  |TAMS 0x000000008cc00000| PB 0x000000008cc00000| Untracked 
|  39|0x000000008cd00000, 0x000000008cd00000, 0x000000008ce00000|  0%| F|  |TAMS 0x000000008cd00000| PB 0x000000008cd00000| Untracked 
|  40|0x000000008ce00000, 0x000000008ce00000, 0x000000008cf00000|  0%| F|  |TAMS 0x000000008ce00000| PB 0x000000008ce00000| Untracked 
|  41|0x000000008cf00000, 0x000000008cf00000, 0x000000008d000000|  0%| F|  |TAMS 0x000000008cf00000| PB 0x000000008cf00000| Untracked 
|  42|0x000000008d000000, 0x000000008d000000, 0x000000008d100000|  0%| F|  |TAMS 0x000000008d000000| PB 0x000000008d000000| Untracked 
|  43|0x000000008d100000, 0x000000008d100000, 0x000000008d200000|  0%| F|  |TAMS 0x000000008d100000| PB 0x000000008d100000| Untracked 
|  44|0x000000008d200000, 0x000000008d200000, 0x000000008d300000|  0%| F|  |TAMS 0x000000008d200000| PB 0x000000008d200000| Untracked 
|  45|0x000000008d300000, 0x000000008d300000, 0x000000008d400000|  0%| F|  |TAMS 0x000000008d300000| PB 0x000000008d300000| Untracked 
|  46|0x000000008d400000, 0x000000008d400000, 0x000000008d500000|  0%| F|  |TAMS 0x000000008d400000| PB 0x000000008d400000| Untracked 
|  47|0x000000008d500000, 0x000000008d500000, 0x000000008d600000|  0%| F|  |TAMS 0x000000008d500000| PB 0x000000008d500000| Untracked 
|  48|0x000000008d600000, 0x000000008d600000, 0x000000008d700000|  0%| F|  |TAMS 0x000000008d600000| PB 0x000000008d600000| Untracked 
|  49|0x000000008d700000, 0x000000008d700000, 0x000000008d800000|  0%| F|  |TAMS 0x000000008d700000| PB 0x000000008d700000| Untracked 
|  50|0x000000008d800000, 0x000000008d800000, 0x000000008d900000|  0%| F|  |TAMS 0x000000008d800000| PB 0x000000008d800000| Untracked 
|  51|0x000000008d900000, 0x000000008d900000, 0x000000008da00000|  0%| F|  |TAMS 0x000000008d900000| PB 0x000000008d900000| Untracked 
|  52|0x000000008da00000, 0x000000008da00000, 0x000000008db00000|  0%| F|  |TAMS 0x000000008da00000| PB 0x000000008da00000| Untracked 
|  53|0x000000008db00000, 0x000000008db00000, 0x000000008dc00000|  0%| F|  |TAMS 0x000000008db00000| PB 0x000000008db00000| Untracked 
|  54|0x000000008dc00000, 0x000000008dc00000, 0x000000008dd00000|  0%| F|  |TAMS 0x000000008dc00000| PB 0x000000008dc00000| Untracked 
|  55|0x000000008dd00000, 0x000000008dd00000, 0x000000008de00000|  0%| F|  |TAMS 0x000000008dd00000| PB 0x000000008dd00000| Untracked 
|  56|0x000000008de00000, 0x000000008de6d740, 0x000000008df00000| 42%| S|CS|TAMS 0x000000008de00000| PB 0x000000008de00000| Complete 
|  57|0x000000008df00000, 0x000000008e000000, 0x000000008e000000|100%| S|CS|TAMS 0x000000008df00000| PB 0x000000008df00000| Complete 
|  58|0x000000008e000000, 0x000000008e000000, 0x000000008e100000|  0%| F|  |TAMS 0x000000008e000000| PB 0x000000008e000000| Untracked 
|  59|0x000000008e100000, 0x000000008e100000, 0x000000008e200000|  0%| F|  |TAMS 0x000000008e100000| PB 0x000000008e100000| Untracked 
|  60|0x000000008e200000, 0x000000008e200000, 0x000000008e300000|  0%| F|  |TAMS 0x000000008e200000| PB 0x000000008e200000| Untracked 
|  61|0x000000008e300000, 0x000000008e380800, 0x000000008e400000| 50%| E|  |TAMS 0x000000008e300000| PB 0x000000008e300000| Complete 
|  62|0x000000008e400000, 0x000000008e500000, 0x000000008e500000|100%| E|CS|TAMS 0x000000008e400000| PB 0x000000008e400000| Complete 
|  81|0x000000008f700000, 0x000000008f800000, 0x000000008f800000|100%| E|CS|TAMS 0x000000008f700000| PB 0x000000008f700000| Complete 
|  82|0x000000008f800000, 0x000000008f900000, 0x000000008f900000|100%| E|CS|TAMS 0x000000008f800000| PB 0x000000008f800000| Complete 
|  83|0x000000008f900000, 0x000000008fa00000, 0x000000008fa00000|100%| E|CS|TAMS 0x000000008f900000| PB 0x000000008f900000| Complete 
|  84|0x000000008fa00000, 0x000000008fb00000, 0x000000008fb00000|100%| E|CS|TAMS 0x000000008fa00000| PB 0x000000008fa00000| Complete 
|  85|0x000000008fb00000, 0x000000008fc00000, 0x000000008fc00000|100%| E|CS|TAMS 0x000000008fb00000| PB 0x000000008fb00000| Complete 
| 116|0x0000000091a00000, 0x0000000091b00000, 0x0000000091b00000|100%| E|CS|TAMS 0x0000000091a00000| PB 0x0000000091a00000| Complete 
| 117|0x0000000091b00000, 0x0000000091c00000, 0x0000000091c00000|100%| E|CS|TAMS 0x0000000091b00000| PB 0x0000000091b00000| Complete 

Card table byte_map: [0x000002b853980000,0x000002b853d30000] _byte_map_base: 0x000002b85352d000

Marking Bits: (CMBitMap*) 0x000002b83bc7c340
 Bits: [0x000002b853d30000, 0x000002b855a98000)

Polling page: 0x000002b839940000

Metaspace:

Usage:
  Non-class:     31.14 MB used.
      Class:      4.55 MB used.
       Both:     35.69 MB used.

Virtual space:
  Non-class space:       64.00 MB reserved,      31.50 MB ( 49%) committed,  1 nodes.
      Class space:        1.00 GB reserved,       4.81 MB ( <1%) committed,  1 nodes.
             Both:        1.06 GB reserved,      36.31 MB (  3%) committed. 

Chunk freelists:
   Non-Class:  240.00 KB
       Class:  11.02 MB
        Both:  11.25 MB

MaxMetaspaceSize: unlimited
CompressedClassSpaceSize: 1.00 GB
Initial GC threshold: 21.00 MB
Current GC threshold: 58.88 MB
CDS: on
 - commit_granule_bytes: 65536.
 - commit_granule_words: 8192.
 - virtual_space_node_default_size: 8388608.
 - enlarge_chunks_in_place: 1.
 - use_allocation_guard: 0.


Internal statistics:

num_allocs_failed_limit: 8.
num_arena_births: 716.
num_arena_deaths: 0.
num_vsnodes_births: 2.
num_vsnodes_deaths: 0.
num_space_committed: 581.
num_space_uncommitted: 0.
num_chunks_returned_to_freelist: 8.
num_chunks_taken_from_freelist: 2068.
num_chunk_merges: 8.
num_chunk_splits: 1363.
num_chunks_enlarged: 958.
num_inconsistent_stats: 0.

CodeHeap 'non-profiled nmethods': size=120000Kb used=2236Kb max_used=2436Kb free=117763Kb
 bounds [0x000002b84bb50000, 0x000002b84bdc0000, 0x000002b853080000]
CodeHeap 'profiled nmethods': size=120000Kb used=9584Kb max_used=10247Kb free=110416Kb
 bounds [0x000002b844080000, 0x000002b844a90000, 0x000002b84b5b0000]
CodeHeap 'non-nmethods': size=5760Kb used=1486Kb max_used=1530Kb free=4273Kb
 bounds [0x000002b84b5b0000, 0x000002b84b820000, 0x000002b84bb50000]
 total_blobs=5281 nmethods=4716 adapters=469
 compilation: enabled
              stopped_count=0, restarted_count=0
 full_count=0

Compilation events (20 events):
Event: 12.421 Thread 0x000002b858731ae0 5045       2       org.springframework.core.OrderComparator::getOrder (111 bytes)
Event: 12.422 Thread 0x000002b858731ae0 nmethod 5045 0x000002b84434a210 code [0x000002b84434a420, 0x000002b84434a7e8]
Event: 12.422 Thread 0x000002b858731ae0 5046       2       org.springframework.core.annotation.AnnotationAwareOrderComparator::findOrder (18 bytes)
Event: 12.422 Thread 0x000002b858731ae0 nmethod 5046 0x000002b8440eb690 code [0x000002b8440eb860, 0x000002b8440ebaf0]
Event: 12.423 Thread 0x000002b858731ae0 5047       2       java.lang.Module::getClassLoader (20 bytes)
Event: 12.423 Thread 0x000002b858731ae0 nmethod 5047 0x000002b844294d90 code [0x000002b844294f20, 0x000002b844295028]
Event: 12.438 Thread 0x000002b858731ae0 5048       2       java.util.concurrent.locks.AbstractQueuedSynchronizer::release (19 bytes)
Event: 12.439 Thread 0x000002b858731ae0 nmethod 5048 0x000002b8442fe310 code [0x000002b8442fe500, 0x000002b8442fe790]
Event: 12.453 Thread 0x000002b858731ae0 5049       2       java.nio.CharBuffer::array (35 bytes)
Event: 12.453 Thread 0x000002b858731ae0 nmethod 5049 0x000002b84414b390 code [0x000002b84414b560, 0x000002b84414b7a8]
Event: 12.453 Thread 0x000002b858731ae0 5050       2       java.nio.Buffer::mark (10 bytes)
Event: 12.453 Thread 0x000002b858731ae0 nmethod 5050 0x000002b8442e5a10 code [0x000002b8442e5ba0, 0x000002b8442e5cb0]
Event: 12.455 Thread 0x000002b858731ae0 5051       2       java.nio.ByteBuffer::flip (7 bytes)
Event: 12.455 Thread 0x000002b858731ae0 nmethod 5051 0x000002b84408ea90 code [0x000002b84408ec20, 0x000002b84408ed40]
Event: 12.472 Thread 0x000002b85872fd30 nmethod 4891% 0x000002b84bdb1010 code [0x000002b84bdb1b80, 0x000002b84bdb9f08]
Event: 12.473 Thread 0x000002b85872fd30 4940       4       org.springframework.beans.factory.support.AbstractBeanFactory::isTypeMatch (745 bytes)
Event: 12.474 Thread 0x000002b858731ae0 5053       2       java.lang.invoke.LambdaFormBuffer::insertParameter (30 bytes)
Event: 12.474 Thread 0x000002b858731ae0 nmethod 5053 0x000002b84409fb10 code [0x000002b84409fcc0, 0x000002b84409fdf0]
Event: 12.490 Thread 0x000002b858731ae0 5054       3       java.lang.reflect.Proxy::<init> (15 bytes)
Event: 12.491 Thread 0x000002b858731ae0 nmethod 5054 0x000002b84440fd10 code [0x000002b84440fee0, 0x000002b844410208]

GC Heap History (16 events):
Event: 2.698 GC heap before
{Heap before GC invocations=0 (full 0):
 garbage-first heap   total 120832K, used 28672K [0x000000008a600000, 0x0000000100000000)
  region size 1024K, 23 young (23552K), 0 survivors (0K)
 Metaspace       used 4607K, committed 4800K, reserved 1114112K
  class space    used 458K, committed 512K, reserved 1048576K
}
Event: 2.726 GC heap after
{Heap after GC invocations=1 (full 0):
 garbage-first heap   total 120832K, used 13312K [0x000000008a600000, 0x0000000100000000)
  region size 1024K, 3 young (3072K), 3 survivors (3072K)
 Metaspace       used 4607K, committed 4800K, reserved 1114112K
  class space    used 458K, committed 512K, reserved 1048576K
}
Event: 5.456 GC heap before
{Heap before GC invocations=1 (full 0):
 garbage-first heap   total 120832K, used 30720K [0x000000008a600000, 0x0000000100000000)
  region size 1024K, 20 young (20480K), 3 survivors (3072K)
 Metaspace       used 9183K, committed 9408K, reserved 1114112K
  class space    used 1031K, committed 1152K, reserved 1048576K
}
Event: 5.477 GC heap after
{Heap after GC invocations=2 (full 0):
 garbage-first heap   total 120832K, used 17058K [0x000000008a600000, 0x0000000100000000)
  region size 1024K, 3 young (3072K), 3 survivors (3072K)
 Metaspace       used 9183K, committed 9408K, reserved 1114112K
  class space    used 1031K, committed 1152K, reserved 1048576K
}
Event: 7.201 GC heap before
{Heap before GC invocations=2 (full 0):
 garbage-first heap   total 120832K, used 43682K [0x000000008a600000, 0x0000000100000000)
  region size 1024K, 29 young (29696K), 3 survivors (3072K)
 Metaspace       used 15401K, committed 15680K, reserved 1114112K
  class space    used 1993K, committed 2112K, reserved 1048576K
}
Event: 7.208 GC heap after
{Heap after GC invocations=3 (full 0):
 garbage-first heap   total 120832K, used 19591K [0x000000008a600000, 0x0000000100000000)
  region size 1024K, 3 young (3072K), 3 survivors (3072K)
 Metaspace       used 15401K, committed 15680K, reserved 1114112K
  class space    used 1993K, committed 2112K, reserved 1048576K
}
Event: 7.569 GC heap before
{Heap before GC invocations=3 (full 0):
 garbage-first heap   total 120832K, used 47239K [0x000000008a600000, 0x0000000100000000)
  region size 1024K, 32 young (32768K), 3 survivors (3072K)
 Metaspace       used 21231K, committed 21504K, reserved 1114112K
  class space    used 2612K, committed 2752K, reserved 1048576K
}
Event: 7.575 GC heap after
{Heap after GC invocations=4 (full 0):
 garbage-first heap   total 120832K, used 22458K [0x000000008a600000, 0x0000000100000000)
  region size 1024K, 5 young (5120K), 5 survivors (5120K)
 Metaspace       used 21231K, committed 21504K, reserved 1114112K
  class space    used 2612K, committed 2752K, reserved 1048576K
}
Event: 8.462 GC heap before
{Heap before GC invocations=5 (full 0):
 garbage-first heap   total 71680K, used 57274K [0x000000008a600000, 0x0000000100000000)
  region size 1024K, 42 young (43008K), 5 survivors (5120K)
 Metaspace       used 24676K, committed 24960K, reserved 1114112K
  class space    used 3079K, committed 3200K, reserved 1048576K
}
Event: 8.473 GC heap after
{Heap after GC invocations=6 (full 0):
 garbage-first heap   total 71680K, used 21816K [0x000000008a600000, 0x0000000100000000)
  region size 1024K, 6 young (6144K), 6 survivors (6144K)
 Metaspace       used 24676K, committed 24960K, reserved 1114112K
  class space    used 3079K, committed 3200K, reserved 1048576K
}
Event: 10.934 GC heap before
{Heap before GC invocations=6 (full 0):
 garbage-first heap   total 71680K, used 54584K [0x000000008a600000, 0x0000000100000000)
  region size 1024K, 38 young (38912K), 6 survivors (6144K)
 Metaspace       used 28643K, committed 28992K, reserved 1114112K
  class space    used 3614K, committed 3776K, reserved 1048576K
}
Event: 10.948 GC heap after
{Heap after GC invocations=7 (full 0):
 garbage-first heap   total 71680K, used 23476K [0x000000008a600000, 0x0000000100000000)
  region size 1024K, 3 young (3072K), 3 survivors (3072K)
 Metaspace       used 28643K, committed 28992K, reserved 1114112K
  class space    used 3614K, committed 3776K, reserved 1048576K
}
Event: 11.823 GC heap before
{Heap before GC invocations=7 (full 0):
 garbage-first heap   total 71680K, used 57268K [0x000000008a600000, 0x0000000100000000)
  region size 1024K, 36 young (36864K), 3 survivors (3072K)
 Metaspace       used 33989K, committed 34496K, reserved 1114112K
  class space    used 4273K, committed 4544K, reserved 1048576K
}
Event: 11.832 GC heap after
{Heap after GC invocations=8 (full 0):
 garbage-first heap   total 71680K, used 25600K [0x000000008a600000, 0x0000000100000000)
  region size 1024K, 5 young (5120K), 5 survivors (5120K)
 Metaspace       used 33989K, committed 34496K, reserved 1114112K
  class space    used 4273K, committed 4544K, reserved 1048576K
}
Event: 12.284 GC heap before
{Heap before GC invocations=8 (full 0):
 garbage-first heap   total 71680K, used 37888K [0x000000008a600000, 0x0000000100000000)
  region size 1024K, 17 young (17408K), 5 survivors (5120K)
 Metaspace       used 35635K, committed 36096K, reserved 1114112K
  class space    used 4509K, committed 4736K, reserved 1048576K
}
Event: 12.298 GC heap after
{Heap after GC invocations=9 (full 0):
 garbage-first heap   total 71680K, used 26860K [0x000000008a600000, 0x0000000100000000)
  region size 1024K, 2 young (2048K), 2 survivors (2048K)
 Metaspace       used 35635K, committed 36096K, reserved 1114112K
  class space    used 4509K, committed 4736K, reserved 1048576K
}

Dll operation events (13 events):
Event: 0.049 Loaded shared library C:\Program Files\Java\jdk-21\bin\java.dll
Event: 0.105 Loaded shared library C:\Program Files\Java\jdk-21\bin\jsvml.dll
Event: 0.277 Loaded shared library C:\Program Files\Java\jdk-21\bin\zip.dll
Event: 0.285 Loaded shared library C:\Program Files\Java\jdk-21\bin\instrument.dll
Event: 0.301 Loaded shared library C:\Program Files\Java\jdk-21\bin\net.dll
Event: 0.309 Loaded shared library C:\Program Files\Java\jdk-21\bin\nio.dll
Event: 0.315 Loaded shared library C:\Program Files\Java\jdk-21\bin\zip.dll
Event: 0.765 Loaded shared library C:\Program Files\JetBrains\IntelliJ IDEA Community Edition 2023.1.3\bin\breakgen64.dll
Event: 0.789 Loaded shared library C:\Program Files\Java\jdk-21\bin\extnet.dll
Event: 0.837 Loaded shared library C:\Program Files\Java\jdk-21\bin\jimage.dll
Event: 8.061 Loaded shared library C:\Program Files\Java\jdk-21\bin\sunmscapi.dll
Event: 11.849 Loaded shared library C:\Program Files\Java\jdk-21\bin\management.dll
Event: 11.856 Loaded shared library C:\Program Files\Java\jdk-21\bin\management_ext.dll

Deoptimization events (20 events):
Event: 12.351 Thread 0x000002b83bc28b40 Uncommon trap: trap_request=0xffffff45 fr.pc=0x000002b84bd67ef4 relative=0x00000000000019b4
Event: 12.351 Thread 0x000002b83bc28b40 Uncommon trap: reason=unstable_if action=reinterpret pc=0x000002b84bd67ef4 method=org.springframework.asm.Frame.merge(Lorg/springframework/asm/SymbolTable;Lorg/springframework/asm/Frame;I)Z @ 354 c2
Event: 12.351 Thread 0x000002b83bc28b40 DEOPT PACKING pc=0x000002b84bd67ef4 sp=0x000000d86bbfb620
Event: 12.351 Thread 0x000002b83bc28b40 DEOPT UNPACKING pc=0x000002b84b6046a2 sp=0x000000d86bbfb5c8 mode 2
Event: 12.353 Thread 0x000002b83bc28b40 Uncommon trap: trap_request=0xffffff45 fr.pc=0x000002b84bd5e998 relative=0x00000000000002b8
Event: 12.353 Thread 0x000002b83bc28b40 Uncommon trap: reason=unstable_if action=reinterpret pc=0x000002b84bd5e998 method=org.springframework.asm.Frame.merge(Lorg/springframework/asm/SymbolTable;I[II)Z @ 22 c2
Event: 12.353 Thread 0x000002b83bc28b40 DEOPT PACKING pc=0x000002b84bd5e998 sp=0x000000d86bbfb5b0
Event: 12.353 Thread 0x000002b83bc28b40 DEOPT UNPACKING pc=0x000002b84b6046a2 sp=0x000000d86bbfb530 mode 2
Event: 12.378 Thread 0x000002b83bc28b40 Uncommon trap: trap_request=0xffffffde fr.pc=0x000002b84bca46f8 relative=0x0000000000000f58
Event: 12.378 Thread 0x000002b83bc28b40 Uncommon trap: reason=class_check action=maybe_recompile pc=0x000002b84bca46f8 method=java.util.HashMap.computeIfAbsent(Ljava/lang/Object;Ljava/util/function/Function;)Ljava/lang/Object; @ 188 c2
Event: 12.378 Thread 0x000002b83bc28b40 DEOPT PACKING pc=0x000002b84bca46f8 sp=0x000000d86bbfc360
Event: 12.378 Thread 0x000002b83bc28b40 DEOPT UNPACKING pc=0x000002b84b6046a2 sp=0x000000d86bbfc328 mode 2
Event: 12.394 Thread 0x000002b83bc28b40 Uncommon trap: trap_request=0xffffffde fr.pc=0x000002b84bca46f8 relative=0x0000000000000f58
Event: 12.394 Thread 0x000002b83bc28b40 Uncommon trap: reason=class_check action=maybe_recompile pc=0x000002b84bca46f8 method=java.util.HashMap.computeIfAbsent(Ljava/lang/Object;Ljava/util/function/Function;)Ljava/lang/Object; @ 188 c2
Event: 12.394 Thread 0x000002b83bc28b40 DEOPT PACKING pc=0x000002b84bca46f8 sp=0x000000d86bbfe0a0
Event: 12.394 Thread 0x000002b83bc28b40 DEOPT UNPACKING pc=0x000002b84b6046a2 sp=0x000000d86bbfe068 mode 2
Event: 12.402 Thread 0x000002b83bc28b40 Uncommon trap: trap_request=0xffffff45 fr.pc=0x000002b84bd0840c relative=0x000000000000006c
Event: 12.402 Thread 0x000002b83bc28b40 Uncommon trap: reason=unstable_if action=reinterpret pc=0x000002b84bd0840c method=java.lang.ClassLoader.createOrGetClassLoaderValueMap()Ljava/util/concurrent/ConcurrentHashMap; @ 6 c2
Event: 12.402 Thread 0x000002b83bc28b40 DEOPT PACKING pc=0x000002b84bd0840c sp=0x000000d86bbfcb90
Event: 12.402 Thread 0x000002b83bc28b40 DEOPT UNPACKING pc=0x000002b84b6046a2 sp=0x000000d86bbfcb18 mode 2

Classes loaded (20 events):
Event: 12.365 Loading class jdk/internal/reflect/Label$PatchInfo
Event: 12.366 Loading class jdk/internal/reflect/Label$PatchInfo done
Event: 12.366 Loading class jdk/internal/reflect/MethodAccessorGenerator$1
Event: 12.366 Loading class jdk/internal/reflect/MethodAccessorGenerator$1 done
Event: 12.366 Loading class jdk/internal/reflect/ClassDefiner
Event: 12.366 Loading class jdk/internal/reflect/ClassDefiner done
Event: 12.366 Loading class jdk/internal/reflect/ClassDefiner$1
Event: 12.366 Loading class jdk/internal/reflect/ClassDefiner$1 done
Event: 12.366 Loading class jdk/internal/reflect/SerializationConstructorAccessorImpl
Event: 12.367 Loading class jdk/internal/reflect/SerializationConstructorAccessorImpl done
Event: 12.444 Loading class java/io/EOFException
Event: 12.444 Loading class java/io/EOFException done
Event: 12.445 Loading class javax/net/ssl/SSLException
Event: 12.445 Loading class javax/net/ssl/SSLException done
Event: 12.462 Loading class java/nio/channels/CompletionHandler
Event: 12.462 Loading class java/nio/channels/CompletionHandler done
Event: 12.508 Loading class java/util/concurrent/ScheduledThreadPoolExecutor$ScheduledFutureTask
Event: 12.520 Loading class java/util/concurrent/ScheduledThreadPoolExecutor$ScheduledFutureTask done
Event: 12.520 Loading class java/util/concurrent/Executors$RunnableAdapter
Event: 12.531 Loading class java/util/concurrent/Executors$RunnableAdapter done

Classes unloaded (0 events):
No events

Classes redefined (0 events):
No events

Internal exceptions (20 events):
Event: 11.557 Thread 0x000002b83bc28b40 Exception <a 'java/lang/NoSuchMethodError'{0x000000008d4f0b78}: 'void java.lang.invoke.DirectMethodHandle$Holder.invokeInterface(java.lang.Object, java.lang.Object, int)'> (0x000000008d4f0b78) 
thrown [s\open\src\hotspot\share\interpreter\linkResolver.cpp, line 773]
Event: 11.560 Thread 0x000002b83bc28b40 Exception <a 'java/lang/IncompatibleClassChangeError'{0x000000008d333380}: Found class java.lang.Object, but interface was expected> (0x000000008d333380) 
thrown [s\open\src\hotspot\share\interpreter\linkResolver.cpp, line 840]
Event: 11.561 Thread 0x000002b83bc28b40 Exception <a 'java/lang/NoSuchMethodError'{0x000000008d3413e8}: 'int java.lang.invoke.DirectMethodHandle$Holder.invokeSpecialIFC(java.lang.Object, java.lang.Object, java.lang.Object)'> (0x000000008d3413e8) 
thrown [s\open\src\hotspot\share\interpreter\linkResolver.cpp, line 773]
Event: 11.563 Thread 0x000002b83bc28b40 Exception <a 'java/lang/NoSuchMethodError'{0x000000008d355fb0}: 'void java.lang.invoke.DirectMethodHandle$Holder.invokeStatic(java.lang.Object, int, java.lang.Object)'> (0x000000008d355fb0) 
thrown [s\open\src\hotspot\share\interpreter\linkResolver.cpp, line 773]
Event: 11.568 Thread 0x000002b83bc28b40 Exception <a 'java/lang/NoSuchMethodError'{0x000000008d38c898}: 'void java.lang.invoke.DirectMethodHandle$Holder.invokeStatic(java.lang.Object, java.lang.Object, java.lang.Object, int, java.lang.Object)'> (0x000000008d38c898) 
thrown [s\open\src\hotspot\share\interpreter\linkResolver.cpp, line 773]
Event: 11.569 Thread 0x000002b83bc28b40 Exception <a 'java/lang/NoSuchMethodError'{0x000000008d393050}: 'java.lang.Object java.lang.invoke.DirectMethodHandle$Holder.newInvokeSpecial(java.lang.Object, java.lang.Object, java.lang.Object, int)'> (0x000000008d393050) 
thrown [s\open\src\hotspot\share\interpreter\linkResolver.cpp, line 773]
Event: 11.569 Thread 0x000002b83bc28b40 Exception <a 'java/lang/NoSuchMethodError'{0x000000008d396e40}: 'java.lang.Object java.lang.invoke.DirectMethodHandle$Holder.invokeSpecial(java.lang.Object, java.lang.Object, java.lang.Object, java.lang.Object, int)'> (0x000000008d396e40) 
thrown [s\open\src\hotspot\share\interpreter\linkResolver.cpp, line 773]
Event: 11.569 Thread 0x000002b83bc28b40 Exception <a 'java/lang/NoSuchMethodError'{0x000000008d39a2c8}: 'java.lang.Object java.lang.invoke.Invokers$Holder.linkToTargetMethod(java.lang.Object, java.lang.Object, int, java.lang.Object)'> (0x000000008d39a2c8) 
thrown [s\open\src\hotspot\share\interpreter\linkResolver.cpp, line 773]
Event: 11.654 Thread 0x000002b83bc28b40 Exception <a 'java/lang/NoSuchMethodError'{0x000000008d0d9a68}: 'java.lang.Object java.lang.invoke.DirectMethodHandle$Holder.invokeStaticInit(java.lang.Object, int, int, int, int)'> (0x000000008d0d9a68) 
thrown [s\open\src\hotspot\share\interpreter\linkResolver.cpp, line 773]
Event: 11.688 Thread 0x000002b83bc28b40 Exception <a 'java/lang/NoSuchMethodError'{0x000000008cfaa448}: 'java.lang.Object java.lang.invoke.DirectMethodHandle$Holder.invokeStaticInit(java.lang.Object, java.lang.Object, int, int, int, int)'> (0x000000008cfaa448) 
thrown [s\open\src\hotspot\share\interpreter\linkResolver.cpp, line 773]
Event: 11.811 Thread 0x000002b83bc28b40 Exception <a 'java/lang/NoSuchMethodError'{0x000000008c871d80}: 'int java.lang.invoke.DirectMethodHandle$Holder.invokeVirtual(java.lang.Object, java.lang.Object, java.lang.Object, java.lang.Object)'> (0x000000008c871d80) 
thrown [s\open\src\hotspot\share\interpreter\linkResolver.cpp, line 773]
Event: 11.811 Thread 0x000002b83bc28b40 Exception <a 'java/lang/NoSuchMethodError'{0x000000008c875600}: 'int java.lang.invoke.DelegatingMethodHandle$Holder.reinvoke_L(java.lang.Object, java.lang.Object, java.lang.Object, java.lang.Object)'> (0x000000008c875600) 
thrown [s\open\src\hotspot\share\interpreter\linkResolver.cpp, line 773]
Event: 11.879 Thread 0x000002b83bc28b40 Exception <a 'java/io/FileNotFoundException'{0x0000000091b7abb0}> (0x0000000091b7abb0) 
thrown [s\open\src\hotspot\share\prims\jni.cpp, line 520]
Event: 12.013 Thread 0x000002b83bc28b40 Exception <a 'java/lang/NoSuchMethodError'{0x000000008fabd418}: 'int java.lang.invoke.DirectMethodHandle$Holder.invokeInterface(java.lang.Object, java.lang.Object, java.lang.Object, java.lang.Object)'> (0x000000008fabd418) 
thrown [s\open\src\hotspot\share\interpreter\linkResolver.cpp, line 773]
Event: 12.090 Thread 0x000002b83bc28b40 Exception <a 'java/lang/NoSuchMethodError'{0x000000008f8afc18}: 'java.lang.Object java.lang.invoke.DirectMethodHandle$Holder.invokeStaticInit(java.lang.Object, java.lang.Object, java.lang.Object, java.lang.Object)'> (0x000000008f8afc18) 
thrown [s\open\src\hotspot\share\interpreter\linkResolver.cpp, line 773]
Event: 12.093 Thread 0x000002b83bc28b40 Exception <a 'java/lang/IncompatibleClassChangeError'{0x000000008f8c13f8}: Found class java.lang.Object, but interface was expected> (0x000000008f8c13f8) 
thrown [s\open\src\hotspot\share\interpreter\linkResolver.cpp, line 840]
Event: 12.094 Thread 0x000002b83bc28b40 Exception <a 'java/lang/IncompatibleClassChangeError'{0x000000008f8cd7f8}: Found class java.lang.Object, but interface was expected> (0x000000008f8cd7f8) 
thrown [s\open\src\hotspot\share\interpreter\linkResolver.cpp, line 840]
Event: 12.099 Thread 0x000002b83bc28b40 Exception <a 'java/lang/IncompatibleClassChangeError'{0x000000008f8f6f40}: Found class java.lang.Object, but interface was expected> (0x000000008f8f6f40) 
thrown [s\open\src\hotspot\share\interpreter\linkResolver.cpp, line 840]
Event: 12.338 Thread 0x000002b83bc28b40 Exception <a 'java/lang/NoSuchMethodError'{0x0000000091ba0d98}: 'int java.lang.invoke.DirectMethodHandle$Holder.invokeStaticInit(java.lang.Object, int, java.lang.Object, java.lang.Object, java.lang.Object, java.lang.Object)'> (0x0000000091ba0d98) 
thrown [s\open\src\hotspot\share\interpreter\linkResolver.cpp, line 773]
Event: 12.462 Thread 0x000002b83bc28b40 Exception <a 'java/lang/NoSuchMethodError'{0x000000008fa94db0}: 'long java.lang.invoke.DirectMethodHandle$Holder.invokeVirtual(java.lang.Object, java.lang.Object)'> (0x000000008fa94db0) 
thrown [s\open\src\hotspot\share\interpreter\linkResolver.cpp, line 773]

ZGC Phase Switch (0 events):
No events

VM Operations (20 events):
Event: 11.864 Executing VM operation: HandshakeAllThreads (Deoptimize)
Event: 11.864 Executing VM operation: HandshakeAllThreads (Deoptimize) done
Event: 11.945 Executing VM operation: HandshakeAllThreads (Deoptimize)
Event: 11.945 Executing VM operation: HandshakeAllThreads (Deoptimize) done
Event: 12.284 Executing VM operation: CollectForMetadataAllocation (Metadata GC Threshold)
Event: 12.298 Executing VM operation: CollectForMetadataAllocation (Metadata GC Threshold) done
Event: 12.313 Executing VM operation: G1PauseRemark
Event: 12.321 Executing VM operation: G1PauseRemark done
Event: 12.328 Executing VM operation: G1PauseCleanup
Event: 12.328 Executing VM operation: G1PauseCleanup done
Event: 12.345 Executing VM operation: HandshakeAllThreads (Deoptimize)
Event: 12.345 Executing VM operation: HandshakeAllThreads (Deoptimize) done
Event: 12.349 Executing VM operation: HandshakeAllThreads (Deoptimize)
Event: 12.349 Executing VM operation: HandshakeAllThreads (Deoptimize) done
Event: 12.412 Executing VM operation: HandshakeAllThreads (Deoptimize)
Event: 12.412 Executing VM operation: HandshakeAllThreads (Deoptimize) done
Event: 12.413 Executing VM operation: HandshakeAllThreads (Deoptimize)
Event: 12.413 Executing VM operation: HandshakeAllThreads (Deoptimize) done
Event: 12.473 Executing VM operation: HandshakeAllThreads (Deoptimize)
Event: 12.473 Executing VM operation: HandshakeAllThreads (Deoptimize) done

Events (20 events):
Event: 12.320 Thread 0x000002b8586f0e40 flushing nmethod 0x000002b84bb7f310
Event: 12.320 Thread 0x000002b8586f0e40 flushing nmethod 0x000002b84bb7ee10
Event: 12.320 Thread 0x000002b8586f0e40 flushing nmethod 0x000002b84bb7ce90
Event: 12.320 Thread 0x000002b8586f0e40 flushing nmethod 0x000002b84bb8c190
Event: 12.320 Thread 0x000002b8586f0e40 flushing nmethod 0x000002b84bb7c310
Event: 12.320 Thread 0x000002b8586f0e40 flushing nmethod 0x000002b84bb83b10
Event: 12.320 Thread 0x000002b8586f0e40 flushing nmethod 0x000002b84bb7bf10
Event: 12.320 Thread 0x000002b8586f0e40 flushing nmethod 0x000002b84bb7bb90
Event: 12.320 Thread 0x000002b8586f0e40 flushing nmethod 0x000002b84bb7b890
Event: 12.320 Thread 0x000002b8586f0e40 flushing nmethod 0x000002b84bb78690
Event: 12.320 Thread 0x000002b8586f0e40 flushing nmethod 0x000002b84bb6f490
Event: 12.320 Thread 0x000002b8586f0e40 flushing nmethod 0x000002b84bb5f610
Event: 12.320 Thread 0x000002b8586f0e40 flushing nmethod 0x000002b84bb6c990
Event: 12.320 Thread 0x000002b8586f0e40 flushing nmethod 0x000002b84bb69f10
Event: 12.320 Thread 0x000002b8586f0e40 flushing nmethod 0x000002b84bb68d10
Event: 12.320 Thread 0x000002b8586f0e40 flushing nmethod 0x000002b84bb68190
Event: 12.320 Thread 0x000002b8586f0e40 flushing nmethod 0x000002b84bb67710
Event: 12.320 Thread 0x000002b8586f0e40 flushing nmethod 0x000002b84bb66d10
Event: 12.320 Thread 0x000002b8586f0e40 flushing nmethod 0x000002b84bb62a90
Event: 12.320 Thread 0x000002b8586f0e40 flushing nmethod 0x000002b84bb51490


Dynamic libraries:
0x00007ff7c5fa0000 - 0x00007ff7c5fb0000 	C:\Program Files\Java\jdk-21\bin\java.exe
0x00007ffa01c20000 - 0x00007ffa01e83000 	C:\WINDOWS\SYSTEM32\ntdll.dll
0x00007ffa01620000 - 0x00007ffa016e7000 	C:\WINDOWS\System32\KERNEL32.DLL
0x00007ff9ff430000 - 0x00007ff9ff7f9000 	C:\WINDOWS\System32\KERNELBASE.dll
0x00007ff9fef60000 - 0x00007ff9ff0ac000 	C:\WINDOWS\System32\ucrtbase.dll
0x00007ff9dd090000 - 0x00007ff9dd0a9000 	C:\Program Files\Java\jdk-21\bin\jli.dll
0x00007ffa000c0000 - 0x00007ffa00172000 	C:\WINDOWS\System32\ADVAPI32.dll
0x00007ffa017f0000 - 0x00007ffa01899000 	C:\WINDOWS\System32\msvcrt.dll
0x00007ffa00440000 - 0x00007ffa004e6000 	C:\WINDOWS\System32\sechost.dll
0x00007ff9ffb10000 - 0x00007ff9ffc26000 	C:\WINDOWS\System32\RPCRT4.dll
0x00007ffa009a0000 - 0x00007ffa00b6a000 	C:\WINDOWS\System32\USER32.dll
0x00007ff9ffa10000 - 0x00007ff9ffa37000 	C:\WINDOWS\System32\win32u.dll
0x00007ffa018a0000 - 0x00007ffa018ca000 	C:\WINDOWS\System32\GDI32.dll
0x00007ff9fee20000 - 0x00007ff9fef51000 	C:\WINDOWS\System32\gdi32full.dll
0x00007ff9ff0b0000 - 0x00007ff9ff153000 	C:\WINDOWS\System32\msvcp_win.dll
0x00007ff9dd070000 - 0x00007ff9dd08b000 	C:\Program Files\Java\jdk-21\bin\VCRUNTIME140.dll
0x00007ff9f70e0000 - 0x00007ff9f70eb000 	C:\WINDOWS\SYSTEM32\VERSION.dll
0x00007ff9e4590000 - 0x00007ff9e4820000 	C:\WINDOWS\WinSxS\amd64_microsoft.windows.common-controls_6595b64144ccf1df_6.0.26100.3323_none_3e088096e3344490\COMCTL32.dll
0x00007ffa018e0000 - 0x00007ffa0190f000 	C:\WINDOWS\System32\IMM32.DLL
0x00007ff9dd960000 - 0x00007ff9dd96c000 	C:\Program Files\Java\jdk-21\bin\vcruntime140_1.dll
0x00007ff9dcfe0000 - 0x00007ff9dd06e000 	C:\Program Files\Java\jdk-21\bin\msvcp140.dll
0x00007ff9d6ff0000 - 0x00007ff9d7d07000 	C:\Program Files\Java\jdk-21\bin\server\jvm.dll
0x00007ffa008f0000 - 0x00007ffa00964000 	C:\WINDOWS\System32\WS2_32.dll
0x00007ff9fecd0000 - 0x00007ff9fed1e000 	C:\WINDOWS\SYSTEM32\POWRPROF.dll
0x00007ff9f57f0000 - 0x00007ff9f5826000 	C:\WINDOWS\SYSTEM32\WINMM.dll
0x00007ff9fec90000 - 0x00007ff9feca4000 	C:\WINDOWS\SYSTEM32\UMPDC.dll
0x00007ff9fdbc0000 - 0x00007ff9fdbda000 	C:\WINDOWS\SYSTEM32\kernel.appcore.dll
0x00007ff9dcf80000 - 0x00007ff9dcf8a000 	C:\Program Files\Java\jdk-21\bin\jimage.dll
0x00007ff9f2140000 - 0x00007ff9f2381000 	C:\WINDOWS\SYSTEM32\DBGHELP.DLL
0x00007ffa01290000 - 0x00007ffa01612000 	C:\WINDOWS\System32\combase.dll
0x00007ffa01b00000 - 0x00007ffa01bd6000 	C:\WINDOWS\System32\OLEAUT32.dll
0x00007ff9e0b10000 - 0x00007ff9e0b49000 	C:\WINDOWS\SYSTEM32\dbgcore.DLL
0x00007ff9ff2d0000 - 0x00007ff9ff369000 	C:\WINDOWS\System32\bcryptPrimitives.dll
0x00007ff9f9990000 - 0x00007ff9f999f000 	C:\Program Files\Java\jdk-21\bin\instrument.dll
0x00007ff9dcf60000 - 0x00007ff9dcf7f000 	C:\Program Files\Java\jdk-21\bin\java.dll
0x00007ffa00b70000 - 0x00007ffa01285000 	C:\WINDOWS\System32\SHELL32.dll
0x00007ff9ff160000 - 0x00007ff9ff2c8000 	C:\WINDOWS\System32\wintypes.dll
0x00007ff9fcae0000 - 0x00007ff9fd325000 	C:\WINDOWS\SYSTEM32\windows.storage.dll
0x00007ffa00180000 - 0x00007ffa0026b000 	C:\WINDOWS\System32\SHCORE.dll
0x00007ffa00270000 - 0x00007ffa002cd000 	C:\WINDOWS\System32\shlwapi.dll
0x00007ff9fed30000 - 0x00007ff9fed5f000 	C:\WINDOWS\SYSTEM32\profapi.dll
0x00007ff9d6170000 - 0x00007ff9d6247000 	C:\Program Files\Java\jdk-21\bin\jsvml.dll
0x00007ff9d5ea0000 - 0x00007ff9d5eb8000 	C:\Program Files\Java\jdk-21\bin\zip.dll
0x00007ff9dceb0000 - 0x00007ff9dcec0000 	C:\Program Files\Java\jdk-21\bin\net.dll
0x00007ff9f6b40000 - 0x00007ff9f6c5e000 	C:\WINDOWS\SYSTEM32\WINHTTP.dll
0x00007ff9fe160000 - 0x00007ff9fe1ca000 	C:\WINDOWS\system32\mswsock.dll
0x00007ff9d6850000 - 0x00007ff9d6866000 	C:\Program Files\Java\jdk-21\bin\nio.dll
0x00007ff9f6f30000 - 0x00007ff9f6f4a000 	C:\Program Files\JetBrains\IntelliJ IDEA Community Edition 2023.1.3\bin\breakgen64.dll
0x00007ff9cfe80000 - 0x00007ff9cfe89000 	C:\Program Files\Java\jdk-21\bin\extnet.dll
0x00007ff9fd630000 - 0x00007ff9fd663000 	C:\WINDOWS\SYSTEM32\IPHLPAPI.DLL
0x00007ffa002d0000 - 0x00007ffa002da000 	C:\WINDOWS\System32\NSI.dll
0x00007ff9fd6c0000 - 0x00007ff9fd7e5000 	C:\WINDOWS\SYSTEM32\DNSAPI.dll
0x00007ff9f8290000 - 0x00007ff9f829b000 	C:\Windows\System32\rasadhlp.dll
0x00007ff9f60a0000 - 0x00007ff9f6125000 	C:\WINDOWS\System32\fwpuclnt.dll
0x00007ff9cfc80000 - 0x00007ff9cfc8e000 	C:\Program Files\Java\jdk-21\bin\sunmscapi.dll
0x00007ff9ff800000 - 0x00007ff9ff977000 	C:\WINDOWS\System32\CRYPT32.dll
0x00007ff9fe600000 - 0x00007ff9fe630000 	C:\WINDOWS\SYSTEM32\ncrypt.dll
0x00007ff9fe5b0000 - 0x00007ff9fe5ef000 	C:\WINDOWS\SYSTEM32\NTASN1.dll
0x00007ff9fe400000 - 0x00007ff9fe41c000 	C:\WINDOWS\SYSTEM32\CRYPTSP.dll
0x00007ff9fdb80000 - 0x00007ff9fdbba000 	C:\WINDOWS\system32\rsaenh.dll
0x00007ff9fe200000 - 0x00007ff9fe22b000 	C:\WINDOWS\SYSTEM32\USERENV.dll
0x00007ff9fe640000 - 0x00007ff9fe666000 	C:\WINDOWS\SYSTEM32\bcrypt.dll
0x00007ff9fe420000 - 0x00007ff9fe42c000 	C:\WINDOWS\SYSTEM32\CRYPTBASE.dll
0x00007ff9c4e10000 - 0x00007ff9c4e1a000 	C:\Program Files\Java\jdk-21\bin\management.dll
0x00007ff9c3950000 - 0x00007ff9c395b000 	C:\Program Files\Java\jdk-21\bin\management_ext.dll
0x00007ffa00730000 - 0x00007ffa00738000 	C:\WINDOWS\System32\PSAPI.DLL

dbghelp: loaded successfully - version: 4.0.5 - missing functions: none
symbol engine: initialized successfully - sym options: 0x614 - pdb path: .;C:\Program Files\Java\jdk-21\bin;C:\WINDOWS\SYSTEM32;C:\WINDOWS\WinSxS\amd64_microsoft.windows.common-controls_6595b64144ccf1df_6.0.26100.3323_none_3e088096e3344490;C:\Program Files\Java\jdk-21\bin\server;C:\Program Files\JetBrains\IntelliJ IDEA Community Edition 2023.1.3\bin

VM Arguments:
jvm_args: -javaagent:C:\Program Files\JetBrains\IntelliJ IDEA Community Edition 2023.1.3\lib\idea_rt.jar=59757:C:\Program Files\JetBrains\IntelliJ IDEA Community Edition 2023.1.3\bin -Dfile.encoding=UTF-8 -Dsun.stdout.encoding=UTF-8 -Dsun.stderr.encoding=UTF-8 
java_command: com.shopee.api_gateway.ApiGatewayApplication
java_class_path (initial): C:\Users\Hritika\IdeaProjects\Shopee\api-gateway\target\classes;C:\Users\Hritika\.m2\repository\org\springframework\cloud\spring-cloud-starter-gateway-mvc\4.2.0\spring-cloud-starter-gateway-mvc-4.2.0.jar;C:\Users\Hritika\.m2\repository\org\springframework\cloud\spring-cloud-starter\4.2.0\spring-cloud-starter-4.2.0.jar;C:\Users\Hritika\.m2\repository\org\springframework\cloud\spring-cloud-context\4.2.0\spring-cloud-context-4.2.0.jar;C:\Users\Hritika\.m2\repository\org\springframework\cloud\spring-cloud-commons\4.2.0\spring-cloud-commons-4.2.0.jar;C:\Users\Hritika\.m2\repository\org\bouncycastle\bcprov-jdk18on\1.78.1\bcprov-jdk18on-1.78.1.jar;C:\Users\Hritika\.m2\repository\org\springframework\cloud\spring-cloud-gateway-server-mvc\4.2.0\spring-cloud-gateway-server-mvc-4.2.0.jar;C:\Users\Hritika\.m2\repository\org\springframework\boot\spring-boot-starter-validation\3.4.3\spring-boot-starter-validation-3.4.3.jar;C:\Users\Hritika\.m2\repository\org\apache\tomcat\embed\tomcat-embed-el\10.1.36\tomcat-embed-el-10.1.36.jar;C:\Users\Hritika\.m2\repository\org\hibernate\validator\hibernate-validator\8.0.2.Final\hibernate-validator-8.0.2.Final.jar;C:\Users\Hritika\.m2\repository\org\jboss\logging\jboss-logging\3.6.1.Final\jboss-logging-3.6.1.Final.jar;C:\Users\Hritika\.m2\repository\com\fasterxml\classmate\1.7.0\classmate-1.7.0.jar;C:\Users\Hritika\.m2\repository\org\springframework\boot\spring-boot-starter-web\3.4.3\spring-boot-starter-web-3.4.3.jar;C:\Users\Hritika\.m2\repository\org\springframework\boot\spring-boot-starter-json\3.4.3\spring-boot-starter-json-3.4.3.jar;C:\Users\Hritika\.m2\repository\com\fasterxml\jackson\datatype\jackson-datatype-jdk8\2.18.2\jackson-datatype-jdk8-2.18.2.jar;C:\Users\Hritika\.m2\repository\com\fasterxml\jackson\module\jackson-module-parameter-names\2.18.2\jackson-module-parameter-names-2.18.2.jar;C:\Users\Hritika\.m2\repository\org\springframework\boot\spring-boot-starter-tomcat\3.4.3\spring-boot-starter-tomcat-3.4.3.jar;C:\Users\Hritika\.m2\repository\org\apache\tomcat\embed\tomcat-embed-core\10.1.36\tomcat-embed-core-10.1.36.jar;C:\Users\Hritika\.m2\repository\org\apache\tomcat\embed\tomcat-embed-websocket\10.1.36\tomcat-embed-websocket-10.1.36.jar;C:\Users\Hritika\.m2\repository\org\springframework\spring-web\6.2.3\spring-web-6.2.3.jar;C:\Users\Hritika\.m2\repository\org\springframework\boot\spring-boot-starter-oauth2-resource-server\3.4.3\spring-boot-starter-oauth2-resource-server-3.4.3.jar;C:\Users\Hritika\.m2\repository\org\springframework\boot\spring-boot-starter\3.4.3\spring-boot-starter-3.4.3.jar;C:\Users\Hritika\.m2\repository\org\springframework\boot\spring-boot\3.4.3\spring-boot-3.4.3.jar;C:\Users\Hritika\.m2\repository\org\springframework\boot\spring-boot-autoconfigure\3.4.3\spring-boot-autoconfigure-3.4.3.jar;C:\Users\Hritika\.m2\repository\org\springframework\boot\spring-boot-starter-logging\3.4.3\spring-boot-starter-logging-3.4.3.jar;C:\Users\Hritika\.m2\repository\ch\qos\logback\logback-classic\1.5.16\logback-classic-1.5.16.jar;C:\Users\Hritika\.m2\repository\ch\qos\logback\logback-core\1.5.16\logback-core-1.5.16.jar;C:\Users\Hritika\.m2\repository\org\apache\logging\log4j\log4j-to-slf4j\2.24.3\log4j-to-slf4j-2.24.3.jar;C:\Users\Hritika\.m2\repository\org\apache\logging\log4j\log4j-api\2.24.3\log4j-api-2.24.3.jar;C:\Users\Hritika\.m2\repository\org\slf4j\jul-to-slf4j\2.0.16\jul-to-slf4j-2.0.16.jar;C:\Users\Hritika\.m2\repository\jakarta\annotation\jakarta.annotation-api\2.1.1\jakarta.annotation-api-2.1.1.jar;C:\Users\Hritika\.m2\repository\org\yaml\snakeyaml\2.3\snakeyaml-2.3.jar;C:\Users\Hritika\.m2\repository\org\springframework\security\spring-security-config\6.4.3\spring-security-config-6.4.3.jar;C:\Users\Hritika\.m2\repository\org\springframework\spring-aop\6.2.3\spring-aop-6.2.3.jar;C:\Users\Hritika\.m2\repository\org\springframework\spring-beans\6.2.3\spring-beans-6.2.3.jar;C:\Users\Hritika\.m2\repository\org\springframework\spring-context\6.2.3\spring-context-6.2.3.jar;C:\Users\Hritika\.m2\repository\org\springframework\security\spring-security-core\6.4.3\spring-security-core-6.4.3.jar;C:\Users\Hritika\.m2\repository\org\springframework\security\spring-security-crypto\6.4.3\spring-security-crypto-6.4.3.jar;C:\Users\Hritika\.m2\repository\org\springframework\spring-expression\6.2.3\spring-expression-6.2.3.jar;C:\Users\Hritika\.m2\repository\org\springframework\security\spring-security-oauth2-resource-server\6.4.3\spring-security-oauth2-resource-server-6.4.3.jar;C:\Users\Hritika\.m2\repository\org\springframework\security\spring-security-oauth2-core\6.4.3\spring-security-oauth2-core-6.4.3.jar;C:\Users\Hritika\.m2\repository\org\springframework\security\spring-security-web\6.4.3\spring-security-web-6.4.3.jar;C:\Users\Hritika\.m2\repository\org\springframework\security\spring-security-oauth2-jose\6.4.3\spring-security-oauth2-jose-6.4.3.jar;C:\Users\Hritika\.m2\repository\com\nimbusds\nimbus-jose-jwt\9.37.3\nimbus-jose-jwt-9.37.3.jar;C:\Users\Hritika\.m2\repository\com\github\stephenc\jcip\jcip-annotations\1.0-1\jcip-annotations-1.0-1.jar;C:\Users\Hritika\.m2\repository\org\slf4j\slf4j-api\2.0.16\slf4j-api-2.0.16.jar;C:\Users\Hritika\.m2\repository\jakarta\xml\bind\jakarta.xml.bind-api\4.0.2\jakarta.xml.bind-api-4.0.2.jar;C:\Users\Hritika\.m2\repository\jakarta\activation\jakarta.activation-api\2.1.3\jakarta.activation-api-2.1.3.jar;C:\Users\Hritika\.m2\repository\org\springframework\spring-core\6.2.3\spring-core-6.2.3.jar;C:\Users\Hritika\.m2\repository\org\springframework\spring-jcl\6.2.3\spring-jcl-6.2.3.jar;C:\Users\Hritika\.m2\repository\org\springdoc\springdoc-openapi-starter-webmvc-ui\2.8.5\springdoc-openapi-starter-webmvc-ui-2.8.5.jar;C:\Users\Hritika\.m2\repository\org\webjars\swagger-ui\5.18.3\swagger-ui-5.18.3.jar;C:\Users\Hritika\.m2\repository\org\webjars\webjars-locator-lite\1.0.1\webjars-locator-lite-1.0.1.jar;C:\Users\Hritika\.m2\repository\org\jspecify\jspecify\1.0.0\jspecify-1.0.0.jar;C:\Users\Hritika\.m2\repository\org\springdoc\springdoc-openapi-starter-webmvc-api\2.8.5\springdoc-openapi-starter-webmvc-api-2.8.5.jar;C:\Users\Hritika\.m2\repository\org\springdoc\springdoc-openapi-starter-common\2.8.5\springdoc-openapi-starter-common-2.8.5.jar;C:\Users\Hritika\.m2\repository\io\swagger\core\v3\swagger-core-jakarta\2.2.28\swagger-core-jakarta-2.2.28.jar;C:\Users\Hritika\.m2\repository\org\apache\commons\commons-lang3\3.17.0\commons-lang3-3.17.0.jar;C:\Users\Hritika\.m2\repository\io\swagger\core\v3\swagger-annotations-jakarta\2.2.28\swagger-annotations-jakarta-2.2.28.jar;C:\Users\Hritika\.m2\repository\io\swagger\core\v3\swagger-models-jakarta\2.2.28\swagger-models-jakarta-2.2.28.jar;C:\Users\Hritika\.m2\repository\jakarta\validation\jakarta.validation-api\3.0.2\jakarta.validation-api-3.0.2.jar;C:\Users\Hritika\.m2\repository\com\fasterxml\jackson\core\jackson-annotations\2.18.2\jackson-annotations-2.18.2.jar;C:\Users\Hritika\.m2\repository\com\fasterxml\jackson\dataformat\jackson-dataformat-yaml\2.18.2\jackson-dataformat-yaml-2.18.2.jar;C:\Users\Hritika\.m2\repository\org\springframework\spring-webmvc\6.2.3\spring-webmvc-6.2.3.jar;C:\Users\Hritika\.m2\repository\org\springframework\cloud\spring-cloud-starter-circuitbreaker-resilience4j\3.2.0\spring-cloud-starter-circuitbreaker-resilience4j-3.2.0.jar;C:\Users\Hritika\.m2\repository\org\springframework\cloud\spring-cloud-circuitbreaker-resilience4j\3.2.0\spring-cloud-circuitbreaker-resilience4j-3.2.0.jar;C:\Users\Hritika\.m2\repository\io\github\resilience4j\resilience4j-spring-boot3\2.2.0\resilience4j-spring-boot3-2.2.0.jar;C:\Users\Hritika\.m2\repository\io\github\resilience4j\resilience4j-spring6\2.2.0\resilience4j-spring6-2.2.0.jar;C:\Users\Hritika\.m2\repository\io\github\resilience4j\resilience4j-annotations\2.2.0\resilience4j-annotations-2.2.0.jar;C:\Users\Hritika\.m2\repository\io\github\resilience4j\resilience4j-consumer\2.2.0\resilience4j-consumer-2.2.0.jar;C:\Users\Hritika\.m2\repository\io\github\resilience4j\resilience4j-circularbuffer\2.2.0\resilience4j-circularbuffer-2.2.0.jar;C:\Users\Hritika\.m2\repository\io\github\resilience4j\resilience4j-framework-common\2.2.0\resilience4j-framework-common-2.2.0.jar;C:\Users\Hritika\.m2\repository\io\github\resilience4j\resilience4j-micrometer\2.2.0\resilience4j-micrometer-2.2.0.jar;C:\Users\Hritika\.m2\repository\io\github\resilience4j\resilience4j-retry\2.2.0\resilience4j-retry-2.2.0.jar;C:\Users\Hritika\.m2\repository\io\github\resilience4j\resilience4j-ratelimiter\2.2.0\resilience4j-ratelimiter-2.2.0.jar;C:\Users\Hritika\.m2\repository\org\springframework\boot\spring-boot-configuration-processor\3.4.3\spring-boot-configuration-processor-3.4.3.jar;C:\Users\Hritika\.m2\repository\io\github\resilience4j\resilience4j-circuitbreaker\2.2.0\resilience4j-circuitbreaker-2.2.0.jar;C:\Users\Hritika\.m2\repository\io\github\resilience4j\resilience4j-core\2.2.0\resilience4j-core-2.2.0.jar;C:\Users\Hritika\.m2\repository\io\github\resilience4j\resilience4j-timelimiter\2.2.0\resilience4j-timelimiter-2.2.0.jar;C:\Users\Hritika\.m2\repository\org\springframework\boot\spring-boot-starter-actuator\3.4.3\spring-boot-starter-actuator-3.4.3.jar;C:\Users\Hritika\.m2\repository\org\springframework\boot\spring-boot-actuator-autoconfigure\3.4.3\spring-boot-actuator-autoconfigure-3.4.3.jar;C:\Users\Hritika\.m2\repository\org\springframework\boot\spring-boot-actuator\3.4.3\spring-boot-actuator-3.4.3.jar;C:\Users\Hritika\.m2\repository\com\fasterxml\jackson\core\jackson-databind\2.18.2\jackson-databind-2.18.2.jar;C:\Users\Hritika\.m2\repository\com\fasterxml\jackson\core\jackson-core\2.18.2\jackson-core-2.18.2.jar;C:\Users\Hritika\.m2\repository\com\fasterxml\jackson\datatype\jackson-datatype-jsr310\2.18.2\jackson-datatype-jsr310-2.18.2.jar;C:\Users\Hritika\.m2\repository\io\micrometer\micrometer-observation\1.14.4\micrometer-observation-1.14.4.jar;C:\Users\Hritika\.m2\repository\io\micrometer\micrometer-commons\1.14.4\micrometer-commons-1.14.4.jar;C:\Users\Hritika\.m2\repository\io\micrometer\micrometer-jakarta9\1.14.4\micrometer-jakarta9-1.14.4.jar;C:\Users\Hritika\.m2\repository\io\micrometer\micrometer-core\1.14.4\micrometer-core-1.14.4.jar;C:\Users\Hritika\.m2\repository\org\hdrhistogram\HdrHistogram\2.2.2\HdrHistogram-2.2.2.jar;C:\Users\Hritika\.m2\repository\org\latencyutils\LatencyUtils\2.0.3\LatencyUtils-2.0.3.jar
Launcher Type: SUN_STANDARD

[Global flags]
     intx CICompilerCount                          = 4                                         {product} {ergonomic}
     uint ConcGCThreads                            = 3                                         {product} {ergonomic}
     uint G1ConcRefinementThreads                  = 10                                        {product} {ergonomic}
   size_t G1HeapRegionSize                         = 1048576                                   {product} {ergonomic}
    uintx GCDrainStackTargetSize                   = 64                                        {product} {ergonomic}
   size_t InitialHeapSize                          = 123731968                                 {product} {ergonomic}
   size_t MarkStackSize                            = 4194304                                   {product} {ergonomic}
   size_t MaxHeapSize                              = 1973420032                                {product} {ergonomic}
   size_t MaxNewSize                               = 1183842304                                {product} {ergonomic}
   size_t MinHeapDeltaBytes                        = 1048576                                   {product} {ergonomic}
   size_t MinHeapSize                              = 8388608                                   {product} {ergonomic}
    uintx NonNMethodCodeHeapSize                   = 5839372                                {pd product} {ergonomic}
    uintx NonProfiledCodeHeapSize                  = 122909434                              {pd product} {ergonomic}
    uintx ProfiledCodeHeapSize                     = 122909434                              {pd product} {ergonomic}
    uintx ReservedCodeCacheSize                    = 251658240                              {pd product} {ergonomic}
     bool SegmentedCodeCache                       = true                                      {product} {ergonomic}
   size_t SoftMaxHeapSize                          = 1973420032                             {manageable} {ergonomic}
     bool UseCompressedOops                        = true                           {product lp64_product} {ergonomic}
     bool UseG1GC                                  = true                                      {product} {ergonomic}
     bool UseLargePagesIndividualAllocation        = false                                  {pd product} {ergonomic}

Logging:
Log output configuration:
 #0: stdout all=warning uptime,level,tags foldmultilines=false
 #1: stderr all=off uptime,level,tags foldmultilines=false

Environment Variables:
JAVA_HOME=C:\Program Files\Java\jdk-21
PATH=C:\chromedriver\chromedriver.exe;C:\Program Files\NVIDIA GPU Computing Toolkit\CUDA\v12.3\bin;C:\Program Files\NVIDIA GPU Computing Toolkit\CUDA\v12.3\libnvvp;C:\Program Files\Common Files\Oracle\Java\javapath;C:\oraclexe\app\oracle\product\11.2.0\server\bin;C:\windows\system32;C:\windows;C:\windows\System32\Wbem;C:\windows\System32\WindowsPowerShell\v1.0\;C:\windows\System32\OpenSSH\;C:\Program Files (x86)\NVIDIA Corporation\PhysX\Common;C:\Program Files\NVIDIA Corporation\NVIDIA NvDLISR;C:\WINDOWS\system32;C:\WINDOWS;C:\WINDOWS\System32\Wbem;C:\WINDOWS\System32\WindowsPowerShell\v1.0\;C:\WINDOWS\System32\OpenSSH\;C:\Program Files (x86)\dotnet\;C:\php-8.2.0;C:\Program Files\Git\cmd;C:\Program Files\dotnet\;C:\Program Files\MySQL\MySQL Server 8.0\bin;C:\Program Files\Java\jdk-19\bin;C:\Program Files\apache-maven-3.9.2-bin\apache-maven-3.9.2\bin;C:\Program Files\CMake\bin;C:\Program Files\nodejs\;C:\Program Files\swipl\bin;C:\Program Files\MongoDB\Server\7.0\bin;C:\Program Files\mongoshell\mongosh-2.1.1-win32-x64\mongosh-2.1.1-win32-x64\bin;C:\mongodb-database-tools-windows-x86_64-100.9.3\mongodb-database-tools-windows-x86_64-100.9.3\bin;C:\Program Files\Docker\Docker\resources\bin;C:\Program Files\Java\jdk-21;C:\Program Files (x86)\Windows Kits\10\Windows Performance Toolkit\;C:\Program Files\NVIDIA Corporation\Nsight Compute 2023.3.1\;C:\CuDNN\cudnn-windows-x86_64-8.9.7.29_cuda12-archive\cudnn-windows-x86_64-8.9.7.29_cuda12-archive\bin;C:\CuDNN\cudnn-windows-x86_64-8.9.7.29_cuda12-archive\cudnn-windows-x86_64-8.9.7.29_cuda12-archive\include;C:\CuDNN\cudnn-windows-x86_64-8.9.7.29_cuda12-archive\cudnn-windows-x86_64-8.9.7.29_cuda12-archive\lib\x64;C:\chromedriver\chromedriver.exe;C:\Program Files\MySQL\MySQL Shell 8.0\bin\;C:\Users\Hritika\AppData\Local\Programs\Python\Python311\Scripts\;C:\Users\Hritika\AppData\Local\Programs\Python\Python311\;C:\Users\Hritika\AppData\Local\Microsoft\WindowsApps;C:\msys64\mingw64\bin;C:\modeltech64_10.6d\win64;C:\Program Files\Git\cmd;C:\Program Files\heroku\bin;C:\Users\Hritika\.dotnet\tools;C:\Program Files\JetBrains\IntelliJ IDEA Community Edition 2023.1.3\bin;;C:\Users\Hritika\AppData\Roaming\npm;C:\Program Files\MongoDB\Server\7.0\bin;C:\Users\Hritika\AppData\Local\Programs\Microsoft VS Code\bin
USERNAME=Hritika
OS=Windows_NT
PROCESSOR_IDENTIFIER=AMD64 Family 25 Model 80 Stepping 0, AuthenticAMD
TMP=C:\Users\Hritika\AppData\Local\Temp
TEMP=C:\Users\Hritika\AppData\Local\Temp




Periodic native trim disabled

---------------  S Y S T E M  ---------------

OS:
 Windows 11 , 64 bit Build 26100 (10.0.26100.3323)
OS uptime: 0 days 0:22 hours
Hyper-V role detected

CPU: total 12 (initial active 12) (12 cores per cpu, 2 threads per core) family 25 model 80 stepping 0 microcode 0xa50000d, cx8, cmov, fxsr, ht, mmx, 3dnowpref, sse, sse2, sse3, ssse3, sse4a, sse4.1, sse4.2, popcnt, lzcnt, tsc, tscinvbit, avx, avx2, aes, erms, clmul, bmi1, bmi2, adx, sha, fma, vzeroupper, clflush, clflushopt, hv, rdtscp, rdpid, fsrm, f16c, cet_ss
Processor Information for processor 0
  Max Mhz: 3301, Current Mhz: 3301, Mhz Limit: 3301
Processor Information for processor 1
  Max Mhz: 3301, Current Mhz: 3301, Mhz Limit: 3301
Processor Information for processor 2
  Max Mhz: 3301, Current Mhz: 3301, Mhz Limit: 3301
Processor Information for processor 3
  Max Mhz: 3301, Current Mhz: 3301, Mhz Limit: 3301
Processor Information for processor 4
  Max Mhz: 3301, Current Mhz: 3301, Mhz Limit: 3301
Processor Information for processor 5
  Max Mhz: 3301, Current Mhz: 3301, Mhz Limit: 3301
Processor Information for processor 6
  Max Mhz: 3301, Current Mhz: 3301, Mhz Limit: 3301
Processor Information for processor 7
  Max Mhz: 3301, Current Mhz: 3301, Mhz Limit: 3301
Processor Information for processor 8
  Max Mhz: 3301, Current Mhz: 1805, Mhz Limit: 3301
Processor Information for processor 9
  Max Mhz: 3301, Current Mhz: 1805, Mhz Limit: 3301
Processor Information for processor 10
  Max Mhz: 3301, Current Mhz: 1805, Mhz Limit: 3301
Processor Information for processor 11
  Max Mhz: 3301, Current Mhz: 1805, Mhz Limit: 3301

Memory: 4k page, system-wide physical 7521M (88M free)
TotalPageFile size 24848M (AvailPageFile size 26M)
current process WorkingSet (physical memory assigned to process): 177M, peak: 189M
current process commit charge ("private bytes"): 247M, peak: 256M

vm_info: Java HotSpot(TM) 64-Bit Server VM (21.0.2+13-LTS-58) for windows-amd64 JRE (21.0.2+13-LTS-58), built on 2024-01-05T18:32:24Z by "mach5one" with MS VC++ 17.1 (VS2022)

END.
