#
# There is insufficient memory for the Java Runtime Environment to continue.
# Native memory allocation (malloc) failed to allocate 1048576 bytes. Error detail: AllocateHeap
# Possible reasons:
#   The system is out of physical RAM or swap space
#   This process is running with CompressedOops enabled, and the Java Heap may be blocking the growth of the native heap
# Possible solutions:
#   Reduce memory load on the system
#   Increase physical memory or swap space
#   Check if swap backing store is full
#   Decrease Java heap size (-Xmx/-Xms)
#   Decrease number of Java threads
#   Decrease Java thread stack sizes (-Xss)
#   Set larger code cache with -XX:ReservedCodeCacheSize=
#   JVM is running with Unscaled Compressed Oops mode in which the Java heap is
#     placed in the first 4GB address space. The Java Heap base address is the
#     maximum limit for the native heap growth. Please use -XX:HeapBaseMinAddress
#     to set the Java Heap base and to place the Java Heap above 4GB virtual address.
# This output file may be truncated or incomplete.
#
#  Out of Memory Error (allocation.cpp:44), pid=24908, tid=20700
#
# JRE version:  (21.0.7+6) (build )
# Java VM: OpenJDK 64-Bit Server VM (21.0.7+6-LTS, mixed mode, tiered, compressed oops, compressed class ptrs, parallel gc, windows-amd64)
# No core dump will be written. Minidumps are not enabled by default on client versions of Windows
#

---------------  S U M M A R Y ------------

Command Line: --add-modules=ALL-SYSTEM --add-opens=java.base/java.util=ALL-UNNAMED --add-opens=java.base/java.lang=ALL-UNNAMED --add-opens=java.base/sun.nio.fs=ALL-UNNAMED -Declipse.application=org.eclipse.jdt.ls.core.id1 -Dosgi.bundles.defaultStartLevel=4 -Declipse.product=org.eclipse.jdt.ls.core.product -Djava.import.generatesMetadataFilesAtProjectRoot=false -DDetectVMInstallationsJob.disabled=true -Dfile.encoding=utf8 -XX:+UseParallelGC -XX:GCTimeRatio=4 -XX:AdaptiveSizePolicyWeight=90 -Dsun.zip.disableMemoryMapping=true -Xmx1G -Xms100m -Xlog:disable -javaagent:c:\Users\Hritika\.vscode\extensions\redhat.java-1.42.0-win32-x64\lombok\lombok-1.18.36.jar -XX:+HeapDumpOnOutOfMemoryError -XX:HeapDumpPath=c:\Users\Hritika\AppData\Roaming\Code\User\workspaceStorage\a55487cbe25240846b63fe759499b150\redhat.java -Daether.dependencyCollector.impl=bf c:\Users\Hritika\.vscode\extensions\redhat.java-1.42.0-win32-x64\server\plugins\org.eclipse.equinox.launcher_1.7.0.v20250424-1814.jar -configuration c:\Users\Hritika\AppData\Roaming\Code\User\globalStorage\redhat.java\1.42.0\config_win -data c:\Users\Hritika\AppData\Roaming\Code\User\workspaceStorage\a55487cbe25240846b63fe759499b150\redhat.java\jdt_ws --pipe=\\.\pipe\lsp-f11c415e3d601d3ace21caad8f9e1c6d-sock

Host: AMD Ryzen 5 5600H with Radeon Graphics         , 12 cores, 7G,  Windows 11 , 64 bit Build 26100 (10.0.26100.3323)
Time: Fri May 23 03:12:58 2025 India Standard Time elapsed time: 0.144693 seconds (0d 0h 0m 0s)

---------------  T H R E A D  ---------------

Current thread (0x0000021500cce4e0):  JavaThread "Unknown thread" [_thread_in_vm, id=20700, stack(0x000000d9c2e00000,0x000000d9c2f00000) (1024K)]

Stack: [0x000000d9c2e00000,0x000000d9c2f00000]
Native frames: (J=compiled Java code, j=interpreted, Vv=VM code, C=native code)
V  [jvm.dll+0x6ce119]
V  [jvm.dll+0x8a84a1]
V  [jvm.dll+0x8aa9ce]
V  [jvm.dll+0x8ab0b3]
V  [jvm.dll+0x27f8a6]
V  [jvm.dll+0xbfba7]
V  [jvm.dll+0x702092]
V  [jvm.dll+0x702dcc]
V  [jvm.dll+0x6dcc63]
V  [jvm.dll+0x871dbc]
V  [jvm.dll+0x3bc47c]
V  [jvm.dll+0x85a848]
V  [jvm.dll+0x45080e]
V  [jvm.dll+0x452451]
C  [jli.dll+0x5278]
C  [ucrtbase.dll+0x37b0]
C  [KERNEL32.DLL+0x2e8d7]
C  [ntdll.dll+0xbbf6c]


---------------  P R O C E S S  ---------------

Threads class SMR info:
_java_thread_list=0x00000215030e8e70, length=1, elements={
0x0000021500cce4e0
}

Java Threads: ( => current thread )
=>0x0000021500cce4e0 JavaThread "Unknown thread"             [_thread_in_vm, id=20700, stack(0x000000d9c2e00000,0x000000d9c2f00000) (1024K)]
Total: 1

Other Threads:
  0x000002151738ca00 WatcherThread "VM Periodic Task Thread"        [id=21016, stack(0x000000d9c3000000,0x000000d9c3100000) (1024K)]
  0x00000215030df350 WorkerThread "GC Thread#0"                     [id=24856, stack(0x000000d9c2f00000,0x000000d9c3000000) (1024K)]
Total: 2

Threads with active compile tasks:
Total: 0

VM state: not at safepoint (normal execution)

VM Mutex/Monitor currently owned by a thread: None

Heap address: 0x00000000c0000000, size: 1024 MB, Compressed Oops mode: 32-bit

CDS archive(s) not mapped
Compressed class space mapped at: 0x0000000100000000-0x0000000140000000, reserved size: 1073741824
Narrow klass base: 0x0000000000000000, Narrow klass shift: 3, Narrow klass range: 0x140000000

GC Precious Log:
 CardTable entry size: 512
 CPUs: 12 total, 12 available
 Memory: 7521M
 Large Page Support: Disabled
 NUMA Support: Disabled
 Compressed Oops: Enabled (32-bit)
 Alignments: Space 512K, Generation 512K, Heap 2M
 Heap Min Capacity: 100M
 Heap Initial Capacity: 100M
 Heap Max Capacity: 1G
 Pre-touch: Disabled
 Parallel Workers: 10

Heap:
 PSYoungGen      total 29696K, used 512K [0x00000000eab00000, 0x00000000ecc00000, 0x0000000100000000)
  eden space 25600K, 2% used [0x00000000eab00000,0x00000000eab80070,0x00000000ec400000)
  from space 4096K, 0% used [0x00000000ec800000,0x00000000ec800000,0x00000000ecc00000)
  to   space 4096K, 0% used [0x00000000ec400000,0x00000000ec400000,0x00000000ec800000)
 ParOldGen       total 68608K, used 0K [0x00000000c0000000, 0x00000000c4300000, 0x00000000eab00000)
  object space 68608K, 0% used [0x00000000c0000000,0x00000000c0000000,0x00000000c4300000)
 Metaspace       used 1392K, committed 1472K, reserved 1114112K
  class space    used 109K, committed 128K, reserved 1048576K

Card table byte_map: [0x0000021502a60000,0x0000021502c70000] _byte_map_base: 0x0000021502460000

Marking Bits: (ParMarkBitMap*) 0x00007ffeff3431f0
 Begin Bits: [0x00000215152b0000, 0x00000215162b0000)
 End Bits:   [0x00000215162b0000, 0x00000215172b0000)

Polling page: 0x0000021500c40000

Metaspace:

Usage:
  Non-class:      1.25 MB used.
      Class:    109.62 KB used.
       Both:      1.36 MB used.

Virtual space:
  Non-class space:       64.00 MB reserved,       1.31 MB (  2%) committed,  1 nodes.
      Class space:        1.00 GB reserved,     128.00 KB ( <1%) committed,  1 nodes.
             Both:        1.06 GB reserved,       1.44 MB ( <1%) committed. 

Chunk freelists:
   Non-Class:  12.00 MB
       Class:  15.75 MB
        Both:  27.75 MB

MaxMetaspaceSize: unlimited
CompressedClassSpaceSize: 1.00 GB
Initial GC threshold: 21.00 MB
Current GC threshold: 17179869184.00 GB
CDS: off
 - commit_granule_bytes: 65536.
 - commit_granule_words: 8192.
 - virtual_space_node_default_size: 8388608.
 - enlarge_chunks_in_place: 1.
 - use_allocation_guard: 0.


Internal statistics:

num_allocs_failed_limit: 0.
num_arena_births: 2.
num_arena_deaths: 0.
num_vsnodes_births: 2.
num_vsnodes_deaths: 0.
num_space_committed: 23.
num_space_uncommitted: 0.
num_chunks_returned_to_freelist: 0.
num_chunks_taken_from_freelist: 3.
num_chunk_merges: 0.
num_chunk_splits: 2.
num_chunks_enlarged: 0.
num_inconsistent_stats: 0.

CodeHeap 'non-profiled nmethods': size=120000Kb used=0Kb max_used=0Kb free=120000Kb
 bounds [0x000002150dd80000, 0x000002150dff0000, 0x00000215152b0000]
CodeHeap 'profiled nmethods': size=120000Kb used=0Kb max_used=0Kb free=120000Kb
 bounds [0x00000215062b0000, 0x0000021506520000, 0x000002150d7e0000]
CodeHeap 'non-nmethods': size=5760Kb used=194Kb max_used=342Kb free=5565Kb
 bounds [0x000002150d7e0000, 0x000002150da50000, 0x000002150dd80000]
 total_blobs=70 nmethods=0 adapters=48
 compilation: enabled
              stopped_count=0, restarted_count=0
 full_count=0

Compilation events (0 events):
No events

GC Heap History (0 events):
No events

Dll operation events (2 events):
Event: 0.050 Loaded shared library c:\Users\Hritika\.vscode\extensions\redhat.java-1.42.0-win32-x64\jre\21.0.7-win32-x86_64\bin\java.dll
Event: 0.074 Loaded shared library c:\Users\Hritika\.vscode\extensions\redhat.java-1.42.0-win32-x64\jre\21.0.7-win32-x86_64\bin\zip.dll

Deoptimization events (0 events):
No events

Classes loaded (20 events):
Event: 0.117 Loading class java/util/Iterator
Event: 0.117 Loading class java/util/Iterator done
Event: 0.117 Loading class java/lang/reflect/RecordComponent
Event: 0.117 Loading class java/lang/reflect/RecordComponent done
Event: 0.117 Loading class jdk/internal/vm/vector/VectorSupport
Event: 0.118 Loading class jdk/internal/vm/vector/VectorSupport done
Event: 0.118 Loading class jdk/internal/vm/vector/VectorSupport$VectorPayload
Event: 0.118 Loading class jdk/internal/vm/vector/VectorSupport$VectorPayload done
Event: 0.118 Loading class jdk/internal/vm/vector/VectorSupport$Vector
Event: 0.118 Loading class jdk/internal/vm/vector/VectorSupport$Vector done
Event: 0.118 Loading class jdk/internal/vm/vector/VectorSupport$VectorMask
Event: 0.118 Loading class jdk/internal/vm/vector/VectorSupport$VectorMask done
Event: 0.118 Loading class jdk/internal/vm/vector/VectorSupport$VectorShuffle
Event: 0.118 Loading class jdk/internal/vm/vector/VectorSupport$VectorShuffle done
Event: 0.118 Loading class jdk/internal/vm/FillerObject
Event: 0.118 Loading class jdk/internal/vm/FillerObject done
Event: 0.123 Loading class java/lang/NullPointerException
Event: 0.123 Loading class java/lang/NullPointerException done
Event: 0.123 Loading class java/lang/ArithmeticException
Event: 0.123 Loading class java/lang/ArithmeticException done

Classes unloaded (0 events):
No events

Classes redefined (0 events):
No events

Internal exceptions (0 events):
No events

ZGC Phase Switch (0 events):
No events

VM Operations (0 events):
No events

Memory protections (0 events):
No events

Nmethod flushes (0 events):
No events

Events (1 events):
Event: 0.064 Thread 0x0000021500cce4e0 Thread added: 0x0000021500cce4e0


Dynamic libraries:
0x00007ff684c90000 - 0x00007ff684c9e000 	c:\Users\Hritika\.vscode\extensions\redhat.java-1.42.0-win32-x64\jre\21.0.7-win32-x86_64\bin\java.exe
0x00007fffccc00000 - 0x00007fffcce63000 	C:\WINDOWS\SYSTEM32\ntdll.dll
0x00007fffcac00000 - 0x00007fffcacc7000 	C:\WINDOWS\System32\KERNEL32.DLL
0x00007fffca5a0000 - 0x00007fffca969000 	C:\WINDOWS\System32\KERNELBASE.dll
0x00007fffca0f0000 - 0x00007fffca23c000 	C:\WINDOWS\System32\ucrtbase.dll
0x00007fff9fd70000 - 0x00007fff9fd88000 	c:\Users\Hritika\.vscode\extensions\redhat.java-1.42.0-win32-x64\jre\21.0.7-win32-x86_64\bin\jli.dll
0x00007fffcc920000 - 0x00007fffccaea000 	C:\WINDOWS\System32\USER32.dll
0x00007fffca570000 - 0x00007fffca597000 	C:\WINDOWS\System32\win32u.dll
0x00007fffcb2e0000 - 0x00007fffcb30a000 	C:\WINDOWS\System32\GDI32.dll
0x00007fffca370000 - 0x00007fffca4a1000 	C:\WINDOWS\System32\gdi32full.dll
0x00007fffca970000 - 0x00007fffcaa13000 	C:\WINDOWS\System32\msvcp_win.dll
0x00007fff93ca0000 - 0x00007fff93cbe000 	c:\Users\Hritika\.vscode\extensions\redhat.java-1.42.0-win32-x64\jre\21.0.7-win32-x86_64\bin\VCRUNTIME140.dll
0x00007fffaf7e0000 - 0x00007fffafa70000 	C:\WINDOWS\WinSxS\amd64_microsoft.windows.common-controls_6595b64144ccf1df_6.0.26100.3323_none_3e088096e3344490\COMCTL32.dll
0x00007fffcbcd0000 - 0x00007fffcbd79000 	C:\WINDOWS\System32\msvcrt.dll
0x00007fffcacd0000 - 0x00007fffcacff000 	C:\WINDOWS\System32\IMM32.DLL
0x00007fffc4d10000 - 0x00007fffc4d1c000 	c:\Users\Hritika\.vscode\extensions\redhat.java-1.42.0-win32-x64\jre\21.0.7-win32-x86_64\bin\vcruntime140_1.dll
0x00007fff1c020000 - 0x00007fff1c0ad000 	c:\Users\Hritika\.vscode\extensions\redhat.java-1.42.0-win32-x64\jre\21.0.7-win32-x86_64\bin\msvcp140.dll
0x00007ffefe690000 - 0x00007ffeff420000 	c:\Users\Hritika\.vscode\extensions\redhat.java-1.42.0-win32-x64\jre\21.0.7-win32-x86_64\bin\server\jvm.dll
0x00007fffcbef0000 - 0x00007fffcbfa2000 	C:\WINDOWS\System32\ADVAPI32.dll
0x00007fffcc6e0000 - 0x00007fffcc786000 	C:\WINDOWS\System32\sechost.dll
0x00007fffcb830000 - 0x00007fffcb946000 	C:\WINDOWS\System32\RPCRT4.dll
0x00007fffccb40000 - 0x00007fffccbb4000 	C:\WINDOWS\System32\WS2_32.dll
0x00007fffc9cb0000 - 0x00007fffc9cfe000 	C:\WINDOWS\SYSTEM32\POWRPROF.dll
0x00007fffc0020000 - 0x00007fffc0056000 	C:\WINDOWS\SYSTEM32\WINMM.dll
0x00007fffc1460000 - 0x00007fffc146b000 	C:\WINDOWS\SYSTEM32\VERSION.dll
0x00007fffc9c70000 - 0x00007fffc9c84000 	C:\WINDOWS\SYSTEM32\UMPDC.dll
0x00007fffc8b60000 - 0x00007fffc8b7a000 	C:\WINDOWS\SYSTEM32\kernel.appcore.dll
0x00007fffc3d90000 - 0x00007fffc3d9a000 	c:\Users\Hritika\.vscode\extensions\redhat.java-1.42.0-win32-x64\jre\21.0.7-win32-x86_64\bin\jimage.dll
0x00007fffbd030000 - 0x00007fffbd271000 	C:\WINDOWS\SYSTEM32\DBGHELP.DLL
0x00007fffcae40000 - 0x00007fffcb1c2000 	C:\WINDOWS\System32\combase.dll
0x00007fffcc790000 - 0x00007fffcc866000 	C:\WINDOWS\System32\OLEAUT32.dll
0x00007fffaab30000 - 0x00007fffaab69000 	C:\WINDOWS\SYSTEM32\dbgcore.DLL
0x00007fffca2d0000 - 0x00007fffca369000 	C:\WINDOWS\System32\bcryptPrimitives.dll
0x00007fffc1dd0000 - 0x00007fffc1ddf000 	c:\Users\Hritika\.vscode\extensions\redhat.java-1.42.0-win32-x64\jre\21.0.7-win32-x86_64\bin\instrument.dll
0x00007fff92550000 - 0x00007fff9256f000 	c:\Users\Hritika\.vscode\extensions\redhat.java-1.42.0-win32-x64\jre\21.0.7-win32-x86_64\bin\java.dll
0x00007fff8fd60000 - 0x00007fff8fd78000 	c:\Users\Hritika\.vscode\extensions\redhat.java-1.42.0-win32-x64\jre\21.0.7-win32-x86_64\bin\zip.dll

dbghelp: loaded successfully - version: 4.0.5 - missing functions: none
symbol engine: initialized successfully - sym options: 0x614 - pdb path: .;c:\Users\Hritika\.vscode\extensions\redhat.java-1.42.0-win32-x64\jre\21.0.7-win32-x86_64\bin;C:\WINDOWS\SYSTEM32;C:\WINDOWS\WinSxS\amd64_microsoft.windows.common-controls_6595b64144ccf1df_6.0.26100.3323_none_3e088096e3344490;c:\Users\Hritika\.vscode\extensions\redhat.java-1.42.0-win32-x64\jre\21.0.7-win32-x86_64\bin\server

VM Arguments:
jvm_args: --add-modules=ALL-SYSTEM --add-opens=java.base/java.util=ALL-UNNAMED --add-opens=java.base/java.lang=ALL-UNNAMED --add-opens=java.base/sun.nio.fs=ALL-UNNAMED -Declipse.application=org.eclipse.jdt.ls.core.id1 -Dosgi.bundles.defaultStartLevel=4 -Declipse.product=org.eclipse.jdt.ls.core.product -Djava.import.generatesMetadataFilesAtProjectRoot=false -DDetectVMInstallationsJob.disabled=true -Dfile.encoding=utf8 -XX:+UseParallelGC -XX:GCTimeRatio=4 -XX:AdaptiveSizePolicyWeight=90 -Dsun.zip.disableMemoryMapping=true -Xmx1G -Xms100m -Xlog:disable -javaagent:c:\Users\Hritika\.vscode\extensions\redhat.java-1.42.0-win32-x64\lombok\lombok-1.18.36.jar -XX:+HeapDumpOnOutOfMemoryError -XX:HeapDumpPath=c:\Users\Hritika\AppData\Roaming\Code\User\workspaceStorage\a55487cbe25240846b63fe759499b150\redhat.java -Daether.dependencyCollector.impl=bf 
java_command: c:\Users\Hritika\.vscode\extensions\redhat.java-1.42.0-win32-x64\server\plugins\org.eclipse.equinox.launcher_1.7.0.v20250424-1814.jar -configuration c:\Users\Hritika\AppData\Roaming\Code\User\globalStorage\redhat.java\1.42.0\config_win -data c:\Users\Hritika\AppData\Roaming\Code\User\workspaceStorage\a55487cbe25240846b63fe759499b150\redhat.java\jdt_ws --pipe=\\.\pipe\lsp-f11c415e3d601d3ace21caad8f9e1c6d-sock
java_class_path (initial): c:\Users\Hritika\.vscode\extensions\redhat.java-1.42.0-win32-x64\server\plugins\org.eclipse.equinox.launcher_1.7.0.v20250424-1814.jar
Launcher Type: SUN_STANDARD

[Global flags]
    uintx AdaptiveSizePolicyWeight                 = 90                                        {product} {command line}
     intx CICompilerCount                          = 4                                         {product} {ergonomic}
    uintx GCTimeRatio                              = 4                                         {product} {command line}
     bool HeapDumpOnOutOfMemoryError               = true                                   {manageable} {command line}
    ccstr HeapDumpPath                             = c:\Users\Hritika\AppData\Roaming\Code\User\workspaceStorage\a55487cbe25240846b63fe759499b150\redhat.java         {manageable} {command line}
   size_t InitialHeapSize                          = 104857600                                 {product} {command line}
   size_t MaxHeapSize                              = 1073741824                                {product} {command line}
   size_t MaxNewSize                               = 357564416                                 {product} {ergonomic}
   size_t MinHeapDeltaBytes                        = 524288                                    {product} {ergonomic}
   size_t MinHeapSize                              = 104857600                                 {product} {command line}
   size_t NewSize                                  = 34603008                                  {product} {ergonomic}
    uintx NonNMethodCodeHeapSize                   = 5839372                                {pd product} {ergonomic}
    uintx NonProfiledCodeHeapSize                  = 122909434                              {pd product} {ergonomic}
   size_t OldSize                                  = 70254592                                  {product} {ergonomic}
    uintx ProfiledCodeHeapSize                     = 122909434                              {pd product} {ergonomic}
    uintx ReservedCodeCacheSize                    = 251658240                              {pd product} {ergonomic}
     bool SegmentedCodeCache                       = true                                      {product} {ergonomic}
   size_t SoftMaxHeapSize                          = 1073741824                             {manageable} {ergonomic}
     bool UseCompressedOops                        = true                           {product lp64_product} {ergonomic}
     bool UseLargePagesIndividualAllocation        = false                                  {pd product} {ergonomic}
     bool UseParallelGC                            = true                                      {product} {command line}

Logging:
Log output configuration:
 #0: stdout all=off uptime,level,tags foldmultilines=false
 #1: stderr all=off uptime,level,tags foldmultilines=false

Environment Variables:
JAVA_HOME=C:\Program Files\Java\jdk-21
PATH=C:\chromedriver\chromedriver.exe;C:\Program Files\NVIDIA GPU Computing Toolkit\CUDA\v12.3\bin;C:\Program Files\NVIDIA GPU Computing Toolkit\CUDA\v12.3\libnvvp;C:\Program Files\Common Files\Oracle\Java\javapath;C:\oraclexe\app\oracle\product\11.2.0\server\bin;C:\windows\system32;C:\windows;C:\windows\System32\Wbem;C:\windows\System32\WindowsPowerShell\v1.0\;C:\windows\System32\OpenSSH\;C:\Program Files (x86)\NVIDIA Corporation\PhysX\Common;C:\Program Files\NVIDIA Corporation\NVIDIA NvDLISR;C:\WINDOWS\system32;C:\WINDOWS;C:\WINDOWS\System32\Wbem;C:\WINDOWS\System32\WindowsPowerShell\v1.0\;C:\WINDOWS\System32\OpenSSH\;C:\Program Files (x86)\dotnet\;C:\php-8.2.0;C:\Program Files\Git\cmd;C:\Program Files\dotnet\;C:\Program Files\MySQL\MySQL Server 8.0\bin;C:\Program Files\Java\jdk-19\bin;C:\Program Files\apache-maven-3.9.2-bin\apache-maven-3.9.2\bin;C:\Program Files\CMake\bin;C:\Program Files\nodejs\;C:\Program Files\swipl\bin;C:\Program Files\MongoDB\Server\7.0\bin;C:\Program Files\mongoshell\mongosh-2.1.1-win32-x64\mongosh-2.1.1-win32-x64\bin;C:\mongodb-database-tools-windows-x86_64-100.9.3\mongodb-database-tools-windows-x86_64-100.9.3\bin;C:\Program Files\Docker\Docker\resources\bin;C:\Program Files\Java\jdk-21;C:\Program Files (x86)\Windows Kits\10\Windows Performance Toolkit\;C:\Program Files\NVIDIA Corporation\Nsight Compute 2023.3.1\;C:\CuDNN\cudnn-windows-x86_64-8.9.7.29_cuda12-archive\cudnn-windows-x86_64-8.9.7.29_cuda12-archive\bin;C:\CuDNN\cudnn-windows-x86_64-8.9.7.29_cuda12-archive\cudnn-windows-x86_64-8.9.7.29_cuda12-archive\include;C:\CuDNN\cudnn-windows-x86_64-8.9.7.29_cuda12-archive\cudnn-windows-x86_64-8.9.7.29_cuda12-archive\lib\x64;C:\chromedriver\chromedriver.exe;C:\Program Files\MySQL\MySQL Shell 8.0\bin\;C:\Users\Hritika\AppData\Local\Programs\Python\Python311\Scripts\;C:\Users\Hritika\AppData\Local\Programs\Python\Python311\;C:\Users\Hritika\AppData\Local\Microsoft\WindowsApps;C:\msys64\mingw64\bin;C:\modeltech64_10.6d\win64;C:\Program Files\Git\cmd;C:\Program Files\heroku\bin;C:\Users\Hritika\.dotnet\tools;C:\Program Files\JetBrains\IntelliJ IDEA Community Edition 2023.1.3\bin;;C:\Users\Hritika\AppData\Roaming\npm;C:\Program Files\MongoDB\Server\7.0\bin;C:\Users\Hritika\AppData\Local\Programs\Microsoft VS Code\bin
USERNAME=Hritika
OS=Windows_NT
PROCESSOR_IDENTIFIER=AMD64 Family 25 Model 80 Stepping 0, AuthenticAMD
TMP=C:\Users\Hritika\AppData\Local\Temp
TEMP=C:\Users\Hritika\AppData\Local\Temp




Periodic native trim disabled

---------------  S Y S T E M  ---------------

OS:
 Windows 11 , 64 bit Build 26100 (10.0.26100.3323)
OS uptime: 0 days 2:20 hours
Hyper-V role detected

CPU: total 12 (initial active 12) (12 cores per cpu, 2 threads per core) family 25 model 80 stepping 0 microcode 0xa50000d, cx8, cmov, fxsr, ht, mmx, 3dnowpref, sse, sse2, sse3, ssse3, sse4a, sse4.1, sse4.2, popcnt, lzcnt, tsc, tscinvbit, avx, avx2, aes, erms, clmul, bmi1, bmi2, adx, sha, fma, vzeroupper, clflush, clflushopt, hv, rdtscp, rdpid, fsrm, f16c, cet_ss
Processor Information for processor 0
  Max Mhz: 3301, Current Mhz: 1805, Mhz Limit: 3301
Processor Information for processor 1
  Max Mhz: 3301, Current Mhz: 1908, Mhz Limit: 3301
Processor Information for processor 2
  Max Mhz: 3301, Current Mhz: 1908, Mhz Limit: 3301
Processor Information for processor 3
  Max Mhz: 3301, Current Mhz: 1908, Mhz Limit: 3301
Processor Information for processor 4
  Max Mhz: 3301, Current Mhz: 1908, Mhz Limit: 3301
Processor Information for processor 5
  Max Mhz: 3301, Current Mhz: 1908, Mhz Limit: 3301
Processor Information for processor 6
  Max Mhz: 3301, Current Mhz: 1908, Mhz Limit: 3301
Processor Information for processor 7
  Max Mhz: 3301, Current Mhz: 1908, Mhz Limit: 3301
Processor Information for processor 8
  Max Mhz: 3301, Current Mhz: 1908, Mhz Limit: 3301
Processor Information for processor 9
  Max Mhz: 3301, Current Mhz: 1908, Mhz Limit: 3301
Processor Information for processor 10
  Max Mhz: 3301, Current Mhz: 1908, Mhz Limit: 3301
Processor Information for processor 11
  Max Mhz: 3301, Current Mhz: 1908, Mhz Limit: 3301

Memory: 4k page, system-wide physical 7521M (952M free)
TotalPageFile size 19152M (AvailPageFile size 1M)
current process WorkingSet (physical memory assigned to process): 18M, peak: 18M
current process commit charge ("private bytes"): 149M, peak: 157M

vm_info: OpenJDK 64-Bit Server VM (21.0.7+6-LTS) for windows-amd64 JRE (21.0.7+6-LTS), built on 2025-04-15T00:00:00Z by "admin" with MS VC++ 17.7 (VS2022)

END.
