#
# There is insufficient memory for the Java Runtime Environment to continue.
# Native memory allocation (malloc) failed to allocate 332416 bytes for Chunk::new
# Possible reasons:
#   The system is out of physical RAM or swap space
#   The process is running with CompressedOops enabled, and the Java Heap may be blocking the growth of the native heap
# Possible solutions:
#   Reduce memory load on the system
#   Increase physical memory or swap space
#   Check if swap backing store is full
#   Decrease Java heap size (-Xmx/-Xms)
#   Decrease number of Java threads
#   Decrease Java thread stack sizes (-Xss)
#   Set larger code cache with -XX:ReservedCodeCacheSize=
#   JVM is running with Unscaled Compressed Oops mode in which the Java heap is
#     placed in the first 4GB address space. The Java Heap base address is the
#     maximum limit for the native heap growth. Please use -XX:HeapBaseMinAddress
#     to set the Java Heap base and to place the Java Heap above 4GB virtual address.
# This output file may be truncated or incomplete.
#
#  Out of Memory Error (arena.cpp:168), pid=21852, tid=23656
#
# JRE version: Java(TM) SE Runtime Environment (21.0.2+13) (build 21.0.2+13-LTS-58)
# Java VM: Java HotSpot(TM) 64-Bit Server VM (21.0.2+13-LTS-58, mixed mode, sharing, tiered, compressed oops, compressed class ptrs, g1 gc, windows-amd64)
# No core dump will be written. Minidumps are not enabled by default on client versions of Windows
#

---------------  S U M M A R Y ------------

Command Line: -javaagent:C:\Program Files\JetBrains\IntelliJ IDEA Community Edition 2023.1.3\lib\idea_rt.jar=50947:C:\Program Files\JetBrains\IntelliJ IDEA Community Edition 2023.1.3\bin -Dfile.encoding=UTF-8 -Dsun.stdout.encoding=UTF-8 -Dsun.stderr.encoding=UTF-8 com.shopee.microservices.product.ProductServiceApplication

Host: AMD Ryzen 5 5600H with Radeon Graphics         , 12 cores, 7G,  Windows 11 , 64 bit Build 26100 (10.0.26100.3323)
Time: Tue Jun 10 00:47:40 2025 India Standard Time elapsed time: 43038.477507 seconds (0d 11h 57m 18s)

---------------  T H R E A D  ---------------

Current thread (0x00000293b5a71fe0):  JavaThread "C2 CompilerThread0" daemon [_thread_in_native, id=23656, stack(0x000000e40b100000,0x000000e40b200000) (1024K)]


Current CompileTask:
C2:43038477 14714   !   4       jdk.internal.net.http.HttpClientImpl::purgeTimeoutsAndReturnNextDeadline (326 bytes)

Stack: [0x000000e40b100000,0x000000e40b200000]
Native frames: (J=compiled Java code, j=interpreted, Vv=VM code, C=native code)
V  [jvm.dll+0x6cade9]
V  [jvm.dll+0x8569c1]
V  [jvm.dll+0x858d2e]
V  [jvm.dll+0x859413]
V  [jvm.dll+0x280e56]
V  [jvm.dll+0xc3f3d]
V  [jvm.dll+0xc4473]
V  [jvm.dll+0x2f437f]
V  [jvm.dll+0x5f5056]
V  [jvm.dll+0x252d7f]
V  [jvm.dll+0x24b637]
V  [jvm.dll+0x2490a3]
V  [jvm.dll+0x1c9634]
V  [jvm.dll+0x258859]
V  [jvm.dll+0x256e3a]
V  [jvm.dll+0x3ef6c6]
V  [jvm.dll+0x7ff568]
V  [jvm.dll+0x6c953d]
C  [ucrtbase.dll+0x37b0]
C  [KERNEL32.DLL+0x2e8d7]
C  [ntdll.dll+0xbbf6c]


---------------  P R O C E S S  ---------------

Threads class SMR info:
_java_thread_list=0x00000293fd384e20, length=42, elements={
0x00000293b5a64170, 0x00000293b5a6b760, 0x00000293b5a6d450, 0x00000293b5a6e210,
0x00000293b5a6ec70, 0x00000293b5a706e0, 0x00000293b5a71fe0, 0x00000293b5a7c2a0,
0x00000293b5a2f580, 0x00000293fb190f00, 0x00000293fb191570, 0x00000293fbf593b0,
0x00000293fbf59a40, 0x00000293fbf58d20, 0x00000293fbf58690, 0x00000293fbe62620,
0x00000293fbe5f1a0, 0x00000293fbe62cb0, 0x00000293fbe60550, 0x00000293fbe5f830,
0x00000293fbe64060, 0x00000293fbe646f0, 0x00000293fbe63340, 0x00000293fbe639d0,
0x00000293fbe64d80, 0x00000293805b05b0, 0x00000293805aff20, 0x00000293805b1ff0,
0x00000293805b0c40, 0x00000293805b2680, 0x00000293805b12d0, 0x00000293805b1960,
0x00000293805b2d10, 0x00000293805af890, 0x00000293fe937c90, 0x00000293fe935530,
0x00000293fe9368e0, 0x00000293fe938320, 0x00000293fe939040, 0x00000293fe935bc0,
0x0000029380333530, 0x0000029380333bc0
}

Java Threads: ( => current thread )
  0x00000293b5a64170 JavaThread "Reference Handler"          daemon [_thread_blocked, id=15988, stack(0x000000e40ab00000,0x000000e40ac00000) (1024K)]
  0x00000293b5a6b760 JavaThread "Finalizer"                  daemon [_thread_blocked, id=9176, stack(0x000000e40ac00000,0x000000e40ad00000) (1024K)]
  0x00000293b5a6d450 JavaThread "Signal Dispatcher"          daemon [_thread_blocked, id=23688, stack(0x000000e40ad00000,0x000000e40ae00000) (1024K)]
  0x00000293b5a6e210 JavaThread "Attach Listener"            daemon [_thread_blocked, id=6496, stack(0x000000e40ae00000,0x000000e40af00000) (1024K)]
  0x00000293b5a6ec70 JavaThread "Service Thread"             daemon [_thread_blocked, id=22548, stack(0x000000e40af00000,0x000000e40b000000) (1024K)]
  0x00000293b5a706e0 JavaThread "Monitor Deflation Thread"   daemon [_thread_blocked, id=4232, stack(0x000000e40b000000,0x000000e40b100000) (1024K)]
=>0x00000293b5a71fe0 JavaThread "C2 CompilerThread0"         daemon [_thread_in_native, id=23656, stack(0x000000e40b100000,0x000000e40b200000) (1024K)]
  0x00000293b5a7c2a0 JavaThread "C1 CompilerThread0"         daemon [_thread_blocked, id=22544, stack(0x000000e40b200000,0x000000e40b300000) (1024K)]
  0x00000293b5a2f580 JavaThread "Common-Cleaner"             daemon [_thread_blocked, id=23948, stack(0x000000e40b300000,0x000000e40b400000) (1024K)]
  0x00000293fb190f00 JavaThread "Monitor Ctrl-Break"         daemon [_thread_in_native, id=23820, stack(0x000000e40b400000,0x000000e40b500000) (1024K)]
  0x00000293fb191570 JavaThread "Notification Thread"        daemon [_thread_blocked, id=18664, stack(0x000000e40b500000,0x000000e40b600000) (1024K)]
  0x00000293fbf593b0 JavaThread "HttpClient-1-SelectorManager" daemon [_thread_in_native, id=23932, stack(0x000000e40bf00000,0x000000e40c000000) (1024K)]
  0x00000293fbf59a40 JavaThread "loki4j-sender-0"            daemon [_thread_blocked, id=23840, stack(0x000000e40c000000,0x000000e40c100000) (1024K)]
  0x00000293fbf58d20 JavaThread "loki4j-encoder-0"           daemon [_thread_blocked, id=2496, stack(0x000000e40c100000,0x000000e40c200000) (1024K)]
  0x00000293fbf58690 JavaThread "loki4j-scheduler-0"         daemon [_thread_blocked, id=23836, stack(0x000000e40c200000,0x000000e40c300000) (1024K)]
  0x00000293fbe62620 JavaThread "HttpClient-2-SelectorManager" daemon [_thread_in_native, id=17780, stack(0x000000e40c700000,0x000000e40c800000) (1024K)]
  0x00000293fbe5f1a0 JavaThread "Catalina-utility-1"                [_thread_blocked, id=23624, stack(0x000000e40c800000,0x000000e40c900000) (1024K)]
  0x00000293fbe62cb0 JavaThread "Catalina-utility-2"                [_thread_blocked, id=5584, stack(0x000000e40c900000,0x000000e40ca00000) (1024K)]
  0x00000293fbe60550 JavaThread "container-0"                       [_thread_blocked, id=23556, stack(0x000000e40ca00000,0x000000e40cb00000) (1024K)]
  0x00000293fbe5f830 JavaThread "BufferPoolPruner-1-thread-1" daemon [_thread_blocked, id=19476, stack(0x000000e40cb00000,0x000000e40cc00000) (1024K)]
  0x00000293fbe64060 JavaThread "cluster-ClusterId{value='68468b3a74cf0e062be306d0', description='null'}-localhost:27018" daemon [_thread_in_native, id=7948, stack(0x000000e40cc00000,0x000000e40cd00000) (1024K)]
  0x00000293fbe646f0 JavaThread "http-nio-8082-exec-1"       daemon [_thread_blocked, id=14120, stack(0x000000e40ce00000,0x000000e40cf00000) (1024K)]
  0x00000293fbe63340 JavaThread "http-nio-8082-exec-2"       daemon [_thread_blocked, id=6816, stack(0x000000e40cf00000,0x000000e40d000000) (1024K)]
  0x00000293fbe639d0 JavaThread "http-nio-8082-exec-3"       daemon [_thread_blocked, id=16112, stack(0x000000e40d000000,0x000000e40d100000) (1024K)]
  0x00000293fbe64d80 JavaThread "http-nio-8082-exec-4"       daemon [_thread_blocked, id=13212, stack(0x000000e40d100000,0x000000e40d200000) (1024K)]
  0x00000293805b05b0 JavaThread "http-nio-8082-exec-5"       daemon [_thread_in_native, id=10276, stack(0x000000e40d200000,0x000000e40d300000) (1024K)]
  0x00000293805aff20 JavaThread "http-nio-8082-exec-6"       daemon [_thread_blocked, id=3616, stack(0x000000e40d300000,0x000000e40d400000) (1024K)]
  0x00000293805b1ff0 JavaThread "http-nio-8082-exec-7"       daemon [_thread_blocked, id=6148, stack(0x000000e40d400000,0x000000e40d500000) (1024K)]
  0x00000293805b0c40 JavaThread "http-nio-8082-exec-8"       daemon [_thread_blocked, id=20256, stack(0x000000e40d500000,0x000000e40d600000) (1024K)]
  0x00000293805b2680 JavaThread "http-nio-8082-exec-9"       daemon [_thread_blocked, id=16044, stack(0x000000e40d600000,0x000000e40d700000) (1024K)]
  0x00000293805b12d0 JavaThread "http-nio-8082-exec-10"      daemon [_thread_blocked, id=2976, stack(0x000000e40d700000,0x000000e40d800000) (1024K)]
  0x00000293805b1960 JavaThread "http-nio-8082-Poller"       daemon [_thread_in_native, id=18088, stack(0x000000e40d800000,0x000000e40d900000) (1024K)]
  0x00000293805b2d10 JavaThread "http-nio-8082-Acceptor"     daemon [_thread_in_native, id=5096, stack(0x000000e40d900000,0x000000e40da00000) (1024K)]
  0x00000293805af890 JavaThread "Thread-1"                   daemon [_thread_blocked, id=2984, stack(0x000000e40da00000,0x000000e40db00000) (1024K)]
  0x00000293fe937c90 JavaThread "DestroyJavaVM"                     [_thread_blocked, id=1812, stack(0x000000e40a300000,0x000000e40a400000) (1024K)]
  0x00000293fe935530 JavaThread "AsyncReporter{ZipkinRestTemplateSender{http://localhost:9411/api/v2/spans}}" daemon [_thread_blocked, id=16552, stack(0x000000e40c300000,0x000000e40c400000) (1024K)]
  0x00000293fe9368e0 JavaThread "CompletableFutureDelayScheduler" daemon [_thread_blocked, id=18808, stack(0x000000e40db00000,0x000000e40dc00000) (1024K)]
  0x00000293fe938320 JavaThread "ForkJoinPool.commonPool-worker-1" daemon [_thread_blocked, id=21972, stack(0x000000e40dc00000,0x000000e40dd00000) (1024K)]
  0x00000293fe939040 JavaThread "cluster-rtt-ClusterId{value='68468b3a74cf0e062be306d0', description='null'}-localhost:27018" daemon [_thread_blocked, id=23800, stack(0x000000e40dd00000,0x000000e40de00000) (1024K)]
  0x00000293fe935bc0 JavaThread "MaintenanceTimer-2-thread-1" daemon [_thread_blocked, id=23928, stack(0x000000e40de00000,0x000000e40df00000) (1024K)]
  0x0000029380333530 JavaThread "HttpClient-2-Worker-196"    daemon [_thread_blocked, id=17172, stack(0x000000e40a000000,0x000000e40a100000) (1024K)]
  0x0000029380333bc0 JavaThread "HttpClient-2-Worker-197"    daemon [_thread_blocked, id=24196, stack(0x000000e40a100000,0x000000e40a200000) (1024K)]
Total: 42

Other Threads:
  0x00000293b5a469c0 VMThread "VM Thread"                           [id=23072, stack(0x000000e40aa00000,0x000000e40ab00000) (1024K)]
  0x00000293b5a2ec00 WatcherThread "VM Periodic Task Thread"        [id=2712, stack(0x000000e40a900000,0x000000e40aa00000) (1024K)]
  0x0000029398fecc60 WorkerThread "GC Thread#0"                     [id=23852, stack(0x000000e40a400000,0x000000e40a500000) (1024K)]
  0x00000293fbb4dec0 WorkerThread "GC Thread#1"                     [id=23828, stack(0x000000e40b600000,0x000000e40b700000) (1024K)]
  0x00000293fbb4d3e0 WorkerThread "GC Thread#2"                     [id=23788, stack(0x000000e40b700000,0x000000e40b800000) (1024K)]
  0x00000293fbb4d780 WorkerThread "GC Thread#3"                     [id=24020, stack(0x000000e40b800000,0x000000e40b900000) (1024K)]
  0x00000293fbb4e260 WorkerThread "GC Thread#4"                     [id=24024, stack(0x000000e40b900000,0x000000e40ba00000) (1024K)]
  0x00000293fbb4db20 WorkerThread "GC Thread#5"                     [id=24068, stack(0x000000e40ba00000,0x000000e40bb00000) (1024K)]
  0x00000293fbb4d040 WorkerThread "GC Thread#6"                     [id=23936, stack(0x000000e40bb00000,0x000000e40bc00000) (1024K)]
  0x00000293fc41e080 WorkerThread "GC Thread#7"                     [id=23896, stack(0x000000e40bc00000,0x000000e40bd00000) (1024K)]
  0x00000293fc41d200 WorkerThread "GC Thread#8"                     [id=6064, stack(0x000000e40bd00000,0x000000e40be00000) (1024K)]
  0x00000293fc41d940 WorkerThread "GC Thread#9"                     [id=5028, stack(0x000000e40be00000,0x000000e40bf00000) (1024K)]
  0x0000029398ffd600 ConcurrentGCThread "G1 Main Marker"            [id=23752, stack(0x000000e40a500000,0x000000e40a600000) (1024K)]
  0x0000029398ffe100 WorkerThread "G1 Conc#0"                       [id=14624, stack(0x000000e40a600000,0x000000e40a700000) (1024K)]
  0x00000293fc41dce0 WorkerThread "G1 Conc#1"                       [id=23860, stack(0x000000e40c400000,0x000000e40c500000) (1024K)]
  0x00000293fc41d5a0 WorkerThread "G1 Conc#2"                       [id=2636, stack(0x000000e40c500000,0x000000e40c600000) (1024K)]
  0x000002939904e500 ConcurrentGCThread "G1 Refine#0"               [id=22356, stack(0x000000e40a700000,0x000000e40a800000) (1024K)]
  0x00000293b5904190 ConcurrentGCThread "G1 Service"                [id=22328, stack(0x000000e40a800000,0x000000e40a900000) (1024K)]
Total: 18

Threads with active compile tasks:
C2 CompilerThread0  43038550 14714   !   4       jdk.internal.net.http.HttpClientImpl::purgeTimeoutsAndReturnNextDeadline (326 bytes)
Total: 1

VM state: not at safepoint (normal execution)

VM Mutex/Monitor currently owned by a thread: None

Heap address: 0x000000008a600000, size: 1882 MB, Compressed Oops mode: 32-bit

CDS archive(s) mapped at: [0x00000293b6000000-0x00000293b6c90000-0x00000293b6c90000), size 13172736, SharedBaseAddress: 0x00000293b6000000, ArchiveRelocationMode: 1.
Compressed class space mapped at: 0x00000293b7000000-0x00000293f7000000, reserved size: 1073741824
Narrow klass base: 0x00000293b6000000, Narrow klass shift: 0, Narrow klass range: 0x100000000

GC Precious Log:
 CardTable entry size: 512
 Card Set container configuration: InlinePtr #cards 5 size 8 Array Of Cards #cards 12 size 40 Howl #buckets 4 coarsen threshold 1843 Howl Bitmap #cards 512 size 80 coarsen threshold 460 Card regions per heap region 1 cards per card region 2048
 CPUs: 12 total, 12 available
 Memory: 7521M
 Large Page Support: Disabled
 NUMA Support: Disabled
 Compressed Oops: Enabled (32-bit)
 Heap Region Size: 1M
 Heap Min Capacity: 8M
 Heap Initial Capacity: 118M
 Heap Max Capacity: 1882M
 Pre-touch: Disabled
 Parallel Workers: 10
 Concurrent Workers: 3
 Concurrent Refinement Workers: 10
 Periodic GC: Disabled

Heap:
 garbage-first heap   total 119808K, used 44300K [0x000000008a600000, 0x0000000100000000)
  region size 1024K, 14 young (14336K), 1 survivors (1024K)
 Metaspace       used 64771K, committed 65856K, reserved 1114112K
  class space    used 7863K, committed 8384K, reserved 1048576K

Heap Regions: E=young(eden), S=young(survivor), O=old, HS=humongous(starts), HC=humongous(continues), CS=collection set, F=free, TAMS=top-at-mark-start, PB=parsable bottom
|   0|0x000000008a600000, 0x000000008a700000, 0x000000008a700000|100%| O|  |TAMS 0x000000008a600000| PB 0x000000008a600000| Untracked 
|   1|0x000000008a700000, 0x000000008a800000, 0x000000008a800000|100%| O|  |TAMS 0x000000008a700000| PB 0x000000008a700000| Untracked 
|   2|0x000000008a800000, 0x000000008a900000, 0x000000008a900000|100%| O|  |TAMS 0x000000008a800000| PB 0x000000008a800000| Untracked 
|   3|0x000000008a900000, 0x000000008aa00000, 0x000000008aa00000|100%| O|  |TAMS 0x000000008a900000| PB 0x000000008a900000| Untracked 
|   4|0x000000008aa00000, 0x000000008ab00000, 0x000000008ab00000|100%|HS|  |TAMS 0x000000008aa00000| PB 0x000000008aa00000| Complete 
|   5|0x000000008ab00000, 0x000000008ac00000, 0x000000008ac00000|100%|HC|  |TAMS 0x000000008ab00000| PB 0x000000008ab00000| Complete 
|   6|0x000000008ac00000, 0x000000008ad00000, 0x000000008ad00000|100%|HC|  |TAMS 0x000000008ac00000| PB 0x000000008ac00000| Complete 
|   7|0x000000008ad00000, 0x000000008ae00000, 0x000000008ae00000|100%|HC|  |TAMS 0x000000008ad00000| PB 0x000000008ad00000| Complete 
|   8|0x000000008ae00000, 0x000000008af00000, 0x000000008af00000|100%|HC|  |TAMS 0x000000008ae00000| PB 0x000000008ae00000| Complete 
|   9|0x000000008af00000, 0x000000008b000000, 0x000000008b000000|100%| O|  |TAMS 0x000000008af00000| PB 0x000000008af00000| Untracked 
|  10|0x000000008b000000, 0x000000008b100000, 0x000000008b100000|100%| O|  |TAMS 0x000000008b000000| PB 0x000000008b000000| Untracked 
|  11|0x000000008b100000, 0x000000008b200000, 0x000000008b200000|100%| O|  |TAMS 0x000000008b100000| PB 0x000000008b100000| Untracked 
|  12|0x000000008b200000, 0x000000008b300000, 0x000000008b300000|100%| O|  |TAMS 0x000000008b200000| PB 0x000000008b200000| Untracked 
|  13|0x000000008b300000, 0x000000008b400000, 0x000000008b400000|100%| O|  |TAMS 0x000000008b300000| PB 0x000000008b300000| Untracked 
|  14|0x000000008b400000, 0x000000008b500000, 0x000000008b500000|100%| O|  |TAMS 0x000000008b400000| PB 0x000000008b400000| Untracked 
|  15|0x000000008b500000, 0x000000008b600000, 0x000000008b600000|100%| O|  |TAMS 0x000000008b500000| PB 0x000000008b500000| Untracked 
|  16|0x000000008b600000, 0x000000008b700000, 0x000000008b700000|100%| O|  |TAMS 0x000000008b600000| PB 0x000000008b600000| Untracked 
|  17|0x000000008b700000, 0x000000008b700810, 0x000000008b800000|  0%| O|  |TAMS 0x000000008b700000| PB 0x000000008b700000| Untracked 
|  18|0x000000008b800000, 0x000000008b900000, 0x000000008b900000|100%| O|  |TAMS 0x000000008b800000| PB 0x000000008b800000| Untracked 
|  19|0x000000008b900000, 0x000000008ba00000, 0x000000008ba00000|100%| O|  |TAMS 0x000000008b900000| PB 0x000000008b900000| Untracked 
|  20|0x000000008ba00000, 0x000000008bb00000, 0x000000008bb00000|100%| O|  |TAMS 0x000000008ba00000| PB 0x000000008ba00000| Untracked 
|  21|0x000000008bb00000, 0x000000008bc00000, 0x000000008bc00000|100%| O|  |TAMS 0x000000008bb00000| PB 0x000000008bb00000| Untracked 
|  22|0x000000008bc00000, 0x000000008bd00000, 0x000000008bd00000|100%| O|  |TAMS 0x000000008bc00000| PB 0x000000008bc00000| Untracked 
|  23|0x000000008bd00000, 0x000000008be00000, 0x000000008be00000|100%| O|  |TAMS 0x000000008bd00000| PB 0x000000008bd00000| Untracked 
|  24|0x000000008be00000, 0x000000008bf00000, 0x000000008bf00000|100%| O|  |TAMS 0x000000008be00000| PB 0x000000008be00000| Untracked 
|  25|0x000000008bf00000, 0x000000008c000000, 0x000000008c000000|100%| O|  |TAMS 0x000000008bf00000| PB 0x000000008bf00000| Untracked 
|  26|0x000000008c000000, 0x000000008c100000, 0x000000008c100000|100%| O|  |TAMS 0x000000008c000000| PB 0x000000008c000000| Untracked 
|  27|0x000000008c100000, 0x000000008c200000, 0x000000008c200000|100%| O|  |TAMS 0x000000008c100000| PB 0x000000008c100000| Untracked 
|  28|0x000000008c200000, 0x000000008c300000, 0x000000008c300000|100%| O|  |TAMS 0x000000008c200000| PB 0x000000008c200000| Untracked 
|  29|0x000000008c300000, 0x000000008c400000, 0x000000008c400000|100%| O|  |TAMS 0x000000008c300000| PB 0x000000008c300000| Untracked 
|  30|0x000000008c400000, 0x000000008c426480, 0x000000008c500000| 14%| O|Cm|TAMS 0x000000008c400000| PB 0x000000008c400000| Complete 
|  31|0x000000008c500000, 0x000000008c600000, 0x000000008c600000|100%| O|  |TAMS 0x000000008c500000| PB 0x000000008c500000| Untracked 
|  32|0x000000008c600000, 0x000000008c700000, 0x000000008c700000|100%| O|  |TAMS 0x000000008c600000| PB 0x000000008c600000| Untracked 
|  33|0x000000008c700000, 0x000000008c700000, 0x000000008c800000|  0%| F|  |TAMS 0x000000008c700000| PB 0x000000008c700000| Untracked 
|  34|0x000000008c800000, 0x000000008c800000, 0x000000008c900000|  0%| F|  |TAMS 0x000000008c800000| PB 0x000000008c800000| Untracked 
|  35|0x000000008c900000, 0x000000008c900000, 0x000000008ca00000|  0%| F|  |TAMS 0x000000008c900000| PB 0x000000008c900000| Untracked 
|  36|0x000000008ca00000, 0x000000008cb00000, 0x000000008cb00000|100%| O|  |TAMS 0x000000008ca00000| PB 0x000000008ca00000| Untracked 
|  37|0x000000008cb00000, 0x000000008cb00000, 0x000000008cc00000|  0%| F|  |TAMS 0x000000008cb00000| PB 0x000000008cb00000| Untracked 
|  38|0x000000008cc00000, 0x000000008cc00000, 0x000000008cd00000|  0%| F|  |TAMS 0x000000008cc00000| PB 0x000000008cc00000| Untracked 
|  39|0x000000008cd00000, 0x000000008cd00000, 0x000000008ce00000|  0%| F|  |TAMS 0x000000008cd00000| PB 0x000000008cd00000| Untracked 
|  40|0x000000008ce00000, 0x000000008ce00000, 0x000000008cf00000|  0%| F|  |TAMS 0x000000008ce00000| PB 0x000000008ce00000| Untracked 
|  41|0x000000008cf00000, 0x000000008cf00000, 0x000000008d000000|  0%| F|  |TAMS 0x000000008cf00000| PB 0x000000008cf00000| Untracked 
|  42|0x000000008d000000, 0x000000008d000000, 0x000000008d100000|  0%| F|  |TAMS 0x000000008d000000| PB 0x000000008d000000| Untracked 
|  43|0x000000008d100000, 0x000000008d100000, 0x000000008d200000|  0%| F|  |TAMS 0x000000008d100000| PB 0x000000008d100000| Untracked 
|  44|0x000000008d200000, 0x000000008d200000, 0x000000008d300000|  0%| F|  |TAMS 0x000000008d200000| PB 0x000000008d200000| Untracked 
|  45|0x000000008d300000, 0x000000008d300000, 0x000000008d400000|  0%| F|  |TAMS 0x000000008d300000| PB 0x000000008d300000| Untracked 
|  46|0x000000008d400000, 0x000000008d400000, 0x000000008d500000|  0%| F|  |TAMS 0x000000008d400000| PB 0x000000008d400000| Untracked 
|  47|0x000000008d500000, 0x000000008d51c478, 0x000000008d600000| 11%| S|CS|TAMS 0x000000008d500000| PB 0x000000008d500000| Complete 
|  48|0x000000008d600000, 0x000000008d600000, 0x000000008d700000|  0%| F|  |TAMS 0x000000008d600000| PB 0x000000008d600000| Untracked 
|  49|0x000000008d700000, 0x000000008d700000, 0x000000008d800000|  0%| F|  |TAMS 0x000000008d700000| PB 0x000000008d700000| Untracked 
|  50|0x000000008d800000, 0x000000008d800000, 0x000000008d900000|  0%| F|  |TAMS 0x000000008d800000| PB 0x000000008d800000| Untracked 
|  51|0x000000008d900000, 0x000000008d900000, 0x000000008da00000|  0%| F|  |TAMS 0x000000008d900000| PB 0x000000008d900000| Untracked 
|  52|0x000000008da00000, 0x000000008da00000, 0x000000008db00000|  0%| F|  |TAMS 0x000000008da00000| PB 0x000000008da00000| Untracked 
|  53|0x000000008db00000, 0x000000008db00000, 0x000000008dc00000|  0%| F|  |TAMS 0x000000008db00000| PB 0x000000008db00000| Untracked 
|  54|0x000000008dc00000, 0x000000008dc00000, 0x000000008dd00000|  0%| F|  |TAMS 0x000000008dc00000| PB 0x000000008dc00000| Untracked 
|  55|0x000000008dd00000, 0x000000008dd00000, 0x000000008de00000|  0%| F|  |TAMS 0x000000008dd00000| PB 0x000000008dd00000| Untracked 
|  56|0x000000008de00000, 0x000000008de00000, 0x000000008df00000|  0%| F|  |TAMS 0x000000008de00000| PB 0x000000008de00000| Untracked 
|  57|0x000000008df00000, 0x000000008df00000, 0x000000008e000000|  0%| F|  |TAMS 0x000000008df00000| PB 0x000000008df00000| Untracked 
|  58|0x000000008e000000, 0x000000008e000000, 0x000000008e100000|  0%| F|  |TAMS 0x000000008e000000| PB 0x000000008e000000| Untracked 
|  59|0x000000008e100000, 0x000000008e100000, 0x000000008e200000|  0%| F|  |TAMS 0x000000008e100000| PB 0x000000008e100000| Untracked 
|  60|0x000000008e200000, 0x000000008e200000, 0x000000008e300000|  0%| F|  |TAMS 0x000000008e200000| PB 0x000000008e200000| Untracked 
|  61|0x000000008e300000, 0x000000008e300000, 0x000000008e400000|  0%| F|  |TAMS 0x000000008e300000| PB 0x000000008e300000| Untracked 
|  62|0x000000008e400000, 0x000000008e400000, 0x000000008e500000|  0%| F|  |TAMS 0x000000008e400000| PB 0x000000008e400000| Untracked 
|  63|0x000000008e500000, 0x000000008e500000, 0x000000008e600000|  0%| F|  |TAMS 0x000000008e500000| PB 0x000000008e500000| Untracked 
|  64|0x000000008e600000, 0x000000008e600000, 0x000000008e700000|  0%| F|  |TAMS 0x000000008e600000| PB 0x000000008e600000| Untracked 
|  65|0x000000008e700000, 0x000000008e700000, 0x000000008e800000|  0%| F|  |TAMS 0x000000008e700000| PB 0x000000008e700000| Untracked 
|  66|0x000000008e800000, 0x000000008e800000, 0x000000008e900000|  0%| F|  |TAMS 0x000000008e800000| PB 0x000000008e800000| Untracked 
|  67|0x000000008e900000, 0x000000008e900000, 0x000000008ea00000|  0%| F|  |TAMS 0x000000008e900000| PB 0x000000008e900000| Untracked 
|  68|0x000000008ea00000, 0x000000008ea00000, 0x000000008eb00000|  0%| F|  |TAMS 0x000000008ea00000| PB 0x000000008ea00000| Untracked 
|  69|0x000000008eb00000, 0x000000008eb00000, 0x000000008ec00000|  0%| F|  |TAMS 0x000000008eb00000| PB 0x000000008eb00000| Untracked 
|  70|0x000000008ec00000, 0x000000008ec00000, 0x000000008ed00000|  0%| F|  |TAMS 0x000000008ec00000| PB 0x000000008ec00000| Untracked 
|  71|0x000000008ed00000, 0x000000008ed00000, 0x000000008ee00000|  0%| F|  |TAMS 0x000000008ed00000| PB 0x000000008ed00000| Untracked 
|  72|0x000000008ee00000, 0x000000008ee00000, 0x000000008ef00000|  0%| F|  |TAMS 0x000000008ee00000| PB 0x000000008ee00000| Untracked 
|  73|0x000000008ef00000, 0x000000008ef00000, 0x000000008f000000|  0%| F|  |TAMS 0x000000008ef00000| PB 0x000000008ef00000| Untracked 
|  74|0x000000008f000000, 0x000000008f000000, 0x000000008f100000|  0%| F|  |TAMS 0x000000008f000000| PB 0x000000008f000000| Untracked 
|  75|0x000000008f100000, 0x000000008f100000, 0x000000008f200000|  0%| F|  |TAMS 0x000000008f100000| PB 0x000000008f100000| Untracked 
|  76|0x000000008f200000, 0x000000008f200000, 0x000000008f300000|  0%| F|  |TAMS 0x000000008f200000| PB 0x000000008f200000| Untracked 
|  77|0x000000008f300000, 0x000000008f300000, 0x000000008f400000|  0%| F|  |TAMS 0x000000008f300000| PB 0x000000008f300000| Untracked 
|  78|0x000000008f400000, 0x000000008f400000, 0x000000008f500000|  0%| F|  |TAMS 0x000000008f400000| PB 0x000000008f400000| Untracked 
|  79|0x000000008f500000, 0x000000008f500000, 0x000000008f600000|  0%| F|  |TAMS 0x000000008f500000| PB 0x000000008f500000| Untracked 
|  80|0x000000008f600000, 0x000000008f600000, 0x000000008f700000|  0%| F|  |TAMS 0x000000008f600000| PB 0x000000008f600000| Untracked 
|  81|0x000000008f700000, 0x000000008f700000, 0x000000008f800000|  0%| F|  |TAMS 0x000000008f700000| PB 0x000000008f700000| Untracked 
|  82|0x000000008f800000, 0x000000008f800000, 0x000000008f900000|  0%| F|  |TAMS 0x000000008f800000| PB 0x000000008f800000| Untracked 
|  83|0x000000008f900000, 0x000000008f900000, 0x000000008fa00000|  0%| F|  |TAMS 0x000000008f900000| PB 0x000000008f900000| Untracked 
|  84|0x000000008fa00000, 0x000000008fa00000, 0x000000008fb00000|  0%| F|  |TAMS 0x000000008fa00000| PB 0x000000008fa00000| Untracked 
|  85|0x000000008fb00000, 0x000000008fb00000, 0x000000008fc00000|  0%| F|  |TAMS 0x000000008fb00000| PB 0x000000008fb00000| Untracked 
|  86|0x000000008fc00000, 0x000000008fc00000, 0x000000008fd00000|  0%| F|  |TAMS 0x000000008fc00000| PB 0x000000008fc00000| Untracked 
|  87|0x000000008fd00000, 0x000000008fd00000, 0x000000008fe00000|  0%| F|  |TAMS 0x000000008fd00000| PB 0x000000008fd00000| Untracked 
|  88|0x000000008fe00000, 0x000000008fe00000, 0x000000008ff00000|  0%| F|  |TAMS 0x000000008fe00000| PB 0x000000008fe00000| Untracked 
|  89|0x000000008ff00000, 0x000000008ff00000, 0x0000000090000000|  0%| F|  |TAMS 0x000000008ff00000| PB 0x000000008ff00000| Untracked 
|  90|0x0000000090000000, 0x0000000090000000, 0x0000000090100000|  0%| F|  |TAMS 0x0000000090000000| PB 0x0000000090000000| Untracked 
|  91|0x0000000090100000, 0x0000000090100000, 0x0000000090200000|  0%| F|  |TAMS 0x0000000090100000| PB 0x0000000090100000| Untracked 
|  92|0x0000000090200000, 0x0000000090200000, 0x0000000090300000|  0%| F|  |TAMS 0x0000000090200000| PB 0x0000000090200000| Untracked 
|  93|0x0000000090300000, 0x0000000090300000, 0x0000000090400000|  0%| F|  |TAMS 0x0000000090300000| PB 0x0000000090300000| Untracked 
|  94|0x0000000090400000, 0x0000000090400000, 0x0000000090500000|  0%| F|  |TAMS 0x0000000090400000| PB 0x0000000090400000| Untracked 
|  95|0x0000000090500000, 0x0000000090500000, 0x0000000090600000|  0%| F|  |TAMS 0x0000000090500000| PB 0x0000000090500000| Untracked 
|  96|0x0000000090600000, 0x0000000090600000, 0x0000000090700000|  0%| F|  |TAMS 0x0000000090600000| PB 0x0000000090600000| Untracked 
|  97|0x0000000090700000, 0x0000000090700000, 0x0000000090800000|  0%| F|  |TAMS 0x0000000090700000| PB 0x0000000090700000| Untracked 
|  98|0x0000000090800000, 0x0000000090800000, 0x0000000090900000|  0%| F|  |TAMS 0x0000000090800000| PB 0x0000000090800000| Untracked 
|  99|0x0000000090900000, 0x0000000090900000, 0x0000000090a00000|  0%| F|  |TAMS 0x0000000090900000| PB 0x0000000090900000| Untracked 
| 100|0x0000000090a00000, 0x0000000090a00000, 0x0000000090b00000|  0%| F|  |TAMS 0x0000000090a00000| PB 0x0000000090a00000| Untracked 
| 101|0x0000000090b00000, 0x0000000090b00000, 0x0000000090c00000|  0%| F|  |TAMS 0x0000000090b00000| PB 0x0000000090b00000| Untracked 
| 102|0x0000000090c00000, 0x0000000090c00000, 0x0000000090d00000|  0%| F|  |TAMS 0x0000000090c00000| PB 0x0000000090c00000| Untracked 
| 103|0x0000000090d00000, 0x0000000090d00000, 0x0000000090e00000|  0%| F|  |TAMS 0x0000000090d00000| PB 0x0000000090d00000| Untracked 
| 104|0x0000000090e00000, 0x0000000090f00000, 0x0000000090f00000|100%| E|  |TAMS 0x0000000090e00000| PB 0x0000000090e00000| Complete 
| 105|0x0000000090f00000, 0x0000000091000000, 0x0000000091000000|100%| E|CS|TAMS 0x0000000090f00000| PB 0x0000000090f00000| Complete 
| 106|0x0000000091000000, 0x0000000091100000, 0x0000000091100000|100%| E|CS|TAMS 0x0000000091000000| PB 0x0000000091000000| Complete 
| 107|0x0000000091100000, 0x0000000091200000, 0x0000000091200000|100%| E|CS|TAMS 0x0000000091100000| PB 0x0000000091100000| Complete 
| 108|0x0000000091200000, 0x0000000091300000, 0x0000000091300000|100%| E|CS|TAMS 0x0000000091200000| PB 0x0000000091200000| Complete 
| 109|0x0000000091300000, 0x0000000091400000, 0x0000000091400000|100%| E|  |TAMS 0x0000000091300000| PB 0x0000000091300000| Complete 
| 110|0x0000000091400000, 0x0000000091500000, 0x0000000091500000|100%| E|CS|TAMS 0x0000000091400000| PB 0x0000000091400000| Complete 
| 111|0x0000000091500000, 0x0000000091600000, 0x0000000091600000|100%| E|CS|TAMS 0x0000000091500000| PB 0x0000000091500000| Complete 
| 112|0x0000000091600000, 0x0000000091700000, 0x0000000091700000|100%| E|CS|TAMS 0x0000000091600000| PB 0x0000000091600000| Complete 
| 113|0x0000000091700000, 0x0000000091800000, 0x0000000091800000|100%| E|CS|TAMS 0x0000000091700000| PB 0x0000000091700000| Complete 
| 114|0x0000000091800000, 0x0000000091900000, 0x0000000091900000|100%| E|CS|TAMS 0x0000000091800000| PB 0x0000000091800000| Complete 
| 115|0x0000000091900000, 0x0000000091a00000, 0x0000000091a00000|100%| E|CS|TAMS 0x0000000091900000| PB 0x0000000091900000| Complete 
| 190|0x0000000096400000, 0x0000000096500000, 0x0000000096500000|100%| E|CS|TAMS 0x0000000096400000| PB 0x0000000096400000| Complete 

Card table byte_map: [0x00000293b0cf0000,0x00000293b10a0000] _byte_map_base: 0x00000293b089d000

Marking Bits: (CMBitMap*) 0x0000029398fed360
 Bits: [0x00000293b10a0000, 0x00000293b2e08000)

Polling page: 0x0000029396c80000

Metaspace:

Usage:
  Non-class:     55.57 MB used.
      Class:      7.68 MB used.
       Both:     63.25 MB used.

Virtual space:
  Non-class space:       64.00 MB reserved,      56.12 MB ( 88%) committed,  1 nodes.
      Class space:        1.00 GB reserved,       8.19 MB ( <1%) committed,  1 nodes.
             Both:        1.06 GB reserved,      64.31 MB (  6%) committed. 

Chunk freelists:
   Non-Class:  7.39 MB
       Class:  7.98 MB
        Both:  15.38 MB

MaxMetaspaceSize: unlimited
CompressedClassSpaceSize: 1.00 GB
Initial GC threshold: 21.00 MB
Current GC threshold: 107.12 MB
CDS: on
 - commit_granule_bytes: 65536.
 - commit_granule_words: 8192.
 - virtual_space_node_default_size: 8388608.
 - enlarge_chunks_in_place: 1.
 - use_allocation_guard: 0.


Internal statistics:

num_allocs_failed_limit: 14.
num_arena_births: 1304.
num_arena_deaths: 548.
num_vsnodes_births: 2.
num_vsnodes_deaths: 0.
num_space_committed: 1029.
num_space_uncommitted: 0.
num_chunks_returned_to_freelist: 646.
num_chunks_taken_from_freelist: 3775.
num_chunk_merges: 160.
num_chunk_splits: 2458.
num_chunks_enlarged: 1717.
num_inconsistent_stats: 0.

CodeHeap 'non-profiled nmethods': size=120000Kb used=8599Kb max_used=8599Kb free=111400Kb
 bounds [0x00000293a8ec0000, 0x00000293a9730000, 0x00000293b03f0000]
CodeHeap 'profiled nmethods': size=120000Kb used=3511Kb max_used=18957Kb free=116488Kb
 bounds [0x00000293a13f0000, 0x00000293a26c0000, 0x00000293a8920000]
CodeHeap 'non-nmethods': size=5760Kb used=2037Kb max_used=2094Kb free=3722Kb
 bounds [0x00000293a8920000, 0x00000293a8b90000, 0x00000293a8ec0000]
 total_blobs=4361 nmethods=3576 adapters=688
 compilation: enabled
              stopped_count=0, restarted_count=0
 full_count=0

Compilation events (20 events):
Event: 42520.289 Thread 0x00000293b5a7c2a0 nmethod 14703 0x00000293a1a0ea90 code [0x00000293a1a0ec20, 0x00000293a1a0ed88]
Event: 42520.289 Thread 0x00000293b5a7c2a0 14705       1       org.springframework.http.HttpMethod::name (5 bytes)
Event: 42520.289 Thread 0x00000293b5a7c2a0 nmethod 14705 0x00000293a9722290 code [0x00000293a9722420, 0x00000293a97224e8]
Event: 42522.262 Thread 0x00000293b5a7c2a0 14706       3       org.springframework.web.method.HandlerMethod::createWithResolvedBean (67 bytes)
Event: 42522.272 Thread 0x00000293b5a7c2a0 nmethod 14706 0x00000293a155fb10 code [0x00000293a155fd40, 0x00000293a1560570]
Event: 42524.262 Thread 0x00000293b5a7c2a0 14707       3       java.util.concurrent.locks.AbstractQueuedSynchronizer::acquireShared (20 bytes)
Event: 42524.265 Thread 0x00000293b5a7c2a0 nmethod 14707 0x00000293a155f490 code [0x00000293a155f660, 0x00000293a155f8d8]
Event: 42524.334 Thread 0x00000293b5a71fe0 14708       4       org.apache.tomcat.util.http.FastHttpDateFormat::getCurrentDate (45 bytes)
Event: 42524.409 Thread 0x00000293b5a71fe0 nmethod 14708 0x00000293a9722590 code [0x00000293a9722800, 0x00000293a9723740]
Event: 42526.316 Thread 0x00000293b5a7c2a0 14709       3       java.util.concurrent.ConcurrentLinkedQueue::add (6 bytes)
Event: 42526.317 Thread 0x00000293b5a7c2a0 nmethod 14709 0x00000293a1ef9290 code [0x00000293a1ef9440, 0x00000293a1ef9580]
Event: 42534.261 Thread 0x00000293b5a71fe0 14710       4       java.util.concurrent.locks.ReentrantReadWriteLock$NonfairSync::readerShouldBlock (5 bytes)
Event: 42534.265 Thread 0x00000293b5a71fe0 nmethod 14710 0x00000293a9723e90 code [0x00000293a9724020, 0x00000293a97240c8]
Event: 42534.265 Thread 0x00000293b5a71fe0 14711       4       java.util.concurrent.locks.AbstractQueuedSynchronizer::apparentlyFirstQueuedIsExclusive (38 bytes)
Event: 42534.265 Thread 0x00000293b5a71fe0 nmethod 14711 0x00000293a9724190 code [0x00000293a9724320, 0x00000293a97243c8]
Event: 42628.739 Thread 0x00000293b5a7c2a0 14712       3       java.security.AccessController::getContext (23 bytes)
Event: 42628.763 Thread 0x00000293b5a7c2a0 nmethod 14712 0x00000293a19c6910 code [0x00000293a19c6ae0, 0x00000293a19c6db8]
Event: 42734.907 Thread 0x00000293b5a71fe0 14713   !   4       java.util.concurrent.ThreadPoolExecutor::runWorker (187 bytes)
Event: 42734.979 Thread 0x00000293b5a71fe0 nmethod 14713 0x00000293a9724490 code [0x00000293a9724760, 0x00000293a9725398]
Event: 43036.286 Thread 0x00000293b5a71fe0 14714   !   4       jdk.internal.net.http.HttpClientImpl::purgeTimeoutsAndReturnNextDeadline (326 bytes)

GC Heap History (20 events):
Event: 40844.426 GC heap before
{Heap before GC invocations=171 (full 0):
 garbage-first heap   total 119808K, used 102650K [0x000000008a600000, 0x0000000100000000)
  region size 1024K, 70 young (71680K), 1 survivors (1024K)
 Metaspace       used 64772K, committed 65856K, reserved 1114112K
  class space    used 7864K, committed 8384K, reserved 1048576K
}
Event: 40844.479 GC heap after
{Heap after GC invocations=172 (full 0):
 garbage-first heap   total 119808K, used 33016K [0x000000008a600000, 0x0000000100000000)
  region size 1024K, 1 young (1024K), 1 survivors (1024K)
 Metaspace       used 64772K, committed 65856K, reserved 1114112K
  class space    used 7864K, committed 8384K, reserved 1048576K
}
Event: 41193.039 GC heap before
{Heap before GC invocations=172 (full 0):
 garbage-first heap   total 119808K, used 102648K [0x000000008a600000, 0x0000000100000000)
  region size 1024K, 70 young (71680K), 1 survivors (1024K)
 Metaspace       used 64772K, committed 65856K, reserved 1114112K
  class space    used 7864K, committed 8384K, reserved 1048576K
}
Event: 41193.105 GC heap after
{Heap after GC invocations=173 (full 0):
 garbage-first heap   total 119808K, used 32980K [0x000000008a600000, 0x0000000100000000)
  region size 1024K, 1 young (1024K), 1 survivors (1024K)
 Metaspace       used 64772K, committed 65856K, reserved 1114112K
  class space    used 7864K, committed 8384K, reserved 1048576K
}
Event: 41542.615 GC heap before
{Heap before GC invocations=173 (full 0):
 garbage-first heap   total 119808K, used 103636K [0x000000008a600000, 0x0000000100000000)
  region size 1024K, 70 young (71680K), 1 survivors (1024K)
 Metaspace       used 64772K, committed 65856K, reserved 1114112K
  class space    used 7864K, committed 8384K, reserved 1048576K
}
Event: 41544.949 GC heap after
{Heap after GC invocations=174 (full 0):
 garbage-first heap   total 119808K, used 33047K [0x000000008a600000, 0x0000000100000000)
  region size 1024K, 1 young (1024K), 1 survivors (1024K)
 Metaspace       used 64772K, committed 65856K, reserved 1114112K
  class space    used 7864K, committed 8384K, reserved 1048576K
}
Event: 41560.958 GC heap before
{Heap before GC invocations=175 (full 0):
 garbage-first heap   total 119808K, used 37143K [0x000000008a600000, 0x0000000100000000)
  region size 1024K, 5 young (5120K), 1 survivors (1024K)
 Metaspace       used 64772K, committed 65856K, reserved 1114112K
  class space    used 7864K, committed 8384K, reserved 1048576K
}
Event: 41561.071 GC heap after
{Heap after GC invocations=176 (full 0):
 garbage-first heap   total 171008K, used 32983K [0x000000008a600000, 0x0000000100000000)
  region size 1024K, 1 young (1024K), 1 survivors (1024K)
 Metaspace       used 64772K, committed 65856K, reserved 1114112K
  class space    used 7864K, committed 8384K, reserved 1048576K
}
Event: 41764.355 GC heap before
{Heap before GC invocations=176 (full 0):
 garbage-first heap   total 171008K, used 75991K [0x000000008a600000, 0x0000000100000000)
  region size 1024K, 44 young (45056K), 1 survivors (1024K)
 Metaspace       used 64773K, committed 65856K, reserved 1114112K
  class space    used 7864K, committed 8384K, reserved 1048576K
}
Event: 41764.404 GC heap after
{Heap after GC invocations=177 (full 0):
 garbage-first heap   total 171008K, used 33018K [0x000000008a600000, 0x0000000100000000)
  region size 1024K, 1 young (1024K), 1 survivors (1024K)
 Metaspace       used 64773K, committed 65856K, reserved 1114112K
  class space    used 7864K, committed 8384K, reserved 1048576K
}
Event: 42265.100 GC heap before
{Heap before GC invocations=177 (full 0):
 garbage-first heap   total 171008K, used 133370K [0x000000008a600000, 0x0000000100000000)
  region size 1024K, 100 young (102400K), 1 survivors (1024K)
 Metaspace       used 64773K, committed 65856K, reserved 1114112K
  class space    used 7864K, committed 8384K, reserved 1048576K
}
Event: 42268.241 GC heap after
{Heap after GC invocations=178 (full 0):
 garbage-first heap   total 171008K, used 32970K [0x000000008a600000, 0x0000000100000000)
  region size 1024K, 1 young (1024K), 1 survivors (1024K)
 Metaspace       used 64773K, committed 65856K, reserved 1114112K
  class space    used 7864K, committed 8384K, reserved 1048576K
}
Event: 42282.315 GC heap before
{Heap before GC invocations=179 (full 0):
 garbage-first heap   total 119808K, used 37066K [0x000000008a600000, 0x0000000100000000)
  region size 1024K, 5 young (5120K), 1 survivors (1024K)
 Metaspace       used 64769K, committed 65856K, reserved 1114112K
  class space    used 7863K, committed 8384K, reserved 1048576K
}
Event: 42282.321 GC heap after
{Heap after GC invocations=180 (full 0):
 garbage-first heap   total 119808K, used 33020K [0x000000008a600000, 0x0000000100000000)
  region size 1024K, 1 young (1024K), 1 survivors (1024K)
 Metaspace       used 64769K, committed 65856K, reserved 1114112K
  class space    used 7863K, committed 8384K, reserved 1048576K
}
Event: 42300.348 GC heap before
{Heap before GC invocations=180 (full 0):
 garbage-first heap   total 119808K, used 37116K [0x000000008a600000, 0x0000000100000000)
  region size 1024K, 5 young (5120K), 1 survivors (1024K)
 Metaspace       used 64769K, committed 65856K, reserved 1114112K
  class space    used 7863K, committed 8384K, reserved 1048576K
}
Event: 42300.351 GC heap after
{Heap after GC invocations=181 (full 0):
 garbage-first heap   total 119808K, used 33037K [0x000000008a600000, 0x0000000100000000)
  region size 1024K, 1 young (1024K), 1 survivors (1024K)
 Metaspace       used 64769K, committed 65856K, reserved 1114112K
  class space    used 7863K, committed 8384K, reserved 1048576K
}
Event: 42626.267 GC heap before
{Heap before GC invocations=181 (full 0):
 garbage-first heap   total 119808K, used 102669K [0x000000008a600000, 0x0000000100000000)
  region size 1024K, 70 young (71680K), 1 survivors (1024K)
 Metaspace       used 64769K, committed 65856K, reserved 1114112K
  class space    used 7863K, committed 8384K, reserved 1048576K
}
Event: 42626.376 GC heap after
{Heap after GC invocations=182 (full 0):
 garbage-first heap   total 119808K, used 33024K [0x000000008a600000, 0x0000000100000000)
  region size 1024K, 1 young (1024K), 1 survivors (1024K)
 Metaspace       used 64769K, committed 65856K, reserved 1114112K
  class space    used 7863K, committed 8384K, reserved 1048576K
}
Event: 42974.286 GC heap before
{Heap before GC invocations=183 (full 0):
 garbage-first heap   total 119808K, used 102656K [0x000000008a600000, 0x0000000100000000)
  region size 1024K, 70 young (71680K), 1 survivors (1024K)
 Metaspace       used 64771K, committed 65856K, reserved 1114112K
  class space    used 7863K, committed 8384K, reserved 1048576K
}
Event: 42974.344 GC heap after
{Heap after GC invocations=184 (full 0):
 garbage-first heap   total 119808K, used 33036K [0x000000008a600000, 0x0000000100000000)
  region size 1024K, 1 young (1024K), 1 survivors (1024K)
 Metaspace       used 64771K, committed 65856K, reserved 1114112K
  class space    used 7863K, committed 8384K, reserved 1048576K
}

Dll operation events (14 events):
Event: 0.019 Loaded shared library C:\Program Files\Java\jdk-21\bin\java.dll
Event: 0.070 Loaded shared library C:\Program Files\Java\jdk-21\bin\jsvml.dll
Event: 0.228 Loaded shared library C:\Program Files\Java\jdk-21\bin\zip.dll
Event: 0.234 Loaded shared library C:\Program Files\Java\jdk-21\bin\instrument.dll
Event: 0.243 Loaded shared library C:\Program Files\Java\jdk-21\bin\net.dll
Event: 0.245 Loaded shared library C:\Program Files\Java\jdk-21\bin\nio.dll
Event: 0.251 Loaded shared library C:\Program Files\Java\jdk-21\bin\zip.dll
Event: 0.514 Loaded shared library C:\Program Files\JetBrains\IntelliJ IDEA Community Edition 2023.1.3\bin\breakgen64.dll
Event: 0.527 Loaded shared library C:\Program Files\Java\jdk-21\bin\extnet.dll
Event: 0.577 Loaded shared library C:\Program Files\Java\jdk-21\bin\jimage.dll
Event: 2.315 Loaded shared library C:\Program Files\Java\jdk-21\bin\sunmscapi.dll
Event: 5.941 Loaded shared library C:\Program Files\Java\jdk-21\bin\verify.dll
Event: 7.079 Loaded shared library C:\Program Files\Java\jdk-21\bin\management.dll
Event: 7.088 Loaded shared library C:\Program Files\Java\jdk-21\bin\management_ext.dll

Deoptimization events (20 events):
Event: 42270.636 Thread 0x00000293fbe64d80 Uncommon trap: trap_request=0xffffff45 fr.pc=0x00000293a918cd04 relative=0x0000000000003fe4
Event: 42270.637 Thread 0x00000293fbe64d80 Uncommon trap: reason=unstable_if action=reinterpret pc=0x00000293a918cd04 method=java.text.SimpleDateFormat.zeroPaddingNumber(IIILjava/lang/StringBuffer;)V @ 4 c2
Event: 42270.637 Thread 0x00000293fbe64d80 DEOPT PACKING pc=0x00000293a918cd04 sp=0x000000e40d1fdf70
Event: 42270.637 Thread 0x00000293fbe64d80 DEOPT UNPACKING pc=0x00000293a89746a2 sp=0x000000e40d1fdec0 mode 2
Event: 42270.638 Thread 0x00000293fbe64d80 Uncommon trap: trap_request=0xffffff45 fr.pc=0x00000293a96e7224 relative=0x0000000000000d24
Event: 42270.639 Thread 0x00000293fbe64d80 Uncommon trap: reason=unstable_if action=reinterpret pc=0x00000293a96e7224 method=java.util.concurrent.ConcurrentLinkedDeque.unlink(Ljava/util/concurrent/ConcurrentLinkedDeque$Node;)V @ 141 c2
Event: 42270.639 Thread 0x00000293fbe64d80 DEOPT PACKING pc=0x00000293a96e7224 sp=0x000000e40d1feb50
Event: 42270.640 Thread 0x00000293fbe64d80 DEOPT UNPACKING pc=0x00000293a89746a2 sp=0x000000e40d1feaf8 mode 2
Event: 42270.709 Thread 0x00000293fbe646f0 Uncommon trap: trap_request=0xffffff45 fr.pc=0x00000293a9417f44 relative=0x0000000000000504
Event: 42270.709 Thread 0x00000293fbe646f0 Uncommon trap: reason=unstable_if action=reinterpret pc=0x00000293a9417f44 method=java.util.concurrent.ConcurrentLinkedQueue.poll()Ljava/lang/Object; @ 40 c2
Event: 42270.709 Thread 0x00000293fbe646f0 DEOPT PACKING pc=0x00000293a9417f44 sp=0x000000e40cefdde0
Event: 42270.709 Thread 0x00000293fbe646f0 DEOPT UNPACKING pc=0x00000293a89746a2 sp=0x000000e40cefdd78 mode 2
Event: 42270.710 Thread 0x00000293fbe646f0 Uncommon trap: trap_request=0xffffff45 fr.pc=0x00000293a904c0d4 relative=0x0000000000000394
Event: 42270.710 Thread 0x00000293fbe646f0 Uncommon trap: reason=unstable_if action=reinterpret pc=0x00000293a904c0d4 method=java.util.concurrent.ConcurrentLinkedQueue.offer(Ljava/lang/Object;)Z @ 67 c2
Event: 42270.710 Thread 0x00000293fbe646f0 DEOPT PACKING pc=0x00000293a904c0d4 sp=0x000000e40cefdde0
Event: 42270.710 Thread 0x00000293fbe646f0 DEOPT UNPACKING pc=0x00000293a89746a2 sp=0x000000e40cefdd10 mode 2
Event: 42274.365 Thread 0x00000293805b12d0 Uncommon trap: trap_request=0xffffff45 fr.pc=0x00000293a93dfad4 relative=0x0000000000000394
Event: 42274.366 Thread 0x00000293805b12d0 Uncommon trap: reason=unstable_if action=reinterpret pc=0x00000293a93dfad4 method=java.util.concurrent.ConcurrentLinkedQueue.offer(Ljava/lang/Object;)Z @ 67 c2
Event: 42274.366 Thread 0x00000293805b12d0 DEOPT PACKING pc=0x00000293a93dfad4 sp=0x000000e40d7fdad0
Event: 42274.366 Thread 0x00000293805b12d0 DEOPT UNPACKING pc=0x00000293a89746a2 sp=0x000000e40d7fda78 mode 2

Classes loaded (20 events):
Event: 15.965 Loading class sun/net/util/SocketExceptions
Event: 15.966 Loading class sun/net/util/SocketExceptions done
Event: 15.970 Loading class java/util/concurrent/CancellationException
Event: 15.970 Loading class java/util/concurrent/CancellationException done
Event: 18.793 Loading class java/nio/HeapByteBufferR
Event: 18.793 Loading class java/nio/HeapByteBufferR done
Event: 28.826 Loading class java/util/concurrent/ConcurrentLinkedDeque$CLDSpliterator
Event: 28.826 Loading class java/util/concurrent/ConcurrentLinkedDeque$CLDSpliterator done
Event: 69.014 Loading class jdk/internal/math/FormattedFPDecimal
Event: 69.040 Loading class jdk/internal/math/FormattedFPDecimal done
Event: 16288.398 Loading class java/util/zip/GZIPOutputStream
Event: 16288.456 Loading class java/util/zip/DeflaterOutputStream
Event: 16288.474 Loading class java/util/zip/DeflaterOutputStream done
Event: 16288.474 Loading class java/util/zip/GZIPOutputStream done
Event: 16288.478 Loading class java/util/zip/Deflater
Event: 16288.557 Loading class java/util/zip/Deflater done
Event: 16288.638 Loading class java/util/zip/Deflater$DeflaterZStreamRef
Event: 16288.649 Loading class java/util/zip/Deflater$DeflaterZStreamRef done
Event: 42269.291 Loading class java/util/concurrent/locks/ReentrantReadWriteLock$Sync$HoldCounter
Event: 42269.323 Loading class java/util/concurrent/locks/ReentrantReadWriteLock$Sync$HoldCounter done

Classes unloaded (20 events):
Event: 2068.839 Thread 0x00000293b5a469c0 Unloading class 0x00000293b7014000 'java/lang/invoke/LambdaForm$MH+0x00000293b7014000'
Event: 2068.840 Thread 0x00000293b5a469c0 Unloading class 0x00000293b7002400 'java/lang/invoke/LambdaForm$MH+0x00000293b7002400'
Event: 2068.840 Thread 0x00000293b5a469c0 Unloading class 0x00000293b7002000 'java/lang/invoke/LambdaForm$MH+0x00000293b7002000'
Event: 2068.840 Thread 0x00000293b5a469c0 Unloading class 0x00000293b7001c00 'java/lang/invoke/LambdaForm$MH+0x00000293b7001c00'
Event: 2068.840 Thread 0x00000293b5a469c0 Unloading class 0x00000293b7001400 'java/lang/invoke/LambdaForm$MH+0x00000293b7001400'
Event: 3218.094 Thread 0x00000293b5a469c0 Unloading class 0x00000293b7829000 'java/lang/invoke/LambdaForm$MH+0x00000293b7829000'
Event: 3218.094 Thread 0x00000293b5a469c0 Unloading class 0x00000293b7828400 'java/lang/invoke/LambdaForm$MH+0x00000293b7828400'
Event: 3218.094 Thread 0x00000293b5a469c0 Unloading class 0x00000293b7828000 'java/lang/invoke/LambdaForm$MH+0x00000293b7828000'
Event: 3218.094 Thread 0x00000293b5a469c0 Unloading class 0x00000293b7821c00 'java/lang/invoke/LambdaForm$MH+0x00000293b7821c00'
Event: 3218.094 Thread 0x00000293b5a469c0 Unloading class 0x00000293b7821800 'java/lang/invoke/LambdaForm$MH+0x00000293b7821800'
Event: 3218.095 Thread 0x00000293b5a469c0 Unloading class 0x00000293b7820c00 'java/lang/invoke/LambdaForm$MH+0x00000293b7820c00'
Event: 3218.095 Thread 0x00000293b5a469c0 Unloading class 0x00000293b7820800 'java/lang/invoke/LambdaForm$MH+0x00000293b7820800'
Event: 3218.095 Thread 0x00000293b5a469c0 Unloading class 0x00000293b7820400 'java/lang/invoke/LambdaForm$MH+0x00000293b7820400'
Event: 3218.095 Thread 0x00000293b5a469c0 Unloading class 0x00000293b7801400 'java/lang/invoke/LambdaForm$MH+0x00000293b7801400'
Event: 3218.095 Thread 0x00000293b5a469c0 Unloading class 0x00000293b7801000 'java/lang/invoke/LambdaForm$BMH+0x00000293b7801000'
Event: 3218.095 Thread 0x00000293b5a469c0 Unloading class 0x00000293b7800800 'java/lang/invoke/LambdaForm$MH+0x00000293b7800800'
Event: 3218.095 Thread 0x00000293b5a469c0 Unloading class 0x00000293b7800400 'java/lang/invoke/LambdaForm$BMH+0x00000293b7800400'
Event: 42269.504 Thread 0x00000293b5a469c0 Unloading class 0x00000293b77d2c00 'java/lang/invoke/LambdaForm$MH+0x00000293b77d2c00'
Event: 42269.504 Thread 0x00000293b5a469c0 Unloading class 0x00000293b7800400 'java/lang/invoke/LambdaForm$MH+0x00000293b7800400'
Event: 42269.504 Thread 0x00000293b5a469c0 Unloading class 0x00000293b7800800 'java/lang/invoke/LambdaForm$MH+0x00000293b7800800'

Classes redefined (0 events):
No events

Internal exceptions (20 events):
Event: 43019.068 Thread 0x00000293fbe62620 Exception <a 'java/net/ConnectException'{0x0000000091221d88}: Connection refused: getsockopt> (0x0000000091221d88) 
thrown [s\open\src\hotspot\share\prims\jni.cpp, line 539]
Event: 43019.069 Thread 0x00000293fbe62620 Exception <a 'java/net/ConnectException'{0x0000000091147f20}: Connection refused: getsockopt> (0x0000000091147f20) 
thrown [s\open\src\hotspot\share\prims\jni.cpp, line 539]
Event: 43021.111 Thread 0x00000293fbe62620 Exception <a 'java/net/ConnectException'{0x00000000911486a8}: Connection refused: getsockopt> (0x00000000911486a8) 
thrown [s\open\src\hotspot\share\prims\jni.cpp, line 539]
Event: 43021.112 Thread 0x00000293fbe62620 Exception <a 'java/net/ConnectException'{0x0000000091148e30}: Connection refused: getsockopt> (0x0000000091148e30) 
thrown [s\open\src\hotspot\share\prims\jni.cpp, line 539]
Event: 43023.140 Thread 0x00000293fbe62620 Exception <a 'java/net/ConnectException'{0x00000000911495b8}: Connection refused: getsockopt> (0x00000000911495b8) 
thrown [s\open\src\hotspot\share\prims\jni.cpp, line 539]
Event: 43023.140 Thread 0x00000293fbe62620 Exception <a 'java/net/ConnectException'{0x0000000091149d40}: Connection refused: getsockopt> (0x0000000091149d40) 
thrown [s\open\src\hotspot\share\prims\jni.cpp, line 539]
Event: 43025.165 Thread 0x00000293fbe62620 Exception <a 'java/net/ConnectException'{0x000000009114a4c8}: Connection refused: getsockopt> (0x000000009114a4c8) 
thrown [s\open\src\hotspot\share\prims\jni.cpp, line 539]
Event: 43025.165 Thread 0x00000293fbe62620 Exception <a 'java/net/ConnectException'{0x0000000091084388}: Connection refused: getsockopt> (0x0000000091084388) 
thrown [s\open\src\hotspot\share\prims\jni.cpp, line 539]
Event: 43027.194 Thread 0x00000293fbe62620 Exception <a 'java/net/ConnectException'{0x0000000091084b10}: Connection refused: getsockopt> (0x0000000091084b10) 
thrown [s\open\src\hotspot\share\prims\jni.cpp, line 539]
Event: 43027.195 Thread 0x00000293fbe62620 Exception <a 'java/net/ConnectException'{0x0000000091085298}: Connection refused: getsockopt> (0x0000000091085298) 
thrown [s\open\src\hotspot\share\prims\jni.cpp, line 539]
Event: 43029.216 Thread 0x00000293fbe62620 Exception <a 'java/net/ConnectException'{0x0000000091085a20}: Connection refused: getsockopt> (0x0000000091085a20) 
thrown [s\open\src\hotspot\share\prims\jni.cpp, line 539]
Event: 43029.216 Thread 0x00000293fbe62620 Exception <a 'java/net/ConnectException'{0x00000000910861a8}: Connection refused: getsockopt> (0x00000000910861a8) 
thrown [s\open\src\hotspot\share\prims\jni.cpp, line 539]
Event: 43031.229 Thread 0x00000293fbe62620 Exception <a 'java/net/ConnectException'{0x0000000091086930}: Connection refused: getsockopt> (0x0000000091086930) 
thrown [s\open\src\hotspot\share\prims\jni.cpp, line 539]
Event: 43031.234 Thread 0x00000293fbe62620 Exception <a 'java/net/ConnectException'{0x00000000910870b8}: Connection refused: getsockopt> (0x00000000910870b8) 
thrown [s\open\src\hotspot\share\prims\jni.cpp, line 539]
Event: 43033.250 Thread 0x00000293fbe62620 Exception <a 'java/net/ConnectException'{0x0000000090fb36e8}: Connection refused: getsockopt> (0x0000000090fb36e8) 
thrown [s\open\src\hotspot\share\prims\jni.cpp, line 539]
Event: 43033.251 Thread 0x00000293fbe62620 Exception <a 'java/net/ConnectException'{0x0000000090fb3e70}: Connection refused: getsockopt> (0x0000000090fb3e70) 
thrown [s\open\src\hotspot\share\prims\jni.cpp, line 539]
Event: 43035.276 Thread 0x00000293fbe62620 Exception <a 'java/net/ConnectException'{0x0000000090fb45f8}: Connection refused: getsockopt> (0x0000000090fb45f8) 
thrown [s\open\src\hotspot\share\prims\jni.cpp, line 539]
Event: 43035.277 Thread 0x00000293fbe62620 Exception <a 'java/net/ConnectException'{0x0000000090fb4d80}: Connection refused: getsockopt> (0x0000000090fb4d80) 
thrown [s\open\src\hotspot\share\prims\jni.cpp, line 539]
Event: 43036.285 Thread 0x00000293fbe62620 Exception <a 'java/net/ConnectException'{0x0000000090fb5508}: Connection refused: getsockopt> (0x0000000090fb5508) 
thrown [s\open\src\hotspot\share\prims\jni.cpp, line 539]
Event: 43036.286 Thread 0x00000293fbe62620 Exception <a 'java/net/ConnectException'{0x0000000090fb5c90}: Connection refused: getsockopt> (0x0000000090fb5c90) 
thrown [s\open\src\hotspot\share\prims\jni.cpp, line 539]

ZGC Phase Switch (0 events):
No events

VM Operations (20 events):
Event: 42754.193 Executing VM operation: RendezvousGCThreads
Event: 42754.193 Executing VM operation: RendezvousGCThreads done
Event: 42814.246 Executing VM operation: HandshakeAllThreads (HandshakeForDeflation)
Event: 42814.246 Executing VM operation: HandshakeAllThreads (HandshakeForDeflation) done
Event: 42814.246 Executing VM operation: RendezvousGCThreads
Event: 42814.246 Executing VM operation: RendezvousGCThreads done
Event: 42874.336 Executing VM operation: HandshakeAllThreads (HandshakeForDeflation)
Event: 42874.337 Executing VM operation: HandshakeAllThreads (HandshakeForDeflation) done
Event: 42874.337 Executing VM operation: RendezvousGCThreads
Event: 42874.337 Executing VM operation: RendezvousGCThreads done
Event: 42934.506 Executing VM operation: HandshakeAllThreads (HandshakeForDeflation)
Event: 42934.506 Executing VM operation: HandshakeAllThreads (HandshakeForDeflation) done
Event: 42934.506 Executing VM operation: RendezvousGCThreads
Event: 42934.506 Executing VM operation: RendezvousGCThreads done
Event: 42974.283 Executing VM operation: G1CollectForAllocation (G1 Evacuation Pause)
Event: 42974.345 Executing VM operation: G1CollectForAllocation (G1 Evacuation Pause) done
Event: 42994.559 Executing VM operation: HandshakeAllThreads (HandshakeForDeflation)
Event: 42994.559 Executing VM operation: HandshakeAllThreads (HandshakeForDeflation) done
Event: 42994.559 Executing VM operation: RendezvousGCThreads
Event: 42994.559 Executing VM operation: RendezvousGCThreads done

Events (20 events):
Event: 41674.613 Thread 0x0000029380332ea0 Thread added: 0x0000029380332ea0
Event: 41734.599 Thread 0x0000029380333bc0 Thread exited: 0x0000029380333bc0
Event: 41872.722 Thread 0x0000029380333bc0 Thread added: 0x0000029380333bc0
Event: 42172.506 Thread 0x0000029380333bc0 Thread exited: 0x0000029380333bc0
Event: 42175.176 Thread 0x0000029380332180 Thread added: 0x0000029380332180
Event: 42269.284 Thread 0x0000029380331460 Thread added: 0x0000029380331460
Event: 42269.293 Thread 0x0000029380330dd0 Thread added: 0x0000029380330dd0
Event: 42270.631 Thread 0x00000293b5a469c0 flushing nmethod 0x00000293a1e42090
Event: 42329.302 Thread 0x0000029380332180 Thread exited: 0x0000029380332180
Event: 42329.330 Thread 0x0000029380331460 Thread exited: 0x0000029380331460
Event: 42354.926 Thread 0x0000029380330dd0 Thread exited: 0x0000029380330dd0
Event: 42395.200 Thread 0x00000293fce7c270 Thread added: 0x00000293fce7c270
Event: 42396.283 Thread 0x00000293fce7c270 Thread exited: 0x00000293fce7c270
Event: 42396.284 Thread 0x00000293fce7c270 Thread added: 0x00000293fce7c270
Event: 42400.283 Thread 0x00000293fce7c270 Thread exited: 0x00000293fce7c270
Event: 42510.464 Thread 0x0000029380332810 Thread added: 0x0000029380332810
Event: 42572.519 Thread 0x0000029380332810 Thread exited: 0x0000029380332810
Event: 42628.752 Thread 0x0000029380333530 Thread added: 0x0000029380333530
Event: 42974.895 Thread 0x0000029380332ea0 Thread exited: 0x0000029380332ea0
Event: 43006.909 Thread 0x0000029380333bc0 Thread added: 0x0000029380333bc0


Dynamic libraries:
0x00007ff634200000 - 0x00007ff634210000 	C:\Program Files\Java\jdk-21\bin\java.exe
0x00007ffffc580000 - 0x00007ffffc7e3000 	C:\WINDOWS\SYSTEM32\ntdll.dll
0x00007ffffa9c0000 - 0x00007ffffaa87000 	C:\WINDOWS\System32\KERNEL32.DLL
0x00007ffff9ad0000 - 0x00007ffff9e99000 	C:\WINDOWS\System32\KERNELBASE.dll
0x00007ffffa250000 - 0x00007ffffa39c000 	C:\WINDOWS\System32\ucrtbase.dll
0x00007fffd66f0000 - 0x00007fffd6709000 	C:\Program Files\Java\jdk-21\bin\jli.dll
0x00007fffd6360000 - 0x00007fffd637b000 	C:\Program Files\Java\jdk-21\bin\VCRUNTIME140.dll
0x00007ffffaa90000 - 0x00007ffffab42000 	C:\WINDOWS\System32\ADVAPI32.dll
0x00007ffffa3a0000 - 0x00007ffffa449000 	C:\WINDOWS\System32\msvcrt.dll
0x00007ffffc150000 - 0x00007ffffc1f6000 	C:\WINDOWS\System32\sechost.dll
0x00007ffffbb50000 - 0x00007ffffbc66000 	C:\WINDOWS\System32\RPCRT4.dll
0x00007ffffbf80000 - 0x00007ffffc14a000 	C:\WINDOWS\System32\USER32.dll
0x00007ffffa220000 - 0x00007ffffa247000 	C:\WINDOWS\System32\win32u.dll
0x00007ffffc470000 - 0x00007ffffc49a000 	C:\WINDOWS\System32\GDI32.dll
0x00007ffff9780000 - 0x00007ffff98b1000 	C:\WINDOWS\System32\gdi32full.dll
0x00007ffffa170000 - 0x00007ffffa213000 	C:\WINDOWS\System32\msvcp_win.dll
0x00007fffdecd0000 - 0x00007fffdef60000 	C:\WINDOWS\WinSxS\amd64_microsoft.windows.common-controls_6595b64144ccf1df_6.0.26100.3323_none_3e088096e3344490\COMCTL32.dll
0x00007ffff1590000 - 0x00007ffff159b000 	C:\WINDOWS\SYSTEM32\VERSION.dll
0x00007ffffc250000 - 0x00007ffffc27f000 	C:\WINDOWS\System32\IMM32.DLL
0x00007fffd4b70000 - 0x00007fffd4b7c000 	C:\Program Files\Java\jdk-21\bin\vcruntime140_1.dll
0x00007fffd3dc0000 - 0x00007fffd3e4e000 	C:\Program Files\Java\jdk-21\bin\msvcp140.dll
0x00007fffd2500000 - 0x00007fffd3217000 	C:\Program Files\Java\jdk-21\bin\server\jvm.dll
0x00007ffffbe10000 - 0x00007ffffbe84000 	C:\WINDOWS\System32\WS2_32.dll
0x00007ffff9630000 - 0x00007ffff967e000 	C:\WINDOWS\SYSTEM32\POWRPROF.dll
0x00007fffefdf0000 - 0x00007fffefe26000 	C:\WINDOWS\SYSTEM32\WINMM.dll
0x00007ffff95f0000 - 0x00007ffff9604000 	C:\WINDOWS\SYSTEM32\UMPDC.dll
0x00007ffff8580000 - 0x00007ffff859a000 	C:\WINDOWS\SYSTEM32\kernel.appcore.dll
0x00007fffd3a80000 - 0x00007fffd3a8a000 	C:\Program Files\Java\jdk-21\bin\jimage.dll
0x00007fffecb90000 - 0x00007fffecdd1000 	C:\WINDOWS\SYSTEM32\DBGHELP.DLL
0x00007ffffb300000 - 0x00007ffffb682000 	C:\WINDOWS\System32\combase.dll
0x00007ffffbe90000 - 0x00007ffffbf66000 	C:\WINDOWS\System32\OLEAUT32.dll
0x00007fffdb030000 - 0x00007fffdb069000 	C:\WINDOWS\SYSTEM32\dbgcore.DLL
0x00007ffff9ea0000 - 0x00007ffff9f39000 	C:\WINDOWS\System32\bcryptPrimitives.dll
0x00007fffc1610000 - 0x00007fffc161f000 	C:\Program Files\Java\jdk-21\bin\instrument.dll
0x00007fffd4240000 - 0x00007fffd425f000 	C:\Program Files\Java\jdk-21\bin\java.dll
0x00007ffffab50000 - 0x00007ffffb265000 	C:\WINDOWS\System32\SHELL32.dll
0x00007ffffa000000 - 0x00007ffffa168000 	C:\WINDOWS\System32\wintypes.dll
0x00007ffff7440000 - 0x00007ffff7c85000 	C:\WINDOWS\SYSTEM32\windows.storage.dll
0x00007ffffb690000 - 0x00007ffffb77b000 	C:\WINDOWS\System32\SHCORE.dll
0x00007ffffb890000 - 0x00007ffffb8ed000 	C:\WINDOWS\System32\shlwapi.dll
0x00007ffff9690000 - 0x00007ffff96bf000 	C:\WINDOWS\SYSTEM32\profapi.dll
0x00007fffd1bd0000 - 0x00007fffd1ca7000 	C:\Program Files\Java\jdk-21\bin\jsvml.dll
0x00007fffd1e20000 - 0x00007fffd1e38000 	C:\Program Files\Java\jdk-21\bin\zip.dll
0x00007fffd1e60000 - 0x00007fffd1e70000 	C:\Program Files\Java\jdk-21\bin\net.dll
0x00007ffff13a0000 - 0x00007ffff14be000 	C:\WINDOWS\SYSTEM32\WINHTTP.dll
0x00007ffff8ac0000 - 0x00007ffff8b2a000 	C:\WINDOWS\system32\mswsock.dll
0x00007fffd1e40000 - 0x00007fffd1e56000 	C:\Program Files\Java\jdk-21\bin\nio.dll
0x00007fffb5950000 - 0x00007fffb596a000 	C:\Program Files\JetBrains\IntelliJ IDEA Community Edition 2023.1.3\bin\breakgen64.dll
0x00007fffcf380000 - 0x00007fffcf389000 	C:\Program Files\Java\jdk-21\bin\extnet.dll
0x00007fffd6a90000 - 0x00007fffd6aa8000 	C:\WINDOWS\system32\napinsp.dll
0x00007ffff8020000 - 0x00007ffff8145000 	C:\WINDOWS\SYSTEM32\DNSAPI.dll
0x00007ffff7f90000 - 0x00007ffff7fc3000 	C:\WINDOWS\SYSTEM32\IPHLPAPI.DLL
0x00007ffffc530000 - 0x00007ffffc53a000 	C:\WINDOWS\System32\NSI.dll
0x00007fffd6840000 - 0x00007fffd6852000 	C:\WINDOWS\System32\winrnr.dll
0x00007fffd6810000 - 0x00007fffd6832000 	C:\WINDOWS\system32\nlansp_c.dll
0x00007ffff1a70000 - 0x00007ffff1a86000 	C:\WINDOWS\system32\wshbth.dll
0x00007ffff2b50000 - 0x00007ffff2b5b000 	C:\Windows\System32\rasadhlp.dll
0x00007ffff0890000 - 0x00007ffff0915000 	C:\WINDOWS\System32\fwpuclnt.dll
0x00007fffd1180000 - 0x00007fffd118e000 	C:\Program Files\Java\jdk-21\bin\sunmscapi.dll
0x00007ffff98c0000 - 0x00007ffff9a37000 	C:\WINDOWS\System32\CRYPT32.dll
0x00007ffff8f60000 - 0x00007ffff8f90000 	C:\WINDOWS\SYSTEM32\ncrypt.dll
0x00007ffff8f10000 - 0x00007ffff8f4f000 	C:\WINDOWS\SYSTEM32\NTASN1.dll
0x00007ffff8d60000 - 0x00007ffff8d7c000 	C:\WINDOWS\SYSTEM32\CRYPTSP.dll
0x00007ffff84e0000 - 0x00007ffff851a000 	C:\WINDOWS\system32\rsaenh.dll
0x00007ffff8b60000 - 0x00007ffff8b8b000 	C:\WINDOWS\SYSTEM32\USERENV.dll
0x00007ffff8fa0000 - 0x00007ffff8fc6000 	C:\WINDOWS\SYSTEM32\bcrypt.dll
0x00007ffff8d80000 - 0x00007ffff8d8c000 	C:\WINDOWS\SYSTEM32\CRYPTBASE.dll
0x00007fffe2680000 - 0x00007fffe2688000 	C:\WINDOWS\system32\wshunix.dll
0x00007fffc8030000 - 0x00007fffc8040000 	C:\Program Files\Java\jdk-21\bin\verify.dll
0x00007fffe0a40000 - 0x00007fffe0a4a000 	C:\Program Files\Java\jdk-21\bin\management.dll
0x00007fffe0a00000 - 0x00007fffe0a0b000 	C:\Program Files\Java\jdk-21\bin\management_ext.dll
0x00007ffffb2f0000 - 0x00007ffffb2f8000 	C:\WINDOWS\System32\PSAPI.DLL
0x00007fffdb120000 - 0x00007fffdb16e000 	C:\WINDOWS\SYSTEM32\pdh.dll
0x00007fffd1480000 - 0x00007fffd1491000 	C:\WINDOWS\System32\perfos.dll
0x00007ffff6b70000 - 0x00007ffff6b82000 	C:\WINDOWS\SYSTEM32\pfclient.dll
0x00007fffd14a0000 - 0x00007fffd14b2000 	C:\WINDOWS\System32\perfproc.dll

dbghelp: loaded successfully - version: 4.0.5 - missing functions: none
symbol engine: initialized successfully - sym options: 0x614 - pdb path: .;C:\Program Files\Java\jdk-21\bin;C:\WINDOWS\SYSTEM32;C:\WINDOWS\WinSxS\amd64_microsoft.windows.common-controls_6595b64144ccf1df_6.0.26100.3323_none_3e088096e3344490;C:\Program Files\Java\jdk-21\bin\server;C:\Program Files\JetBrains\IntelliJ IDEA Community Edition 2023.1.3\bin

VM Arguments:
jvm_args: -javaagent:C:\Program Files\JetBrains\IntelliJ IDEA Community Edition 2023.1.3\lib\idea_rt.jar=50947:C:\Program Files\JetBrains\IntelliJ IDEA Community Edition 2023.1.3\bin -Dfile.encoding=UTF-8 -Dsun.stdout.encoding=UTF-8 -Dsun.stderr.encoding=UTF-8 
java_command: com.shopee.microservices.product.ProductServiceApplication
java_class_path (initial): C:\Users\Hritika\IdeaProjects\Shopee\product-service\target\classes;C:\Users\Hritika\.m2\repository\org\springframework\boot\spring-boot-starter-data-mongodb\3.4.3\spring-boot-starter-data-mongodb-3.4.3.jar;C:\Users\Hritika\.m2\repository\org\springframework\boot\spring-boot-starter\3.4.3\spring-boot-starter-3.4.3.jar;C:\Users\Hritika\.m2\repository\org\springframework\boot\spring-boot\3.4.3\spring-boot-3.4.3.jar;C:\Users\Hritika\.m2\repository\org\springframework\boot\spring-boot-starter-logging\3.4.3\spring-boot-starter-logging-3.4.3.jar;C:\Users\Hritika\.m2\repository\org\apache\logging\log4j\log4j-to-slf4j\2.24.3\log4j-to-slf4j-2.24.3.jar;C:\Users\Hritika\.m2\repository\org\apache\logging\log4j\log4j-api\2.24.3\log4j-api-2.24.3.jar;C:\Users\Hritika\.m2\repository\org\slf4j\jul-to-slf4j\2.0.16\jul-to-slf4j-2.0.16.jar;C:\Users\Hritika\.m2\repository\jakarta\annotation\jakarta.annotation-api\2.1.1\jakarta.annotation-api-2.1.1.jar;C:\Users\Hritika\.m2\repository\org\yaml\snakeyaml\2.3\snakeyaml-2.3.jar;C:\Users\Hritika\.m2\repository\org\mongodb\mongodb-driver-sync\5.2.1\mongodb-driver-sync-5.2.1.jar;C:\Users\Hritika\.m2\repository\org\mongodb\bson\5.2.1\bson-5.2.1.jar;C:\Users\Hritika\.m2\repository\org\mongodb\mongodb-driver-core\5.2.1\mongodb-driver-core-5.2.1.jar;C:\Users\Hritika\.m2\repository\org\mongodb\bson-record-codec\5.2.1\bson-record-codec-5.2.1.jar;C:\Users\Hritika\.m2\repository\org\springframework\data\spring-data-mongodb\4.4.3\spring-data-mongodb-4.4.3.jar;C:\Users\Hritika\.m2\repository\org\springframework\spring-tx\6.2.3\spring-tx-6.2.3.jar;C:\Users\Hritika\.m2\repository\org\springframework\spring-context\6.2.3\spring-context-6.2.3.jar;C:\Users\Hritika\.m2\repository\org\springframework\spring-beans\6.2.3\spring-beans-6.2.3.jar;C:\Users\Hritika\.m2\repository\org\springframework\spring-expression\6.2.3\spring-expression-6.2.3.jar;C:\Users\Hritika\.m2\repository\org\springframework\data\spring-data-commons\3.4.3\spring-data-commons-3.4.3.jar;C:\Users\Hritika\.m2\repository\org\springframework\boot\spring-boot-starter-web\3.4.3\spring-boot-starter-web-3.4.3.jar;C:\Users\Hritika\.m2\repository\org\springframework\boot\spring-boot-starter-json\3.4.3\spring-boot-starter-json-3.4.3.jar;C:\Users\Hritika\.m2\repository\com\fasterxml\jackson\core\jackson-databind\2.18.2\jackson-databind-2.18.2.jar;C:\Users\Hritika\.m2\repository\com\fasterxml\jackson\core\jackson-annotations\2.18.2\jackson-annotations-2.18.2.jar;C:\Users\Hritika\.m2\repository\com\fasterxml\jackson\core\jackson-core\2.18.2\jackson-core-2.18.2.jar;C:\Users\Hritika\.m2\repository\com\fasterxml\jackson\datatype\jackson-datatype-jdk8\2.18.2\jackson-datatype-jdk8-2.18.2.jar;C:\Users\Hritika\.m2\repository\com\fasterxml\jackson\datatype\jackson-datatype-jsr310\2.18.2\jackson-datatype-jsr310-2.18.2.jar;C:\Users\Hritika\.m2\repository\com\fasterxml\jackson\module\jackson-module-parameter-names\2.18.2\jackson-module-parameter-names-2.18.2.jar;C:\Users\Hritika\.m2\repository\org\springframework\boot\spring-boot-starter-tomcat\3.4.3\spring-boot-starter-tomcat-3.4.3.jar;C:\Users\Hritika\.m2\repository\org\apache\tomcat\embed\tomcat-embed-core\10.1.36\tomcat-embed-core-10.1.36.jar;C:\Users\Hritika\.m2\repository\org\apache\tomcat\embed\tomcat-embed-el\10.1.36\tomcat-embed-el-10.1.36.jar;C:\Users\Hritika\.m2\repository\org\apache\tomcat\embed\tomcat-embed-websocket\10.1.36\tomcat-embed-websocket-10.1.36.jar;C:\Users\Hritika\.m2\repository\org\springframework\spring-web\6.2.3\spring-web-6.2.3.jar;C:\Users\Hritika\.m2\repository\org\springframework\spring-webmvc\6.2.3\spring-webmvc-6.2.3.jar;C:\Users\Hritika\.m2\repository\org\springdoc\springdoc-openapi-starter-webmvc-ui\2.8.5\springdoc-openapi-starter-webmvc-ui-2.8.5.jar;C:\Users\Hritika\.m2\repository\org\webjars\swagger-ui\5.18.3\swagger-ui-5.18.3.jar;C:\Users\Hritika\.m2\repository\org\webjars\webjars-locator-lite\1.0.1\webjars-locator-lite-1.0.1.jar;C:\Users\Hritika\.m2\repository\org\jspecify\jspecify\1.0.0\jspecify-1.0.0.jar;C:\Users\Hritika\.m2\repository\org\springdoc\springdoc-openapi-starter-webmvc-api\2.8.5\springdoc-openapi-starter-webmvc-api-2.8.5.jar;C:\Users\Hritika\.m2\repository\org\springdoc\springdoc-openapi-starter-common\2.8.5\springdoc-openapi-starter-common-2.8.5.jar;C:\Users\Hritika\.m2\repository\io\swagger\core\v3\swagger-core-jakarta\2.2.28\swagger-core-jakarta-2.2.28.jar;C:\Users\Hritika\.m2\repository\io\swagger\core\v3\swagger-annotations-jakarta\2.2.28\swagger-annotations-jakarta-2.2.28.jar;C:\Users\Hritika\.m2\repository\io\swagger\core\v3\swagger-models-jakarta\2.2.28\swagger-models-jakarta-2.2.28.jar;C:\Users\Hritika\.m2\repository\jakarta\validation\jakarta.validation-api\3.0.2\jakarta.validation-api-3.0.2.jar;C:\Users\Hritika\.m2\repository\com\fasterxml\jackson\dataformat\jackson-dataformat-yaml\2.18.2\jackson-dataformat-yaml-2.18.2.jar;C:\Users\Hritika\.m2\repository\jakarta\xml\bind\jakarta.xml.bind-api\4.0.2\jakarta.xml.bind-api-4.0.2.jar;C:\Users\Hritika\.m2\repository\jakarta\activation\jakarta.activation-api\2.1.3\jakarta.activation-api-2.1.3.jar;C:\Users\Hritika\.m2\repository\org\hamcrest\hamcrest\2.2\hamcrest-2.2.jar;C:\Users\Hritika\.m2\repository\org\springframework\spring-core\6.2.3\spring-core-6.2.3.jar;C:\Users\Hritika\.m2\repository\org\springframework\spring-jcl\6.2.3\spring-jcl-6.2.3.jar;C:\Users\Hritika\.m2\repository\org\springframework\boot\spring-boot-autoconfigure\3.4.3\spring-boot-autoconfigure-3.4.3.jar;C:\Users\Hritika\.m2\repository\io\rest-assured\rest-assured\5.3.2\rest-assured-5.3.2.jar;C:\Users\Hritika\.m2\repository\org\apache\groovy\groovy\4.0.25\groovy-4.0.25.jar;C:\Users\Hritika\.m2\repository\org\apache\groovy\groovy-xml\4.0.25\groovy-xml-4.0.25.jar;C:\Users\Hritika\.m2\repository\org\apache\httpcomponents\httpclient\4.5.13\httpclient-4.5.13.jar;C:\Users\Hritika\.m2\repository\org\apache\httpcomponents\httpcore\4.4.16\httpcore-4.4.16.jar;C:\Users\Hritika\.m2\repository\commons-logging\commons-logging\1.2\commons-logging-1.2.jar;C:\Users\Hritika\.m2\repository\commons-codec\commons-codec\1.17.2\commons-codec-1.17.2.jar;C:\Users\Hritika\.m2\repository\org\apache\httpcomponents\httpmime\4.5.13\httpmime-4.5.13.jar;C:\Users\Hritika\.m2\repository\org\ccil\cowan\tagsoup\tagsoup\1.2.1\tagsoup-1.2.1.jar;C:\Users\Hritika\.m2\repository\io\rest-assured\json-path\5.5.1\json-path-5.5.1.jar;C:\Users\Hritika\.m2\repository\org\apache\groovy\groovy-json\4.0.25\groovy-json-4.0.25.jar;C:\Users\Hritika\.m2\repository\io\rest-assured\rest-assured-common\5.5.1\rest-assured-common-5.5.1.jar;C:\Users\Hritika\.m2\repository\io\rest-assured\xml-path\5.5.1\xml-path-5.5.1.jar;C:\Users\Hritika\.m2\repository\org\apache\commons\commons-lang3\3.17.0\commons-lang3-3.17.0.jar;C:\Users\Hritika\.m2\repository\com\github\loki4j\loki-logback-appender\1.3.2\loki-logback-appender-1.3.2.jar;C:\Users\Hritika\.m2\repository\ch\qos\logback\logback-classic\1.5.16\logback-classic-1.5.16.jar;C:\Users\Hritika\.m2\repository\ch\qos\logback\logback-core\1.5.16\logback-core-1.5.16.jar;C:\Users\Hritika\.m2\repository\org\springframework\boot\spring-boot-starter-actuator\3.4.3\spring-boot-starter-actuator-3.4.3.jar;C:\Users\Hritika\.m2\repository\org\springframework\boot\spring-boot-actuator-autoconfigure\3.4.3\spring-boot-actuator-autoconfigure-3.4.3.jar;C:\Users\Hritika\.m2\repository\org\springframework\boot\spring-boot-actuator\3.4.3\spring-boot-actuator-3.4.3.jar;C:\Users\Hritika\.m2\repository\io\micrometer\micrometer-observation\1.14.4\micrometer-observation-1.14.4.jar;C:\Users\Hritika\.m2\repository\io\micrometer\micrometer-commons\1.14.4\micrometer-commons-1.14.4.jar;C:\Users\Hritika\.m2\repository\io\micrometer\micrometer-jakarta9\1.14.4\micrometer-jakarta9-1.14.4.jar;C:\Users\Hritika\.m2\repository\io\micrometer\micrometer-registry-prometheus\1.14.4\micrometer-registry-prometheus-1.14.4.jar;C:\Users\Hritika\.m2\repository\io\micrometer\micrometer-core\1.14.4\micrometer-core-1.14.4.jar;C:\Users\Hritika\.m2\repository\org\hdrhistogram\HdrHistogram\2.2.2\HdrHistogram-2.2.2.jar;C:\Users\Hritika\.m2\repository\org\latencyutils\LatencyUtils\2.0.3\LatencyUtils-2.0.3.jar;C:\Users\Hritika\.m2\repository\io\prometheus\prometheus-metrics-core\1.3.6\prometheus-metrics-core-1.3.6.jar;C:\Users\Hritika\.m2\repository\io\prometheus\prometheus-metrics-model\1.3.6\prometheus-metrics-model-1.3.6.jar;C:\Users\Hritika\.m2\repository\io\prometheus\prometheus-metrics-config\1.3.6\prometheus-metrics-config-1.3.6.jar;C:\Users\Hritika\.m2\repository\io\prometheus\prometheus-metrics-tracer-common\1.3.6\prometheus-metrics-tracer-common-1.3.6.jar;C:\Users\Hritika\.m2\repository\io\prometheus\prometheus-metrics-exposition-formats\1.3.6\prometheus-metrics-exposition-formats-1.3.6.jar;C:\Users\Hritika\.m2\repository\io\prometheus\prometheus-metrics-exposition-textformats\1.3.6\prometheus-metrics-exposition-textformats-1.3.6.jar;C:\Users\Hritika\.m2\repository\io\micrometer\micrometer-tracing-bridge-brave\1.4.3\micrometer-tracing-bridge-brave-1.4.3.jar;C:\Users\Hritika\.m2\repository\io\micrometer\micrometer-tracing\1.4.3\micrometer-tracing-1.4.3.jar;C:\Users\Hritika\.m2\repository\io\micrometer\context-propagation\1.1.2\context-propagation-1.1.2.jar;C:\Users\Hritika\.m2\repository\aopalliance\aopalliance\1.0\aopalliance-1.0.jar;C:\Users\Hritika\.m2\repository\org\slf4j\slf4j-api\2.0.16\slf4j-api-2.0.16.jar;C:\Users\Hritika\.m2\repository\io\zipkin\brave\brave\6.0.3\brave-6.0.3.jar;C:\Users\Hritika\.m2\repository\io\zipkin\brave\brave-context-slf4j\6.0.3\brave-context-slf4j-6.0.3.jar;C:\Users\Hritika\.m2\repository\io\zipkin\brave\brave-instrumentation-http\6.0.3\brave-instrumentation-http-6.0.3.jar;C:\Users\Hritika\.m2\repository\io\zipkin\aws\brave-propagation-aws\1.2.5\brave-propagation-aws-1.2.5.jar;C:\Users\Hritika\.m2\repository\io\zipkin\contrib\brave-propagation-w3c\brave-propagation-tracecontext\0.2.0\brave-propagation-tracecontext-0.2.0.jar;C:\Users\Hritika\.m2\repository\io\zipkin\reporter2\zipkin-reporter-brave\3.4.3\zipkin-reporter-brave-3.4.3.jar;C:\Users\Hritika\.m2\repository\io\zipkin\reporter2\zipkin-reporter\3.4.3\zipkin-reporter-3.4.3.jar;C:\Users\Hritika\.m2\repository\org\springframework\boot\spring-boot-starter-aop\3.4.3\spring-boot-starter-aop-3.4.3.jar;C:\Users\Hritika\.m2\repository\org\springframework\spring-aop\6.2.3\spring-aop-6.2.3.jar;C:\Users\Hritika\.m2\repository\org\aspectj\aspectjweaver\1.9.22.1\aspectjweaver-1.9.22.1.jar
Launcher Type: SUN_STANDARD

[Global flags]
     intx CICompilerCount                          = 4                                         {product} {ergonomic}
     uint ConcGCThreads                            = 3                                         {product} {ergonomic}
     uint G1ConcRefinementThreads                  = 10                                        {product} {ergonomic}
   size_t G1HeapRegionSize                         = 1048576                                   {product} {ergonomic}
    uintx GCDrainStackTargetSize                   = 64                                        {product} {ergonomic}
   size_t InitialHeapSize                          = 123731968                                 {product} {ergonomic}
   size_t MarkStackSize                            = 4194304                                   {product} {ergonomic}
   size_t MaxHeapSize                              = 1973420032                                {product} {ergonomic}
   size_t MaxNewSize                               = 1183842304                                {product} {ergonomic}
   size_t MinHeapDeltaBytes                        = 1048576                                   {product} {ergonomic}
   size_t MinHeapSize                              = 8388608                                   {product} {ergonomic}
    uintx NonNMethodCodeHeapSize                   = 5839372                                {pd product} {ergonomic}
    uintx NonProfiledCodeHeapSize                  = 122909434                              {pd product} {ergonomic}
    uintx ProfiledCodeHeapSize                     = 122909434                              {pd product} {ergonomic}
    uintx ReservedCodeCacheSize                    = 251658240                              {pd product} {ergonomic}
     bool SegmentedCodeCache                       = true                                      {product} {ergonomic}
   size_t SoftMaxHeapSize                          = 1973420032                             {manageable} {ergonomic}
     bool UseCompressedOops                        = true                           {product lp64_product} {ergonomic}
     bool UseG1GC                                  = true                                      {product} {ergonomic}
     bool UseLargePagesIndividualAllocation        = false                                  {pd product} {ergonomic}

Logging:
Log output configuration:
 #0: stdout all=warning uptime,level,tags foldmultilines=false
 #1: stderr all=off uptime,level,tags foldmultilines=false

Environment Variables:
JAVA_HOME=C:\Program Files\Java\jdk-21
PATH=C:\chromedriver\chromedriver.exe;C:\Program Files\NVIDIA GPU Computing Toolkit\CUDA\v12.3\bin;C:\Program Files\NVIDIA GPU Computing Toolkit\CUDA\v12.3\libnvvp;C:\Program Files\Common Files\Oracle\Java\javapath;C:\oraclexe\app\oracle\product\11.2.0\server\bin;C:\windows\system32;C:\windows;C:\windows\System32\Wbem;C:\windows\System32\WindowsPowerShell\v1.0\;C:\windows\System32\OpenSSH\;C:\Program Files (x86)\NVIDIA Corporation\PhysX\Common;C:\Program Files\NVIDIA Corporation\NVIDIA NvDLISR;C:\WINDOWS\system32;C:\WINDOWS;C:\WINDOWS\System32\Wbem;C:\WINDOWS\System32\WindowsPowerShell\v1.0\;C:\WINDOWS\System32\OpenSSH\;C:\Program Files (x86)\dotnet\;C:\php-8.2.0;C:\Program Files\Git\cmd;C:\Program Files\dotnet\;C:\Program Files\MySQL\MySQL Server 8.0\bin;C:\Program Files\Java\jdk-19\bin;C:\Program Files\apache-maven-3.9.2-bin\apache-maven-3.9.2\bin;C:\Program Files\CMake\bin;C:\Program Files\nodejs\;C:\Program Files\swipl\bin;C:\Program Files\MongoDB\Server\7.0\bin;C:\Program Files\mongoshell\mongosh-2.1.1-win32-x64\mongosh-2.1.1-win32-x64\bin;C:\mongodb-database-tools-windows-x86_64-100.9.3\mongodb-database-tools-windows-x86_64-100.9.3\bin;C:\Program Files\Java\jdk-21;C:\Program Files (x86)\Windows Kits\10\Windows Performance Toolkit\;C:\Program Files\NVIDIA Corporation\Nsight Compute 2023.3.1\;C:\CuDNN\cudnn-windows-x86_64-8.9.7.29_cuda12-archive\cudnn-windows-x86_64-8.9.7.29_cuda12-archive\bin;C:\CuDNN\cudnn-windows-x86_64-8.9.7.29_cuda12-archive\cudnn-windows-x86_64-8.9.7.29_cuda12-archive\include;C:\CuDNN\cudnn-windows-x86_64-8.9.7.29_cuda12-archive\cudnn-windows-x86_64-8.9.7.29_cuda12-archive\lib\x64;;C:\Program Files\Docker\Docker\resources\bin;C:\chromedriver\chromedriver.exe;C:\Program Files\MySQL\MySQL Shell 8.0\bin\;C:\Users\Hritika\AppData\Local\Programs\Python\Python311\Scripts\;C:\Users\Hritika\AppData\Local\Programs\Python\Python311\;C:\Users\Hritika\AppData\Local\Microsoft\WindowsApps;C:\msys64\mingw64\bin;C:\modeltech64_10.6d\win64;C:\Program Files\Git\cmd;C:\Program Files\heroku\bin;C:\Users\Hritika\.dotnet\tools;C:\Program Files\JetBrains\IntelliJ IDEA Community Edition 2023.1.3\bin;;C:\Users\Hritika\AppData\Roaming\npm;C:\Program Files\MongoDB\Server\7.0\bin;C:\Users\Hritika\AppData\Local\Programs\Microsoft VS Code\bin
USERNAME=Hritika
OS=Windows_NT
PROCESSOR_IDENTIFIER=AMD64 Family 25 Model 80 Stepping 0, AuthenticAMD
TMP=C:\Users\Hritika\AppData\Local\Temp
TEMP=C:\Users\Hritika\AppData\Local\Temp




Periodic native trim disabled

---------------  S Y S T E M  ---------------

OS:
 Windows 11 , 64 bit Build 26100 (10.0.26100.3323)
OS uptime: 0 days 12:02 hours
Hyper-V role detected

CPU: total 12 (initial active 12) (12 cores per cpu, 2 threads per core) family 25 model 80 stepping 0 microcode 0xa50000d, cx8, cmov, fxsr, ht, mmx, 3dnowpref, sse, sse2, sse3, ssse3, sse4a, sse4.1, sse4.2, popcnt, lzcnt, tsc, tscinvbit, avx, avx2, aes, erms, clmul, bmi1, bmi2, adx, sha, fma, vzeroupper, clflush, clflushopt, hv, rdtscp, rdpid, fsrm, f16c, cet_ss
Processor Information for processor 0
  Max Mhz: 3301, Current Mhz: 3301, Mhz Limit: 3301
Processor Information for processor 1
  Max Mhz: 3301, Current Mhz: 3301, Mhz Limit: 3301
Processor Information for processor 2
  Max Mhz: 3301, Current Mhz: 3301, Mhz Limit: 3301
Processor Information for processor 3
  Max Mhz: 3301, Current Mhz: 3301, Mhz Limit: 3301
Processor Information for processor 4
  Max Mhz: 3301, Current Mhz: 1805, Mhz Limit: 3301
Processor Information for processor 5
  Max Mhz: 3301, Current Mhz: 3301, Mhz Limit: 3301
Processor Information for processor 6
  Max Mhz: 3301, Current Mhz: 1805, Mhz Limit: 3301
Processor Information for processor 7
  Max Mhz: 3301, Current Mhz: 1805, Mhz Limit: 3301
Processor Information for processor 8
  Max Mhz: 3301, Current Mhz: 1805, Mhz Limit: 3301
Processor Information for processor 9
  Max Mhz: 3301, Current Mhz: 1805, Mhz Limit: 3301
Processor Information for processor 10
  Max Mhz: 3301, Current Mhz: 1805, Mhz Limit: 3301
Processor Information for processor 11
  Max Mhz: 3301, Current Mhz: 1805, Mhz Limit: 3301

Memory: 4k page, system-wide physical 7521M (1214M free)
TotalPageFile size 31073M (AvailPageFile size 0M)
current process WorkingSet (physical memory assigned to process): 38M, peak: 301M
current process commit charge ("private bytes"): 372M, peak: 466M

vm_info: Java HotSpot(TM) 64-Bit Server VM (21.0.2+13-LTS-58) for windows-amd64 JRE (21.0.2+13-LTS-58), built on 2024-01-05T18:32:24Z by "mach5one" with MS VC++ 17.1 (VS2022)

END.
