#
# There is insufficient memory for the Java Runtime Environment to continue.
# Native memory allocation (malloc) failed to allocate 937392 bytes for Chunk::new
# Possible reasons:
#   The system is out of physical RAM or swap space
#   The process is running with CompressedOops enabled, and the Java Heap may be blocking the growth of the native heap
# Possible solutions:
#   Reduce memory load on the system
#   Increase physical memory or swap space
#   Check if swap backing store is full
#   Decrease Java heap size (-Xmx/-Xms)
#   Decrease number of Java threads
#   Decrease Java thread stack sizes (-Xss)
#   Set larger code cache with -XX:ReservedCodeCacheSize=
#   JVM is running with Unscaled Compressed Oops mode in which the Java heap is
#     placed in the first 4GB address space. The Java Heap base address is the
#     maximum limit for the native heap growth. Please use -XX:HeapBaseMinAddress
#     to set the Java Heap base and to place the Java Heap above 4GB virtual address.
# This output file may be truncated or incomplete.
#
#  Out of Memory Error (arena.cpp:168), pid=26028, tid=1176
#
# JRE version: Java(TM) SE Runtime Environment (21.0.2+13) (build 21.0.2+13-LTS-58)
# Java VM: Java HotSpot(TM) 64-Bit Server VM (21.0.2+13-LTS-58, mixed mode, sharing, tiered, compressed oops, compressed class ptrs, g1 gc, windows-amd64)
# No core dump will be written. Minidumps are not enabled by default on client versions of Windows
#

---------------  S U M M A R Y ------------

Command Line: -javaagent:C:\Program Files\JetBrains\IntelliJ IDEA Community Edition 2023.1.3\lib\idea_rt.jar=56272:C:\Program Files\JetBrains\IntelliJ IDEA Community Edition 2023.1.3\bin -Dfile.encoding=UTF-8 -Dsun.stdout.encoding=UTF-8 -Dsun.stderr.encoding=UTF-8 com.shopee.microservices.order.OrderServiceApplication

Host: AMD Ryzen 5 5600H with Radeon Graphics         , 12 cores, 7G,  Windows 11 , 64 bit Build 26100 (10.0.26100.3323)
Time: Thu May 15 22:48:41 2025 India Standard Time elapsed time: 34.832402 seconds (0d 0h 0m 34s)

---------------  T H R E A D  ---------------

Current thread (0x000001caa16b45c0):  JavaThread "C2 CompilerThread0" daemon [_thread_in_native, id=1176, stack(0x0000006052800000,0x0000006052900000) (1024K)]


Current CompileTask:
C2:  34834 4207   !   4       org.springframework.beans.factory.support.DefaultListableBeanFactory::doGetBeanNamesForType (505 bytes)

Stack: [0x0000006052800000,0x0000006052900000]
Native frames: (J=compiled Java code, j=interpreted, Vv=VM code, C=native code)
V  [jvm.dll+0x6cade9]
V  [jvm.dll+0x8569c1]
V  [jvm.dll+0x858d2e]
V  [jvm.dll+0x859413]
V  [jvm.dll+0x280e56]
V  [jvm.dll+0xc3f3d]
V  [jvm.dll+0xc4473]
V  [jvm.dll+0x3b5c2c]
V  [jvm.dll+0x382855]
V  [jvm.dll+0x381cca]
V  [jvm.dll+0x249bd0]
V  [jvm.dll+0x2491b1]
V  [jvm.dll+0x1c9634]
V  [jvm.dll+0x258859]
V  [jvm.dll+0x256e3a]
V  [jvm.dll+0x3ef6c6]
V  [jvm.dll+0x7ff568]
V  [jvm.dll+0x6c953d]
C  [ucrtbase.dll+0x37b0]
C  [KERNEL32.DLL+0x2e8d7]
C  [ntdll.dll+0xbbf6c]


---------------  P R O C E S S  ---------------

Threads class SMR info:
_java_thread_list=0x000001cae864f450, length=12, elements={
0x000001ca84bbb6d0, 0x000001caa16973f0, 0x000001caa169be60, 0x000001caa16a8bb0,
0x000001caa16aa880, 0x000001caa16abbb0, 0x000001caa16ad580, 0x000001caa16b45c0,
0x000001caa16b6fa0, 0x000001caa1661090, 0x000001caa1adae90, 0x000001caa1b235f0
}

Java Threads: ( => current thread )
  0x000001ca84bbb6d0 JavaThread "main"                              [_thread_in_vm, id=7960, stack(0x0000006051a00000,0x0000006051b00000) (1024K)]
  0x000001caa16973f0 JavaThread "Reference Handler"          daemon [_thread_blocked, id=28752, stack(0x0000006052200000,0x0000006052300000) (1024K)]
  0x000001caa169be60 JavaThread "Finalizer"                  daemon [_thread_blocked, id=24616, stack(0x0000006052300000,0x0000006052400000) (1024K)]
  0x000001caa16a8bb0 JavaThread "Signal Dispatcher"          daemon [_thread_blocked, id=2376, stack(0x0000006052400000,0x0000006052500000) (1024K)]
  0x000001caa16aa880 JavaThread "Attach Listener"            daemon [_thread_blocked, id=23136, stack(0x0000006052500000,0x0000006052600000) (1024K)]
  0x000001caa16abbb0 JavaThread "Service Thread"             daemon [_thread_blocked, id=17112, stack(0x0000006052600000,0x0000006052700000) (1024K)]
  0x000001caa16ad580 JavaThread "Monitor Deflation Thread"   daemon [_thread_blocked, id=13068, stack(0x0000006052700000,0x0000006052800000) (1024K)]
=>0x000001caa16b45c0 JavaThread "C2 CompilerThread0"         daemon [_thread_in_native, id=1176, stack(0x0000006052800000,0x0000006052900000) (1024K)]
  0x000001caa16b6fa0 JavaThread "C1 CompilerThread0"         daemon [_thread_blocked, id=17060, stack(0x0000006052900000,0x0000006052a00000) (1024K)]
  0x000001caa1661090 JavaThread "Common-Cleaner"             daemon [_thread_blocked, id=27360, stack(0x0000006052a00000,0x0000006052b00000) (1024K)]
  0x000001caa1adae90 JavaThread "Monitor Ctrl-Break"         daemon [_thread_in_native, id=8412, stack(0x0000006052b00000,0x0000006052c00000) (1024K)]
  0x000001caa1b235f0 JavaThread "Notification Thread"        daemon [_thread_blocked, id=22760, stack(0x0000006052c00000,0x0000006052d00000) (1024K)]
Total: 12

Other Threads:
  0x000001caa16782e0 VMThread "VM Thread"                           [id=26768, stack(0x0000006052100000,0x0000006052200000) (1024K)]
  0x000001caa165f5f0 WatcherThread "VM Periodic Task Thread"        [id=12952, stack(0x0000006052000000,0x0000006052100000) (1024K)]
  0x000001ca84c0eef0 WorkerThread "GC Thread#0"                     [id=21808, stack(0x0000006051b00000,0x0000006051c00000) (1024K)]
  0x000001cae7484ca0 WorkerThread "GC Thread#1"                     [id=10288, stack(0x0000006052d00000,0x0000006052e00000) (1024K)]
  0x000001cae765c3c0 WorkerThread "GC Thread#2"                     [id=21212, stack(0x0000006052e00000,0x0000006052f00000) (1024K)]
  0x000001cae7654f10 WorkerThread "GC Thread#3"                     [id=29076, stack(0x0000006052f00000,0x0000006053000000) (1024K)]
  0x000001cae76f6430 WorkerThread "GC Thread#4"                     [id=9188, stack(0x0000006053000000,0x0000006053100000) (1024K)]
  0x000001cae79f5d50 WorkerThread "GC Thread#5"                     [id=19036, stack(0x0000006053100000,0x0000006053200000) (1024K)]
  0x000001cae7a360b0 WorkerThread "GC Thread#6"                     [id=29856, stack(0x0000006053200000,0x0000006053300000) (1024K)]
  0x000001cae7a213c0 WorkerThread "GC Thread#7"                     [id=5148, stack(0x0000006053300000,0x0000006053400000) (1024K)]
  0x000001cae7a21760 WorkerThread "GC Thread#8"                     [id=23020, stack(0x0000006053400000,0x0000006053500000) (1024K)]
  0x000001cae79d41e0 WorkerThread "GC Thread#9"                     [id=2972, stack(0x0000006053500000,0x0000006053600000) (1024K)]
  0x000001ca84c208a0 ConcurrentGCThread "G1 Main Marker"            [id=22412, stack(0x0000006051c00000,0x0000006051d00000) (1024K)]
  0x000001ca84c21b40 WorkerThread "G1 Conc#0"                       [id=23508, stack(0x0000006051d00000,0x0000006051e00000) (1024K)]
  0x000001cae7f422f0 WorkerThread "G1 Conc#1"                       [id=29784, stack(0x0000006053600000,0x0000006053700000) (1024K)]
  0x000001cae7f410d0 WorkerThread "G1 Conc#2"                       [id=17340, stack(0x0000006053700000,0x0000006053800000) (1024K)]
  0x000001caa1531170 ConcurrentGCThread "G1 Refine#0"               [id=14136, stack(0x0000006051e00000,0x0000006051f00000) (1024K)]
  0x000001caa1531af0 ConcurrentGCThread "G1 Service"                [id=8832, stack(0x0000006051f00000,0x0000006052000000) (1024K)]
Total: 18

Threads with active compile tasks:
C2 CompilerThread0    35252 4207   !   4       org.springframework.beans.factory.support.DefaultListableBeanFactory::doGetBeanNamesForType (505 bytes)
Total: 1

VM state: not at safepoint (normal execution)

VM Mutex/Monitor currently owned by a thread: None

Heap address: 0x000000008a600000, size: 1882 MB, Compressed Oops mode: 32-bit

CDS archive(s) mapped at: [0x000001caa2000000-0x000001caa2c90000-0x000001caa2c90000), size 13172736, SharedBaseAddress: 0x000001caa2000000, ArchiveRelocationMode: 1.
Compressed class space mapped at: 0x000001caa3000000-0x000001cae3000000, reserved size: 1073741824
Narrow klass base: 0x000001caa2000000, Narrow klass shift: 0, Narrow klass range: 0x100000000

GC Precious Log:
 CardTable entry size: 512
 Card Set container configuration: InlinePtr #cards 5 size 8 Array Of Cards #cards 12 size 40 Howl #buckets 4 coarsen threshold 1843 Howl Bitmap #cards 512 size 80 coarsen threshold 460 Card regions per heap region 1 cards per card region 2048
 CPUs: 12 total, 12 available
 Memory: 7521M
 Large Page Support: Disabled
 NUMA Support: Disabled
 Compressed Oops: Enabled (32-bit)
 Heap Region Size: 1M
 Heap Min Capacity: 8M
 Heap Initial Capacity: 118M
 Heap Max Capacity: 1882M
 Pre-touch: Disabled
 Parallel Workers: 10
 Concurrent Workers: 3
 Concurrent Refinement Workers: 10
 Periodic GC: Disabled

Heap:
 garbage-first heap   total 95232K, used 36314K [0x000000008a600000, 0x0000000100000000)
  region size 1024K, 13 young (13312K), 3 survivors (3072K)
 Metaspace       used 29399K, committed 29760K, reserved 1114112K
  class space    used 3512K, committed 3712K, reserved 1048576K

Heap Regions: E=young(eden), S=young(survivor), O=old, HS=humongous(starts), HC=humongous(continues), CS=collection set, F=free, TAMS=top-at-mark-start, PB=parsable bottom
|   0|0x000000008a600000, 0x000000008a700000, 0x000000008a700000|100%|HS|  |TAMS 0x000000008a600000| PB 0x000000008a600000| Complete 
|   1|0x000000008a700000, 0x000000008a800000, 0x000000008a800000|100%|HS|  |TAMS 0x000000008a700000| PB 0x000000008a700000| Complete 
|   2|0x000000008a800000, 0x000000008a900000, 0x000000008a900000|100%|HS|  |TAMS 0x000000008a800000| PB 0x000000008a800000| Complete 
|   3|0x000000008a900000, 0x000000008aa00000, 0x000000008aa00000|100%| O|  |TAMS 0x000000008a900000| PB 0x000000008a900000| Untracked 
|   4|0x000000008aa00000, 0x000000008ab00000, 0x000000008ab00000|100%| O|  |TAMS 0x000000008aa00000| PB 0x000000008aa00000| Untracked 
|   5|0x000000008ab00000, 0x000000008ac00000, 0x000000008ac00000|100%| O|  |TAMS 0x000000008ab00000| PB 0x000000008ab00000| Untracked 
|   6|0x000000008ac00000, 0x000000008ad00000, 0x000000008ad00000|100%| O|  |TAMS 0x000000008ac00000| PB 0x000000008ac00000| Untracked 
|   7|0x000000008ad00000, 0x000000008ae00000, 0x000000008ae00000|100%| O|  |TAMS 0x000000008ad00000| PB 0x000000008ad00000| Untracked 
|   8|0x000000008ae00000, 0x000000008af00000, 0x000000008af00000|100%| O|  |TAMS 0x000000008ae00000| PB 0x000000008ae00000| Untracked 
|   9|0x000000008af00000, 0x000000008b000000, 0x000000008b000000|100%| O|  |TAMS 0x000000008af00000| PB 0x000000008af00000| Untracked 
|  10|0x000000008b000000, 0x000000008b100000, 0x000000008b100000|100%| O|  |TAMS 0x000000008b000000| PB 0x000000008b000000| Untracked 
|  11|0x000000008b100000, 0x000000008b200000, 0x000000008b200000|100%| O|  |TAMS 0x000000008b100000| PB 0x000000008b100000| Untracked 
|  12|0x000000008b200000, 0x000000008b300000, 0x000000008b300000|100%| O|  |TAMS 0x000000008b200000| PB 0x000000008b200000| Untracked 
|  13|0x000000008b300000, 0x000000008b400000, 0x000000008b400000|100%| O|  |TAMS 0x000000008b300000| PB 0x000000008b300000| Untracked 
|  14|0x000000008b400000, 0x000000008b500000, 0x000000008b500000|100%| O|  |TAMS 0x000000008b400000| PB 0x000000008b400000| Untracked 
|  15|0x000000008b500000, 0x000000008b600000, 0x000000008b600000|100%| O|  |TAMS 0x000000008b500000| PB 0x000000008b500000| Untracked 
|  16|0x000000008b600000, 0x000000008b700000, 0x000000008b700000|100%| O|  |TAMS 0x000000008b600000| PB 0x000000008b600000| Untracked 
|  17|0x000000008b700000, 0x000000008b800000, 0x000000008b800000|100%| O|  |TAMS 0x000000008b700000| PB 0x000000008b700000| Untracked 
|  18|0x000000008b800000, 0x000000008b800000, 0x000000008b900000|  0%| F|  |TAMS 0x000000008b800000| PB 0x000000008b800000| Untracked 
|  19|0x000000008b900000, 0x000000008ba00000, 0x000000008ba00000|100%| O|  |TAMS 0x000000008b900000| PB 0x000000008b900000| Untracked 
|  20|0x000000008ba00000, 0x000000008bb00000, 0x000000008bb00000|100%| O|  |TAMS 0x000000008ba00000| PB 0x000000008ba00000| Untracked 
|  21|0x000000008bb00000, 0x000000008bc00000, 0x000000008bc00000|100%| O|  |TAMS 0x000000008bb00000| PB 0x000000008bb00000| Untracked 
|  22|0x000000008bc00000, 0x000000008bd00000, 0x000000008bd00000|100%| O|  |TAMS 0x000000008bc00000| PB 0x000000008bc00000| Untracked 
|  23|0x000000008bd00000, 0x000000008be00000, 0x000000008be00000|100%| O|  |TAMS 0x000000008bd00000| PB 0x000000008bd00000| Untracked 
|  24|0x000000008be00000, 0x000000008beb7390, 0x000000008bf00000| 71%| O|  |TAMS 0x000000008be00000| PB 0x000000008be00000| Untracked 
|  25|0x000000008bf00000, 0x000000008bf00000, 0x000000008c000000|  0%| F|  |TAMS 0x000000008bf00000| PB 0x000000008bf00000| Untracked 
|  26|0x000000008c000000, 0x000000008c000000, 0x000000008c100000|  0%| F|  |TAMS 0x000000008c000000| PB 0x000000008c000000| Untracked 
|  27|0x000000008c100000, 0x000000008c100000, 0x000000008c200000|  0%| F|  |TAMS 0x000000008c100000| PB 0x000000008c100000| Untracked 
|  28|0x000000008c200000, 0x000000008c200000, 0x000000008c300000|  0%| F|  |TAMS 0x000000008c200000| PB 0x000000008c200000| Untracked 
|  29|0x000000008c300000, 0x000000008c300000, 0x000000008c400000|  0%| F|  |TAMS 0x000000008c300000| PB 0x000000008c300000| Untracked 
|  30|0x000000008c400000, 0x000000008c400000, 0x000000008c500000|  0%| F|  |TAMS 0x000000008c400000| PB 0x000000008c400000| Untracked 
|  31|0x000000008c500000, 0x000000008c500000, 0x000000008c600000|  0%| F|  |TAMS 0x000000008c500000| PB 0x000000008c500000| Untracked 
|  32|0x000000008c600000, 0x000000008c600000, 0x000000008c700000|  0%| F|  |TAMS 0x000000008c600000| PB 0x000000008c600000| Untracked 
|  33|0x000000008c700000, 0x000000008c700000, 0x000000008c800000|  0%| F|  |TAMS 0x000000008c700000| PB 0x000000008c700000| Untracked 
|  34|0x000000008c800000, 0x000000008c800000, 0x000000008c900000|  0%| F|  |TAMS 0x000000008c800000| PB 0x000000008c800000| Untracked 
|  35|0x000000008c900000, 0x000000008c900000, 0x000000008ca00000|  0%| F|  |TAMS 0x000000008c900000| PB 0x000000008c900000| Untracked 
|  36|0x000000008ca00000, 0x000000008ca00000, 0x000000008cb00000|  0%| F|  |TAMS 0x000000008ca00000| PB 0x000000008ca00000| Untracked 
|  37|0x000000008cb00000, 0x000000008cb00000, 0x000000008cc00000|  0%| F|  |TAMS 0x000000008cb00000| PB 0x000000008cb00000| Untracked 
|  38|0x000000008cc00000, 0x000000008cc00000, 0x000000008cd00000|  0%| F|  |TAMS 0x000000008cc00000| PB 0x000000008cc00000| Untracked 
|  39|0x000000008cd00000, 0x000000008cd00000, 0x000000008ce00000|  0%| F|  |TAMS 0x000000008cd00000| PB 0x000000008cd00000| Untracked 
|  40|0x000000008ce00000, 0x000000008ce00000, 0x000000008cf00000|  0%| F|  |TAMS 0x000000008ce00000| PB 0x000000008ce00000| Untracked 
|  41|0x000000008cf00000, 0x000000008cfbf7e0, 0x000000008d000000| 74%| S|CS|TAMS 0x000000008cf00000| PB 0x000000008cf00000| Complete 
|  42|0x000000008d000000, 0x000000008d100000, 0x000000008d100000|100%| S|CS|TAMS 0x000000008d000000| PB 0x000000008d000000| Complete 
|  43|0x000000008d100000, 0x000000008d200000, 0x000000008d200000|100%| S|CS|TAMS 0x000000008d100000| PB 0x000000008d100000| Complete 
|  44|0x000000008d200000, 0x000000008d200000, 0x000000008d300000|  0%| F|  |TAMS 0x000000008d200000| PB 0x000000008d200000| Untracked 
|  45|0x000000008d300000, 0x000000008d300000, 0x000000008d400000|  0%| F|  |TAMS 0x000000008d300000| PB 0x000000008d300000| Untracked 
|  46|0x000000008d400000, 0x000000008d400000, 0x000000008d500000|  0%| F|  |TAMS 0x000000008d400000| PB 0x000000008d400000| Untracked 
|  47|0x000000008d500000, 0x000000008d500000, 0x000000008d600000|  0%| F|  |TAMS 0x000000008d500000| PB 0x000000008d500000| Untracked 
|  48|0x000000008d600000, 0x000000008d600000, 0x000000008d700000|  0%| F|  |TAMS 0x000000008d600000| PB 0x000000008d600000| Untracked 
|  49|0x000000008d700000, 0x000000008d700000, 0x000000008d800000|  0%| F|  |TAMS 0x000000008d700000| PB 0x000000008d700000| Untracked 
|  50|0x000000008d800000, 0x000000008d800000, 0x000000008d900000|  0%| F|  |TAMS 0x000000008d800000| PB 0x000000008d800000| Untracked 
|  51|0x000000008d900000, 0x000000008d900000, 0x000000008da00000|  0%| F|  |TAMS 0x000000008d900000| PB 0x000000008d900000| Untracked 
|  52|0x000000008da00000, 0x000000008da00000, 0x000000008db00000|  0%| F|  |TAMS 0x000000008da00000| PB 0x000000008da00000| Untracked 
|  53|0x000000008db00000, 0x000000008db00000, 0x000000008dc00000|  0%| F|  |TAMS 0x000000008db00000| PB 0x000000008db00000| Untracked 
|  54|0x000000008dc00000, 0x000000008dc00000, 0x000000008dd00000|  0%| F|  |TAMS 0x000000008dc00000| PB 0x000000008dc00000| Untracked 
|  55|0x000000008dd00000, 0x000000008dd00000, 0x000000008de00000|  0%| F|  |TAMS 0x000000008dd00000| PB 0x000000008dd00000| Untracked 
|  56|0x000000008de00000, 0x000000008de00000, 0x000000008df00000|  0%| F|  |TAMS 0x000000008de00000| PB 0x000000008de00000| Untracked 
|  57|0x000000008df00000, 0x000000008df00000, 0x000000008e000000|  0%| F|  |TAMS 0x000000008df00000| PB 0x000000008df00000| Untracked 
|  58|0x000000008e000000, 0x000000008e000000, 0x000000008e100000|  0%| F|  |TAMS 0x000000008e000000| PB 0x000000008e000000| Untracked 
|  59|0x000000008e100000, 0x000000008e100000, 0x000000008e200000|  0%| F|  |TAMS 0x000000008e100000| PB 0x000000008e100000| Untracked 
|  60|0x000000008e200000, 0x000000008e200000, 0x000000008e300000|  0%| F|  |TAMS 0x000000008e200000| PB 0x000000008e200000| Untracked 
|  61|0x000000008e300000, 0x000000008e300000, 0x000000008e400000|  0%| F|  |TAMS 0x000000008e300000| PB 0x000000008e300000| Untracked 
|  62|0x000000008e400000, 0x000000008e400000, 0x000000008e500000|  0%| F|  |TAMS 0x000000008e400000| PB 0x000000008e400000| Untracked 
|  63|0x000000008e500000, 0x000000008e500000, 0x000000008e600000|  0%| F|  |TAMS 0x000000008e500000| PB 0x000000008e500000| Untracked 
|  64|0x000000008e600000, 0x000000008e600000, 0x000000008e700000|  0%| F|  |TAMS 0x000000008e600000| PB 0x000000008e600000| Untracked 
|  65|0x000000008e700000, 0x000000008e700000, 0x000000008e800000|  0%| F|  |TAMS 0x000000008e700000| PB 0x000000008e700000| Untracked 
|  66|0x000000008e800000, 0x000000008e800000, 0x000000008e900000|  0%| F|  |TAMS 0x000000008e800000| PB 0x000000008e800000| Untracked 
|  67|0x000000008e900000, 0x000000008e900000, 0x000000008ea00000|  0%| F|  |TAMS 0x000000008e900000| PB 0x000000008e900000| Untracked 
|  68|0x000000008ea00000, 0x000000008ea00000, 0x000000008eb00000|  0%| F|  |TAMS 0x000000008ea00000| PB 0x000000008ea00000| Untracked 
|  69|0x000000008eb00000, 0x000000008eb00000, 0x000000008ec00000|  0%| F|  |TAMS 0x000000008eb00000| PB 0x000000008eb00000| Untracked 
|  70|0x000000008ec00000, 0x000000008ec00000, 0x000000008ed00000|  0%| F|  |TAMS 0x000000008ec00000| PB 0x000000008ec00000| Untracked 
|  71|0x000000008ed00000, 0x000000008ed00000, 0x000000008ee00000|  0%| F|  |TAMS 0x000000008ed00000| PB 0x000000008ed00000| Untracked 
|  72|0x000000008ee00000, 0x000000008ee00000, 0x000000008ef00000|  0%| F|  |TAMS 0x000000008ee00000| PB 0x000000008ee00000| Untracked 
|  73|0x000000008ef00000, 0x000000008ef00000, 0x000000008f000000|  0%| F|  |TAMS 0x000000008ef00000| PB 0x000000008ef00000| Untracked 
|  74|0x000000008f000000, 0x000000008f000000, 0x000000008f100000|  0%| F|  |TAMS 0x000000008f000000| PB 0x000000008f000000| Untracked 
|  75|0x000000008f100000, 0x000000008f100000, 0x000000008f200000|  0%| F|  |TAMS 0x000000008f100000| PB 0x000000008f100000| Untracked 
|  76|0x000000008f200000, 0x000000008f200000, 0x000000008f300000|  0%| F|  |TAMS 0x000000008f200000| PB 0x000000008f200000| Untracked 
|  77|0x000000008f300000, 0x000000008f300000, 0x000000008f400000|  0%| F|  |TAMS 0x000000008f300000| PB 0x000000008f300000| Untracked 
|  78|0x000000008f400000, 0x000000008f400000, 0x000000008f500000|  0%| F|  |TAMS 0x000000008f400000| PB 0x000000008f400000| Untracked 
|  79|0x000000008f500000, 0x000000008f500000, 0x000000008f600000|  0%| F|  |TAMS 0x000000008f500000| PB 0x000000008f500000| Untracked 
|  80|0x000000008f600000, 0x000000008f600000, 0x000000008f700000|  0%| F|  |TAMS 0x000000008f600000| PB 0x000000008f600000| Untracked 
|  81|0x000000008f700000, 0x000000008f700000, 0x000000008f800000|  0%| F|  |TAMS 0x000000008f700000| PB 0x000000008f700000| Untracked 
|  82|0x000000008f800000, 0x000000008f800000, 0x000000008f900000|  0%| F|  |TAMS 0x000000008f800000| PB 0x000000008f800000| Untracked 
|  83|0x000000008f900000, 0x000000008fa00000, 0x000000008fa00000|100%| E|  |TAMS 0x000000008f900000| PB 0x000000008f900000| Complete 
|  84|0x000000008fa00000, 0x000000008fb00000, 0x000000008fb00000|100%| E|CS|TAMS 0x000000008fa00000| PB 0x000000008fa00000| Complete 
|  85|0x000000008fb00000, 0x000000008fc00000, 0x000000008fc00000|100%| E|CS|TAMS 0x000000008fb00000| PB 0x000000008fb00000| Complete 
|  86|0x000000008fc00000, 0x000000008fd00000, 0x000000008fd00000|100%| E|CS|TAMS 0x000000008fc00000| PB 0x000000008fc00000| Complete 
|  87|0x000000008fd00000, 0x000000008fe00000, 0x000000008fe00000|100%| E|CS|TAMS 0x000000008fd00000| PB 0x000000008fd00000| Complete 
|  88|0x000000008fe00000, 0x000000008ff00000, 0x000000008ff00000|100%| E|CS|TAMS 0x000000008fe00000| PB 0x000000008fe00000| Complete 
|  89|0x000000008ff00000, 0x0000000090000000, 0x0000000090000000|100%| E|CS|TAMS 0x000000008ff00000| PB 0x000000008ff00000| Complete 
|  90|0x0000000090000000, 0x0000000090100000, 0x0000000090100000|100%| E|CS|TAMS 0x0000000090000000| PB 0x0000000090000000| Complete 
|  91|0x0000000090100000, 0x0000000090200000, 0x0000000090200000|100%| E|CS|TAMS 0x0000000090100000| PB 0x0000000090100000| Complete 
| 117|0x0000000091b00000, 0x0000000091c00000, 0x0000000091c00000|100%| E|CS|TAMS 0x0000000091b00000| PB 0x0000000091b00000| Complete 

Card table byte_map: [0x000001ca9c910000,0x000001ca9ccc0000] _byte_map_base: 0x000001ca9c4bd000

Marking Bits: (CMBitMap*) 0x000001ca84c0f5f0
 Bits: [0x000001ca9ccc0000, 0x000001ca9ea28000)

Polling page: 0x000001ca82870000

Metaspace:

Usage:
  Non-class:     25.29 MB used.
      Class:      3.43 MB used.
       Both:     28.72 MB used.

Virtual space:
  Non-class space:       64.00 MB reserved,      25.44 MB ( 40%) committed,  1 nodes.
      Class space:        1.00 GB reserved,       3.62 MB ( <1%) committed,  1 nodes.
             Both:        1.06 GB reserved,      29.06 MB (  3%) committed. 

Chunk freelists:
   Non-Class:  5.88 MB
       Class:  12.36 MB
        Both:  18.23 MB

MaxMetaspaceSize: unlimited
CompressedClassSpaceSize: 1.00 GB
Initial GC threshold: 21.00 MB
Current GC threshold: 35.12 MB
CDS: on
 - commit_granule_bytes: 65536.
 - commit_granule_words: 8192.
 - virtual_space_node_default_size: 8388608.
 - enlarge_chunks_in_place: 1.
 - use_allocation_guard: 0.


Internal statistics:

num_allocs_failed_limit: 3.
num_arena_births: 392.
num_arena_deaths: 0.
num_vsnodes_births: 2.
num_vsnodes_deaths: 0.
num_space_committed: 465.
num_space_uncommitted: 0.
num_chunks_returned_to_freelist: 3.
num_chunks_taken_from_freelist: 1415.
num_chunk_merges: 3.
num_chunk_splits: 942.
num_chunks_enlarged: 675.
num_inconsistent_stats: 0.

CodeHeap 'non-profiled nmethods': size=120000Kb used=2301Kb max_used=2301Kb free=117698Kb
 bounds [0x000001ca94ae0000, 0x000001ca94d50000, 0x000001ca9c010000]
CodeHeap 'profiled nmethods': size=120000Kb used=8778Kb max_used=8778Kb free=111221Kb
 bounds [0x000001ca8d010000, 0x000001ca8d8b0000, 0x000001ca94540000]
CodeHeap 'non-nmethods': size=5760Kb used=1863Kb max_used=1913Kb free=3896Kb
 bounds [0x000001ca94540000, 0x000001ca947b0000, 0x000001ca94ae0000]
 total_blobs=4854 nmethods=4207 adapters=551
 compilation: enabled
              stopped_count=0, restarted_count=0
 full_count=0

Compilation events (20 events):
Event: 27.771 Thread 0x000001caa16b45c0 nmethod 4203 0x000001ca94d1d710 code [0x000001ca94d1d8a0, 0x000001ca94d1da38]
Event: 28.013 Thread 0x000001caa16b45c0 4204       4       java.util.stream.AbstractPipeline::wrapAndCopyInto (18 bytes)
Event: 28.013 Thread 0x000001caa16b6fa0 4205       3       org.springframework.boot.autoconfigure.condition.OnBeanCondition$Spec::message (17 bytes)
Event: 28.106 Thread 0x000001caa16b6fa0 nmethod 4205 0x000001ca8d89a010 code [0x000001ca8d89a380, 0x000001ca8d89b6f8]
Event: 28.106 Thread 0x000001caa16b6fa0 4209   !   3       org.springframework.beans.factory.support.FactoryBeanRegistrySupport::getTypeForFactoryBean (22 bytes)
Event: 28.106 Thread 0x000001caa16b6fa0 nmethod 4209 0x000001ca8d89be90 code [0x000001ca8d89c060, 0x000001ca8d89c378]
Event: 28.106 Thread 0x000001caa16b6fa0 4208       3       sun.reflect.generics.repository.AbstractRepository::<init> (19 bytes)
Event: 28.107 Thread 0x000001caa16b6fa0 nmethod 4208 0x000001ca8d89c490 code [0x000001ca8d89c640, 0x000001ca8d89c938]
Event: 28.434 Thread 0x000001caa16b45c0 nmethod 4204 0x000001ca94d1db90 code [0x000001ca94d1de60, 0x000001ca94d1eaa0]
Event: 28.435 Thread 0x000001caa16b45c0 4207   !   4       org.springframework.beans.factory.support.DefaultListableBeanFactory::doGetBeanNamesForType (505 bytes)
Event: 28.460 Thread 0x000001caa16b6fa0 4210       3       org.springframework.core.annotation.RepeatableContainers$StandardRepeatableContainers::findRepeatedAnnotations (29 bytes)
Event: 28.481 Thread 0x000001caa16b6fa0 nmethod 4210 0x000001ca8d89ca10 code [0x000001ca8d89cc40, 0x000001ca8d89d530]
Event: 28.481 Thread 0x000001caa16b6fa0 4211       3       org.springframework.core.annotation.RepeatableContainers$StandardRepeatableContainers::getRepeatedAnnotationsMethod (31 bytes)
Event: 28.482 Thread 0x000001caa16b6fa0 nmethod 4211 0x000001ca8d89d790 code [0x000001ca8d89d980, 0x000001ca8d89de30]
Event: 28.484 Thread 0x000001caa16b6fa0 4212       3       org.springframework.boot.autoconfigure.condition.ConditionOutcome::match (7 bytes)
Event: 28.484 Thread 0x000001caa16b6fa0 nmethod 4212 0x000001ca8d89df90 code [0x000001ca8d89e180, 0x000001ca8d89e680]
Event: 28.488 Thread 0x000001caa16b6fa0 4213       3       org.springframework.util.ClassUtils::determineCommonAncestor (61 bytes)
Event: 28.673 Thread 0x000001caa16b6fa0 nmethod 4213 0x000001ca8d89e890 code [0x000001ca8d89eaa0, 0x000001ca8d89ef78]
Event: 29.794 Thread 0x000001caa16b6fa0 4216       3       org.springframework.core.type.classreading.SimpleAnnotationMetadata::getMemberClassNames (8 bytes)
Event: 29.795 Thread 0x000001caa16b6fa0 nmethod 4216 0x000001ca8d89f110 code [0x000001ca8d89f300, 0x000001ca8d89f868]

GC Heap History (12 events):
Event: 1.584 GC heap before
{Heap before GC invocations=0 (full 0):
 garbage-first heap   total 120832K, used 30720K [0x000000008a600000, 0x0000000100000000)
  region size 1024K, 23 young (23552K), 0 survivors (0K)
 Metaspace       used 3497K, committed 3712K, reserved 1114112K
  class space    used 345K, committed 448K, reserved 1048576K
}
Event: 1.664 GC heap after
{Heap after GC invocations=1 (full 0):
 garbage-first heap   total 120832K, used 16000K [0x000000008a600000, 0x0000000100000000)
  region size 1024K, 3 young (3072K), 3 survivors (3072K)
 Metaspace       used 3497K, committed 3712K, reserved 1114112K
  class space    used 345K, committed 448K, reserved 1048576K
}
Event: 2.576 GC heap before
{Heap before GC invocations=1 (full 0):
 garbage-first heap   total 120832K, used 30336K [0x000000008a600000, 0x0000000100000000)
  region size 1024K, 17 young (17408K), 3 survivors (3072K)
 Metaspace       used 7870K, committed 8064K, reserved 1114112K
  class space    used 850K, committed 960K, reserved 1048576K
}
Event: 2.598 GC heap after
{Heap after GC invocations=2 (full 0):
 garbage-first heap   total 120832K, used 19024K [0x000000008a600000, 0x0000000100000000)
  region size 1024K, 3 young (3072K), 3 survivors (3072K)
 Metaspace       used 7870K, committed 8064K, reserved 1114112K
  class space    used 850K, committed 960K, reserved 1048576K
}
Event: 3.542 GC heap before
{Heap before GC invocations=2 (full 0):
 garbage-first heap   total 120832K, used 41552K [0x000000008a600000, 0x0000000100000000)
  region size 1024K, 25 young (25600K), 3 survivors (3072K)
 Metaspace       used 13910K, committed 14272K, reserved 1114112K
  class space    used 1639K, committed 1792K, reserved 1048576K
}
Event: 3.547 GC heap after
{Heap after GC invocations=3 (full 0):
 garbage-first heap   total 120832K, used 20995K [0x000000008a600000, 0x0000000100000000)
  region size 1024K, 2 young (2048K), 2 survivors (2048K)
 Metaspace       used 13910K, committed 14272K, reserved 1114112K
  class space    used 1639K, committed 1792K, reserved 1048576K
}
Event: 4.308 GC heap before
{Heap before GC invocations=3 (full 0):
 garbage-first heap   total 120832K, used 46595K [0x000000008a600000, 0x0000000100000000)
  region size 1024K, 29 young (29696K), 2 survivors (2048K)
 Metaspace       used 21230K, committed 21504K, reserved 1114112K
  class space    used 2503K, committed 2624K, reserved 1048576K
}
Event: 4.329 GC heap after
{Heap after GC invocations=4 (full 0):
 garbage-first heap   total 120832K, used 24240K [0x000000008a600000, 0x0000000100000000)
  region size 1024K, 5 young (5120K), 5 survivors (5120K)
 Metaspace       used 21230K, committed 21504K, reserved 1114112K
  class space    used 2503K, committed 2624K, reserved 1048576K
}
Event: 10.996 GC heap before
{Heap before GC invocations=5 (full 0):
 garbage-first heap   total 75776K, used 61104K [0x000000008a600000, 0x0000000100000000)
  region size 1024K, 44 young (45056K), 5 survivors (5120K)
 Metaspace       used 25523K, committed 25856K, reserved 1114112K
  class space    used 2995K, committed 3136K, reserved 1048576K
}
Event: 11.140 GC heap after
{Heap after GC invocations=6 (full 0):
 garbage-first heap   total 75776K, used 25849K [0x000000008a600000, 0x0000000100000000)
  region size 1024K, 5 young (5120K), 5 survivors (5120K)
 Metaspace       used 25523K, committed 25856K, reserved 1114112K
  class space    used 2995K, committed 3136K, reserved 1048576K
}
Event: 24.558 GC heap before
{Heap before GC invocations=6 (full 0):
 garbage-first heap   total 75776K, used 56569K [0x000000008a600000, 0x0000000100000000)
  region size 1024K, 35 young (35840K), 5 survivors (5120K)
 Metaspace       used 28556K, committed 28928K, reserved 1114112K
  class space    used 3384K, committed 3584K, reserved 1048576K
}
Event: 24.683 GC heap after
{Heap after GC invocations=7 (full 0):
 garbage-first heap   total 95232K, used 27098K [0x000000008a600000, 0x0000000100000000)
  region size 1024K, 3 young (3072K), 3 survivors (3072K)
 Metaspace       used 28556K, committed 28928K, reserved 1114112K
  class space    used 3384K, committed 3584K, reserved 1048576K
}

Dll operation events (11 events):
Event: 0.022 Loaded shared library C:\Program Files\Java\jdk-21\bin\java.dll
Event: 0.232 Loaded shared library C:\Program Files\Java\jdk-21\bin\jsvml.dll
Event: 0.457 Loaded shared library C:\Program Files\Java\jdk-21\bin\zip.dll
Event: 0.464 Loaded shared library C:\Program Files\Java\jdk-21\bin\instrument.dll
Event: 0.473 Loaded shared library C:\Program Files\Java\jdk-21\bin\net.dll
Event: 0.476 Loaded shared library C:\Program Files\Java\jdk-21\bin\nio.dll
Event: 0.481 Loaded shared library C:\Program Files\Java\jdk-21\bin\zip.dll
Event: 0.979 Loaded shared library C:\Program Files\JetBrains\IntelliJ IDEA Community Edition 2023.1.3\bin\breakgen64.dll
Event: 0.998 Loaded shared library C:\Program Files\Java\jdk-21\bin\extnet.dll
Event: 1.053 Loaded shared library C:\Program Files\Java\jdk-21\bin\jimage.dll
Event: 4.191 Loaded shared library C:\Program Files\Java\jdk-21\bin\sunmscapi.dll

Deoptimization events (20 events):
Event: 25.536 Thread 0x000001ca84bbb6d0 Uncommon trap: trap_request=0xffffff45 fr.pc=0x000001ca94ce9398 relative=0x0000000000003e18
Event: 25.536 Thread 0x000001ca84bbb6d0 Uncommon trap: reason=unstable_if action=reinterpret pc=0x000001ca94ce9398 method=org.springframework.core.ResolvableType.isInstance(Ljava/lang/Object;)Z @ 12 c2
Event: 25.548 Thread 0x000001ca84bbb6d0 DEOPT PACKING pc=0x000001ca94ce9398 sp=0x0000006051afe170
Event: 25.548 Thread 0x000001ca84bbb6d0 DEOPT UNPACKING pc=0x000001ca945946a2 sp=0x0000006051afe0d0 mode 2
Event: 27.757 Thread 0x000001ca84bbb6d0 Uncommon trap: trap_request=0xffffffd6 fr.pc=0x000001ca94d08f68 relative=0x0000000000002ce8
Event: 27.760 Thread 0x000001ca84bbb6d0 Uncommon trap: reason=array_check action=maybe_recompile pc=0x000001ca94d08f68 method=org.springframework.util.ConcurrentReferenceHashMap$Segment.lambda$doTask$0(Ljava/lang/Object;ILorg/springframework/util/ConcurrentReferenceHashMap$Reference;ILjava/lang
Event: 27.760 Thread 0x000001ca84bbb6d0 DEOPT PACKING pc=0x000001ca94d08f68 sp=0x0000006051afdd20
Event: 27.760 Thread 0x000001ca84bbb6d0 DEOPT UNPACKING pc=0x000001ca945946a2 sp=0x0000006051afd980 mode 2
Event: 28.015 Thread 0x000001ca84bbb6d0 DEOPT PACKING pc=0x000001ca8d7f4361 sp=0x0000006051afe1b0
Event: 28.015 Thread 0x000001ca84bbb6d0 DEOPT UNPACKING pc=0x000001ca94594e42 sp=0x0000006051afd770 mode 0
Event: 28.456 Thread 0x000001ca84bbb6d0 Uncommon trap: trap_request=0xffffffd6 fr.pc=0x000001ca94d08f68 relative=0x0000000000002ce8
Event: 28.456 Thread 0x000001ca84bbb6d0 Uncommon trap: reason=array_check action=maybe_recompile pc=0x000001ca94d08f68 method=org.springframework.util.ConcurrentReferenceHashMap$Segment.lambda$doTask$0(Ljava/lang/Object;ILorg/springframework/util/ConcurrentReferenceHashMap$Reference;ILjava/lang
Event: 28.456 Thread 0x000001ca84bbb6d0 DEOPT PACKING pc=0x000001ca94d08f68 sp=0x0000006051afe1e0
Event: 28.456 Thread 0x000001ca84bbb6d0 DEOPT UNPACKING pc=0x000001ca945946a2 sp=0x0000006051afde40 mode 2
Event: 28.458 Thread 0x000001ca84bbb6d0 Uncommon trap: trap_request=0xffffffd6 fr.pc=0x000001ca94d08f68 relative=0x0000000000002ce8
Event: 28.458 Thread 0x000001ca84bbb6d0 Uncommon trap: reason=array_check action=maybe_recompile pc=0x000001ca94d08f68 method=org.springframework.util.ConcurrentReferenceHashMap$Segment.lambda$doTask$0(Ljava/lang/Object;ILorg/springframework/util/ConcurrentReferenceHashMap$Reference;ILjava/lang
Event: 28.458 Thread 0x000001ca84bbb6d0 DEOPT PACKING pc=0x000001ca94d08f68 sp=0x0000006051afe1e0
Event: 28.458 Thread 0x000001ca84bbb6d0 DEOPT UNPACKING pc=0x000001ca945946a2 sp=0x0000006051afde40 mode 2
Event: 29.839 Thread 0x000001ca84bbb6d0 DEOPT PACKING pc=0x000001ca8d7f4361 sp=0x0000006051afe2d0
Event: 29.839 Thread 0x000001ca84bbb6d0 DEOPT UNPACKING pc=0x000001ca94594e42 sp=0x0000006051afd890 mode 0

Classes loaded (20 events):
Event: 4.418 Loading class sun/nio/fs/WindowsPath$WindowsPathWithAttributes
Event: 4.419 Loading class sun/nio/fs/BasicFileAttributesHolder
Event: 4.419 Loading class sun/nio/fs/BasicFileAttributesHolder done
Event: 4.419 Loading class sun/nio/fs/WindowsPath$WindowsPathWithAttributes done
Event: 4.423 Loading class java/util/regex/Pattern$LazyLoop
Event: 4.423 Loading class java/util/regex/Pattern$Loop
Event: 4.424 Loading class java/util/regex/Pattern$Loop done
Event: 4.424 Loading class java/util/regex/Pattern$LazyLoop done
Event: 4.424 Loading class java/util/regex/Pattern$Prolog
Event: 4.424 Loading class java/util/regex/Pattern$Prolog done
Event: 4.869 Loading class javax/naming/ldap/LdapContext
Event: 4.870 Loading class javax/naming/directory/DirContext
Event: 4.870 Loading class javax/naming/directory/DirContext done
Event: 4.870 Loading class javax/naming/ldap/LdapContext done
Event: 5.416 Loading class javax/naming/Referenceable
Event: 5.420 Loading class javax/naming/Referenceable done
Event: 16.890 Loading class java/util/concurrent/ScheduledThreadPoolExecutor
Event: 16.906 Loading class java/util/concurrent/ScheduledThreadPoolExecutor done
Event: 24.246 Loading class java/lang/foreign/MemorySegment
Event: 24.267 Loading class java/lang/foreign/MemorySegment done

Classes unloaded (0 events):
No events

Classes redefined (0 events):
No events

Internal exceptions (20 events):
Event: 3.938 Thread 0x000001ca84bbb6d0 Exception <a 'java/lang/NoSuchMethodError'{0x0000000090a7e460}: 'java.lang.reflect.Method[] java.lang.Class.getDeclaredMethods(java.lang.Class)'> (0x0000000090a7e460) 
thrown [s\open\src\hotspot\share\interpreter\linkResolver.cpp, line 773]
Event: 3.961 Thread 0x000001cae7f14470 Exception <a 'java/lang/NoSuchMethodError'{0x00000000909f43b0}: 'long java.lang.invoke.DirectMethodHandle$Holder.invokeSpecial(java.lang.Object, java.lang.Object)'> (0x00000000909f43b0) 
thrown [s\open\src\hotspot\share\interpreter\linkResolver.cpp, line 773]
Event: 3.963 Thread 0x000001cae7f14470 Exception <a 'java/lang/NoSuchMethodError'{0x00000000909fe0f8}: 'long java.lang.invoke.DirectMethodHandle$Holder.invokeStatic(java.lang.Object, java.lang.Object)'> (0x00000000909fe0f8) 
thrown [s\open\src\hotspot\share\interpreter\linkResolver.cpp, line 773]
Event: 3.963 Thread 0x000001cae7f14470 Exception <a 'java/lang/NoSuchMethodError'{0x00000000908019c0}: 'long java.lang.invoke.DirectMethodHandle$Holder.invokeStaticInit(java.lang.Object, java.lang.Object)'> (0x00000000908019c0) 
thrown [s\open\src\hotspot\share\interpreter\linkResolver.cpp, line 773]
Event: 3.965 Thread 0x000001cae7f14470 Exception <a 'java/lang/NoSuchMethodError'{0x000000009080d858}: 'long java.lang.invoke.DirectMethodHandle$Holder.invokeInterface(java.lang.Object, java.lang.Object)'> (0x000000009080d858) 
thrown [s\open\src\hotspot\share\interpreter\linkResolver.cpp, line 773]
Event: 3.965 Thread 0x000001cae7f14470 Exception <a 'java/lang/IncompatibleClassChangeError'{0x0000000090810858}: Found class java.lang.Object, but interface was expected> (0x0000000090810858) 
thrown [s\open\src\hotspot\share\interpreter\linkResolver.cpp, line 840]
Event: 3.974 Thread 0x000001cae7f14470 Exception <a 'java/lang/NoSuchMethodError'{0x0000000090890410}: 'java.lang.Object java.lang.invoke.DirectMethodHandle$Holder.invokeVirtual(java.lang.Object, java.lang.Object, java.lang.Object, java.lang.Object)'> (0x0000000090890410) 
thrown [s\open\src\hotspot\share\interpreter\linkResolver.cpp, line 773]
Event: 4.106 Thread 0x000001ca84bbb6d0 Exception <a 'java/lang/ClassNotFoundException'{0x00000000906da270}: groovy/lang/ExpandoMetaClassBeanInfo> (0x00000000906da270) 
thrown [s\open\src\hotspot\share\classfile\systemDictionary.cpp, line 312]
Event: 4.106 Thread 0x000001ca84bbb6d0 Exception <a 'java/lang/ClassNotFoundException'{0x00000000906dcf08}: groovy/lang/MetaClassImplBeanInfo> (0x00000000906dcf08) 
thrown [s\open\src\hotspot\share\classfile\systemDictionary.cpp, line 312]
Event: 4.106 Thread 0x000001ca84bbb6d0 Exception <a 'java/lang/ClassNotFoundException'{0x00000000906dd940}: java/lang/ObjectBeanInfo> (0x00000000906dd940) 
thrown [s\open\src\hotspot\share\classfile\systemDictionary.cpp, line 312]
Event: 4.107 Thread 0x000001ca84bbb6d0 Exception <a 'java/lang/ClassNotFoundException'{0x00000000906dec90}: java/lang/ObjectCustomizer> (0x00000000906dec90) 
thrown [s\open\src\hotspot\share\classfile\systemDictionary.cpp, line 312]
Event: 4.111 Thread 0x000001ca84bbb6d0 Exception <a 'java/lang/IncompatibleClassChangeError'{0x00000000906e3918}: Found class java.lang.Object, but interface was expected> (0x00000000906e3918) 
thrown [s\open\src\hotspot\share\interpreter\linkResolver.cpp, line 840]
Event: 4.134 Thread 0x000001ca84bbb6d0 Exception <a 'java/lang/ClassNotFoundException'{0x00000000905aba20}: groovy/lang/MetaClassImplCustomizer> (0x00000000905aba20) 
thrown [s\open\src\hotspot\share\classfile\systemDictionary.cpp, line 312]
Event: 4.138 Thread 0x000001ca84bbb6d0 Exception <a 'java/lang/ClassNotFoundException'{0x00000000905cec98}: groovy/lang/ExpandoMetaClassCustomizer> (0x00000000905cec98) 
thrown [s\open\src\hotspot\share\classfile\systemDictionary.cpp, line 312]
Event: 4.158 Thread 0x000001ca84bbb6d0 Exception <a 'java/lang/ClassNotFoundException'{0x000000009048dce8}: org/springframework/beans/factory/groovy/GroovyBeanDefinitionReaderBeanInfo> (0x000000009048dce8) 
thrown [s\open\src\hotspot\share\classfile\systemDictionary.cpp, line 312]
Event: 4.158 Thread 0x000001ca84bbb6d0 Exception <a 'java/lang/ClassNotFoundException'{0x0000000090491530}: org/springframework/beans/factory/support/AbstractBeanDefinitionReaderBeanInfo> (0x0000000090491530) 
thrown [s\open\src\hotspot\share\classfile\systemDictionary.cpp, line 312]
Event: 4.158 Thread 0x000001ca84bbb6d0 Exception <a 'java/lang/ClassNotFoundException'{0x0000000090494ba8}: org/springframework/beans/factory/support/AbstractBeanDefinitionReaderCustomizer> (0x0000000090494ba8) 
thrown [s\open\src\hotspot\share\classfile\systemDictionary.cpp, line 312]
Event: 4.160 Thread 0x000001ca84bbb6d0 Exception <a 'java/lang/ClassNotFoundException'{0x00000000904a5248}: org/springframework/beans/factory/groovy/GroovyBeanDefinitionReaderCustomizer> (0x00000000904a5248) 
thrown [s\open\src\hotspot\share\classfile\systemDictionary.cpp, line 312]
Event: 4.412 Thread 0x000001ca84bbb6d0 Exception <a 'java/lang/NoSuchMethodError'{0x000000008e815fd8}: 'int java.lang.invoke.DirectMethodHandle$Holder.invokeSpecial(java.lang.Object, java.lang.Object, java.lang.Object, java.lang.Object, java.lang.Object)'> (0x000000008e815fd8) 
thrown [s\open\src\hotspot\share\interpreter\linkResolver.cpp, line 773]
Event: 19.789 Thread 0x000001ca84bbb6d0 Implicit null exception at 0x000001ca94ce2847 to 0x000001ca94ce36cc

ZGC Phase Switch (0 events):
No events

VM Operations (20 events):
Event: 16.565 Executing VM operation: Cleanup
Event: 16.814 Executing VM operation: Cleanup done
Event: 17.825 Executing VM operation: Cleanup
Event: 17.826 Executing VM operation: Cleanup done
Event: 18.829 Executing VM operation: Cleanup
Event: 18.859 Executing VM operation: Cleanup done
Event: 19.867 Executing VM operation: Cleanup
Event: 19.868 Executing VM operation: Cleanup done
Event: 20.878 Executing VM operation: Cleanup
Event: 20.879 Executing VM operation: Cleanup done
Event: 24.028 Executing VM operation: Cleanup
Event: 24.184 Executing VM operation: Cleanup done
Event: 24.552 Executing VM operation: G1CollectForAllocation (G1 Evacuation Pause)
Event: 24.683 Executing VM operation: G1CollectForAllocation (G1 Evacuation Pause) done
Event: 25.695 Executing VM operation: Cleanup
Event: 25.852 Executing VM operation: Cleanup done
Event: 27.858 Executing VM operation: Cleanup
Event: 27.858 Executing VM operation: Cleanup done
Event: 28.870 Executing VM operation: Cleanup
Event: 29.674 Executing VM operation: Cleanup done

Events (18 events):
Event: 0.159 Thread 0x000001ca84bbb6d0 Thread added: 0x000001ca84bbb6d0
Event: 0.227 Thread 0x000001caa16973f0 Thread added: 0x000001caa16973f0
Event: 0.228 Thread 0x000001caa169be60 Thread added: 0x000001caa169be60
Event: 0.228 Thread 0x000001caa16a8bb0 Thread added: 0x000001caa16a8bb0
Event: 0.228 Thread 0x000001caa16aa880 Thread added: 0x000001caa16aa880
Event: 0.228 Thread 0x000001caa16abbb0 Thread added: 0x000001caa16abbb0
Event: 0.229 Thread 0x000001caa16ad580 Thread added: 0x000001caa16ad580
Event: 0.229 Thread 0x000001caa16b45c0 Thread added: 0x000001caa16b45c0
Event: 0.229 Thread 0x000001caa16b6fa0 Thread added: 0x000001caa16b6fa0
Event: 0.429 Thread 0x000001caa1661090 Thread added: 0x000001caa1661090
Event: 0.981 Thread 0x000001caa1adae90 Thread added: 0x000001caa1adae90
Event: 0.981 Thread 0x000001caa1b235f0 Thread added: 0x000001caa1b235f0
Event: 3.096 Thread 0x000001cae805f8a0 Thread added: 0x000001cae805f8a0
Event: 3.139 Thread 0x000001cae805f8a0 Thread exited: 0x000001cae805f8a0
Event: 3.334 Thread 0x000001cae7f14470 Thread added: 0x000001cae7f14470
Event: 4.200 Thread 0x000001cae7f14470 Thread exited: 0x000001cae7f14470
Event: 4.812 Thread 0x000001cae8d59580 Thread added: 0x000001cae8d59580
Event: 5.509 Thread 0x000001cae8d59580 Thread exited: 0x000001cae8d59580


Dynamic libraries:
0x00007ff71c600000 - 0x00007ff71c610000 	C:\Program Files\Java\jdk-21\bin\java.exe
0x00007ffcb7260000 - 0x00007ffcb74c3000 	C:\WINDOWS\SYSTEM32\ntdll.dll
0x00007ffcb6400000 - 0x00007ffcb64c7000 	C:\WINDOWS\System32\KERNEL32.DLL
0x00007ffcb4990000 - 0x00007ffcb4d59000 	C:\WINDOWS\System32\KERNELBASE.dll
0x00007ffcb4840000 - 0x00007ffcb498c000 	C:\WINDOWS\System32\ucrtbase.dll
0x00007ffc90e80000 - 0x00007ffc90e99000 	C:\Program Files\Java\jdk-21\bin\jli.dll
0x00007ffc90e60000 - 0x00007ffc90e7b000 	C:\Program Files\Java\jdk-21\bin\VCRUNTIME140.dll
0x00007ffcb5080000 - 0x00007ffcb5132000 	C:\WINDOWS\System32\ADVAPI32.dll
0x00007ffcb7170000 - 0x00007ffcb7219000 	C:\WINDOWS\System32\msvcrt.dll
0x00007ffcb6870000 - 0x00007ffcb6916000 	C:\WINDOWS\System32\sechost.dll
0x00007ffcb62e0000 - 0x00007ffcb63f6000 	C:\WINDOWS\System32\RPCRT4.dll
0x00007ffcb5f30000 - 0x00007ffcb60fa000 	C:\WINDOWS\System32\USER32.dll
0x00007ffcb4d60000 - 0x00007ffcb4d87000 	C:\WINDOWS\System32\win32u.dll
0x00007ffcb52a0000 - 0x00007ffcb52ca000 	C:\WINDOWS\System32\GDI32.dll
0x00007ffcb4640000 - 0x00007ffcb4771000 	C:\WINDOWS\System32\gdi32full.dll
0x00007ffcb4500000 - 0x00007ffcb45a3000 	C:\WINDOWS\System32\msvcp_win.dll
0x00007ffc99a60000 - 0x00007ffc99cf0000 	C:\WINDOWS\WinSxS\amd64_microsoft.windows.common-controls_6595b64144ccf1df_6.0.26100.3323_none_3e088096e3344490\COMCTL32.dll
0x00007ffcab730000 - 0x00007ffcab73b000 	C:\WINDOWS\SYSTEM32\VERSION.dll
0x00007ffcb7040000 - 0x00007ffcb706f000 	C:\WINDOWS\System32\IMM32.DLL
0x00007ffc90e50000 - 0x00007ffc90e5c000 	C:\Program Files\Java\jdk-21\bin\vcruntime140_1.dll
0x00007ffc8ee90000 - 0x00007ffc8ef1e000 	C:\Program Files\Java\jdk-21\bin\msvcp140.dll
0x00007ffc8d250000 - 0x00007ffc8df67000 	C:\Program Files\Java\jdk-21\bin\server\jvm.dll
0x00007ffcb6260000 - 0x00007ffcb62d4000 	C:\WINDOWS\System32\WS2_32.dll
0x00007ffcb4310000 - 0x00007ffcb435e000 	C:\WINDOWS\SYSTEM32\POWRPROF.dll
0x00007ffcab490000 - 0x00007ffcab4c6000 	C:\WINDOWS\SYSTEM32\WINMM.dll
0x00007ffcb42d0000 - 0x00007ffcb42e4000 	C:\WINDOWS\SYSTEM32\UMPDC.dll
0x00007ffcb3260000 - 0x00007ffcb327a000 	C:\WINDOWS\SYSTEM32\kernel.appcore.dll
0x00007ffc8f2b0000 - 0x00007ffc8f2ba000 	C:\Program Files\Java\jdk-21\bin\jimage.dll
0x00007ffca7230000 - 0x00007ffca7471000 	C:\WINDOWS\SYSTEM32\DBGHELP.DLL
0x00007ffcb5ba0000 - 0x00007ffcb5f22000 	C:\WINDOWS\System32\combase.dll
0x00007ffcb54b0000 - 0x00007ffcb5586000 	C:\WINDOWS\System32\OLEAUT32.dll
0x00007ffc95720000 - 0x00007ffc95759000 	C:\WINDOWS\SYSTEM32\dbgcore.DLL
0x00007ffcb4460000 - 0x00007ffcb44f9000 	C:\WINDOWS\System32\bcryptPrimitives.dll
0x00007ffcaf040000 - 0x00007ffcaf04f000 	C:\Program Files\Java\jdk-21\bin\instrument.dll
0x00007ffc8e040000 - 0x00007ffc8e05f000 	C:\Program Files\Java\jdk-21\bin\java.dll
0x00007ffcb6920000 - 0x00007ffcb7035000 	C:\WINDOWS\System32\SHELL32.dll
0x00007ffcb4d90000 - 0x00007ffcb4ef8000 	C:\WINDOWS\System32\wintypes.dll
0x00007ffcb2120000 - 0x00007ffcb2965000 	C:\WINDOWS\SYSTEM32\windows.storage.dll
0x00007ffcb7080000 - 0x00007ffcb716b000 	C:\WINDOWS\System32\SHCORE.dll
0x00007ffcb5590000 - 0x00007ffcb55ed000 	C:\WINDOWS\System32\shlwapi.dll
0x00007ffcb4370000 - 0x00007ffcb439f000 	C:\WINDOWS\SYSTEM32\profapi.dll
0x00007ffc8b4c0000 - 0x00007ffc8b597000 	C:\Program Files\Java\jdk-21\bin\jsvml.dll
0x00007ffc8b2e0000 - 0x00007ffc8b2f8000 	C:\Program Files\Java\jdk-21\bin\zip.dll
0x00007ffc8e030000 - 0x00007ffc8e040000 	C:\Program Files\Java\jdk-21\bin\net.dll
0x00007ffcac070000 - 0x00007ffcac18e000 	C:\WINDOWS\SYSTEM32\WINHTTP.dll
0x00007ffcb37a0000 - 0x00007ffcb380a000 	C:\WINDOWS\system32\mswsock.dll
0x00007ffc8b390000 - 0x00007ffc8b3a6000 	C:\Program Files\Java\jdk-21\bin\nio.dll
0x00007ffcabcc0000 - 0x00007ffcabcda000 	C:\Program Files\JetBrains\IntelliJ IDEA Community Edition 2023.1.3\bin\breakgen64.dll
0x00007ffc89d50000 - 0x00007ffc89d59000 	C:\Program Files\Java\jdk-21\bin\extnet.dll
0x00007ffcb2c70000 - 0x00007ffcb2ca3000 	C:\WINDOWS\SYSTEM32\IPHLPAPI.DLL
0x00007ffcb6670000 - 0x00007ffcb667a000 	C:\WINDOWS\System32\NSI.dll
0x00007ffcb2d60000 - 0x00007ffcb2e85000 	C:\WINDOWS\SYSTEM32\DNSAPI.dll
0x00007ffcad910000 - 0x00007ffcad91b000 	C:\Windows\System32\rasadhlp.dll
0x00007ffca9070000 - 0x00007ffca90f5000 	C:\WINDOWS\System32\fwpuclnt.dll
0x00007ffc81770000 - 0x00007ffc8177e000 	C:\Program Files\Java\jdk-21\bin\sunmscapi.dll
0x00007ffcb4f00000 - 0x00007ffcb5077000 	C:\WINDOWS\System32\CRYPT32.dll
0x00007ffcb3c40000 - 0x00007ffcb3c70000 	C:\WINDOWS\SYSTEM32\ncrypt.dll
0x00007ffcb3bf0000 - 0x00007ffcb3c2f000 	C:\WINDOWS\SYSTEM32\NTASN1.dll

dbghelp: loaded successfully - version: 4.0.5 - missing functions: none
symbol engine: initialized successfully - sym options: 0x614 - pdb path: .;C:\Program Files\Java\jdk-21\bin;C:\WINDOWS\SYSTEM32;C:\WINDOWS\WinSxS\amd64_microsoft.windows.common-controls_6595b64144ccf1df_6.0.26100.3323_none_3e088096e3344490;C:\Program Files\Java\jdk-21\bin\server;C:\Program Files\JetBrains\IntelliJ IDEA Community Edition 2023.1.3\bin

VM Arguments:
jvm_args: -javaagent:C:\Program Files\JetBrains\IntelliJ IDEA Community Edition 2023.1.3\lib\idea_rt.jar=56272:C:\Program Files\JetBrains\IntelliJ IDEA Community Edition 2023.1.3\bin -Dfile.encoding=UTF-8 -Dsun.stdout.encoding=UTF-8 -Dsun.stderr.encoding=UTF-8 
java_command: com.shopee.microservices.order.OrderServiceApplication
java_class_path (initial): C:\Users\Hritika\IdeaProjects\Shopee\order-service\target\classes;C:\Users\Hritika\.m2\repository\org\springframework\boot\spring-boot-starter-data-jpa\3.4.3\spring-boot-starter-data-jpa-3.4.3.jar;C:\Users\Hritika\.m2\repository\org\springframework\boot\spring-boot-starter\3.4.3\spring-boot-starter-3.4.3.jar;C:\Users\Hritika\.m2\repository\org\springframework\boot\spring-boot\3.4.3\spring-boot-3.4.3.jar;C:\Users\Hritika\.m2\repository\org\springframework\boot\spring-boot-starter-logging\3.4.3\spring-boot-starter-logging-3.4.3.jar;C:\Users\Hritika\.m2\repository\ch\qos\logback\logback-classic\1.5.16\logback-classic-1.5.16.jar;C:\Users\Hritika\.m2\repository\ch\qos\logback\logback-core\1.5.16\logback-core-1.5.16.jar;C:\Users\Hritika\.m2\repository\org\apache\logging\log4j\log4j-to-slf4j\2.24.3\log4j-to-slf4j-2.24.3.jar;C:\Users\Hritika\.m2\repository\org\apache\logging\log4j\log4j-api\2.24.3\log4j-api-2.24.3.jar;C:\Users\Hritika\.m2\repository\org\slf4j\jul-to-slf4j\2.0.16\jul-to-slf4j-2.0.16.jar;C:\Users\Hritika\.m2\repository\jakarta\annotation\jakarta.annotation-api\2.1.1\jakarta.annotation-api-2.1.1.jar;C:\Users\Hritika\.m2\repository\org\yaml\snakeyaml\2.3\snakeyaml-2.3.jar;C:\Users\Hritika\.m2\repository\org\springframework\boot\spring-boot-starter-jdbc\3.4.3\spring-boot-starter-jdbc-3.4.3.jar;C:\Users\Hritika\.m2\repository\com\zaxxer\HikariCP\5.1.0\HikariCP-5.1.0.jar;C:\Users\Hritika\.m2\repository\org\springframework\spring-jdbc\6.2.3\spring-jdbc-6.2.3.jar;C:\Users\Hritika\.m2\repository\org\hibernate\orm\hibernate-core\6.6.8.Final\hibernate-core-6.6.8.Final.jar;C:\Users\Hritika\.m2\repository\jakarta\persistence\jakarta.persistence-api\3.1.0\jakarta.persistence-api-3.1.0.jar;C:\Users\Hritika\.m2\repository\jakarta\transaction\jakarta.transaction-api\2.0.1\jakarta.transaction-api-2.0.1.jar;C:\Users\Hritika\.m2\repository\org\jboss\logging\jboss-logging\3.6.1.Final\jboss-logging-3.6.1.Final.jar;C:\Users\Hritika\.m2\repository\org\hibernate\common\hibernate-commons-annotations\7.0.3.Final\hibernate-commons-annotations-7.0.3.Final.jar;C:\Users\Hritika\.m2\repository\io\smallrye\jandex\3.2.0\jandex-3.2.0.jar;C:\Users\Hritika\.m2\repository\com\fasterxml\classmate\1.7.0\classmate-1.7.0.jar;C:\Users\Hritika\.m2\repository\net\bytebuddy\byte-buddy\1.15.11\byte-buddy-1.15.11.jar;C:\Users\Hritika\.m2\repository\org\glassfish\jaxb\jaxb-runtime\4.0.5\jaxb-runtime-4.0.5.jar;C:\Users\Hritika\.m2\repository\org\glassfish\jaxb\jaxb-core\4.0.5\jaxb-core-4.0.5.jar;C:\Users\Hritika\.m2\repository\org\eclipse\angus\angus-activation\2.0.2\angus-activation-2.0.2.jar;C:\Users\Hritika\.m2\repository\org\glassfish\jaxb\txw2\4.0.5\txw2-4.0.5.jar;C:\Users\Hritika\.m2\repository\com\sun\istack\istack-commons-runtime\4.1.2\istack-commons-runtime-4.1.2.jar;C:\Users\Hritika\.m2\repository\jakarta\inject\jakarta.inject-api\2.0.1\jakarta.inject-api-2.0.1.jar;C:\Users\Hritika\.m2\repository\org\antlr\antlr4-runtime\4.13.0\antlr4-runtime-4.13.0.jar;C:\Users\Hritika\.m2\repository\org\springframework\data\spring-data-jpa\3.4.3\spring-data-jpa-3.4.3.jar;C:\Users\Hritika\.m2\repository\org\springframework\data\spring-data-commons\3.4.3\spring-data-commons-3.4.3.jar;C:\Users\Hritika\.m2\repository\org\springframework\spring-orm\6.2.3\spring-orm-6.2.3.jar;C:\Users\Hritika\.m2\repository\org\springframework\spring-context\6.2.3\spring-context-6.2.3.jar;C:\Users\Hritika\.m2\repository\org\springframework\spring-aop\6.2.3\spring-aop-6.2.3.jar;C:\Users\Hritika\.m2\repository\org\springframework\spring-tx\6.2.3\spring-tx-6.2.3.jar;C:\Users\Hritika\.m2\repository\org\springframework\spring-beans\6.2.3\spring-beans-6.2.3.jar;C:\Users\Hritika\.m2\repository\org\slf4j\slf4j-api\2.0.16\slf4j-api-2.0.16.jar;C:\Users\Hritika\.m2\repository\org\springframework\spring-aspects\6.2.3\spring-aspects-6.2.3.jar;C:\Users\Hritika\.m2\repository\org\aspectj\aspectjweaver\1.9.22.1\aspectjweaver-1.9.22.1.jar;C:\Users\Hritika\.m2\repository\org\springframework\boot\spring-boot-starter-web\3.4.3\spring-boot-starter-web-3.4.3.jar;C:\Users\Hritika\.m2\repository\org\springframework\boot\spring-boot-starter-json\3.4.3\spring-boot-starter-json-3.4.3.jar;C:\Users\Hritika\.m2\repository\com\fasterxml\jackson\core\jackson-databind\2.18.2\jackson-databind-2.18.2.jar;C:\Users\Hritika\.m2\repository\com\fasterxml\jackson\datatype\jackson-datatype-jdk8\2.18.2\jackson-datatype-jdk8-2.18.2.jar;C:\Users\Hritika\.m2\repository\com\fasterxml\jackson\module\jackson-module-parameter-names\2.18.2\jackson-module-parameter-names-2.18.2.jar;C:\Users\Hritika\.m2\repository\org\springframework\boot\spring-boot-starter-tomcat\3.4.3\spring-boot-starter-tomcat-3.4.3.jar;C:\Users\Hritika\.m2\repository\org\apache\tomcat\embed\tomcat-embed-core\10.1.36\tomcat-embed-core-10.1.36.jar;C:\Users\Hritika\.m2\repository\org\apache\tomcat\embed\tomcat-embed-el\10.1.36\tomcat-embed-el-10.1.36.jar;C:\Users\Hritika\.m2\repository\org\apache\tomcat\embed\tomcat-embed-websocket\10.1.36\tomcat-embed-websocket-10.1.36.jar;C:\Users\Hritika\.m2\repository\org\springframework\spring-web\6.2.3\spring-web-6.2.3.jar;C:\Users\Hritika\.m2\repository\org\springframework\spring-webmvc\6.2.3\spring-webmvc-6.2.3.jar;C:\Users\Hritika\.m2\repository\org\springframework\spring-expression\6.2.3\spring-expression-6.2.3.jar;C:\Users\Hritika\.m2\repository\org\flywaydb\flyway-core\10.20.1\flyway-core-10.20.1.jar;C:\Users\Hritika\.m2\repository\com\fasterxml\jackson\dataformat\jackson-dataformat-toml\2.18.2\jackson-dataformat-toml-2.18.2.jar;C:\Users\Hritika\.m2\repository\com\fasterxml\jackson\core\jackson-core\2.18.2\jackson-core-2.18.2.jar;C:\Users\Hritika\.m2\repository\com\fasterxml\jackson\datatype\jackson-datatype-jsr310\2.18.2\jackson-datatype-jsr310-2.18.2.jar;C:\Users\Hritika\.m2\repository\com\fasterxml\jackson\core\jackson-annotations\2.18.2\jackson-annotations-2.18.2.jar;C:\Users\Hritika\.m2\repository\org\flywaydb\flyway-mysql\10.20.1\flyway-mysql-10.20.1.jar;C:\Users\Hritika\.m2\repository\com\mysql\mysql-connector-j\9.1.0\mysql-connector-j-9.1.0.jar;C:\Users\Hritika\.m2\repository\org\springframework\cloud\spring-cloud-starter-circuitbreaker-resilience4j\3.2.0\spring-cloud-starter-circuitbreaker-resilience4j-3.2.0.jar;C:\Users\Hritika\.m2\repository\org\springframework\cloud\spring-cloud-starter\4.2.0\spring-cloud-starter-4.2.0.jar;C:\Users\Hritika\.m2\repository\org\springframework\cloud\spring-cloud-context\4.2.0\spring-cloud-context-4.2.0.jar;C:\Users\Hritika\.m2\repository\org\springframework\security\spring-security-crypto\6.4.3\spring-security-crypto-6.4.3.jar;C:\Users\Hritika\.m2\repository\org\springframework\cloud\spring-cloud-commons\4.2.0\spring-cloud-commons-4.2.0.jar;C:\Users\Hritika\.m2\repository\org\bouncycastle\bcprov-jdk18on\1.78.1\bcprov-jdk18on-1.78.1.jar;C:\Users\Hritika\.m2\repository\org\springframework\cloud\spring-cloud-circuitbreaker-resilience4j\3.2.0\spring-cloud-circuitbreaker-resilience4j-3.2.0.jar;C:\Users\Hritika\.m2\repository\io\github\resilience4j\resilience4j-spring-boot3\2.2.0\resilience4j-spring-boot3-2.2.0.jar;C:\Users\Hritika\.m2\repository\io\github\resilience4j\resilience4j-spring6\2.2.0\resilience4j-spring6-2.2.0.jar;C:\Users\Hritika\.m2\repository\io\github\resilience4j\resilience4j-annotations\2.2.0\resilience4j-annotations-2.2.0.jar;C:\Users\Hritika\.m2\repository\io\github\resilience4j\resilience4j-consumer\2.2.0\resilience4j-consumer-2.2.0.jar;C:\Users\Hritika\.m2\repository\io\github\resilience4j\resilience4j-circularbuffer\2.2.0\resilience4j-circularbuffer-2.2.0.jar;C:\Users\Hritika\.m2\repository\io\github\resilience4j\resilience4j-framework-common\2.2.0\resilience4j-framework-common-2.2.0.jar;C:\Users\Hritika\.m2\repository\io\github\resilience4j\resilience4j-micrometer\2.2.0\resilience4j-micrometer-2.2.0.jar;C:\Users\Hritika\.m2\repository\io\github\resilience4j\resilience4j-retry\2.2.0\resilience4j-retry-2.2.0.jar;C:\Users\Hritika\.m2\repository\io\github\resilience4j\resilience4j-ratelimiter\2.2.0\resilience4j-ratelimiter-2.2.0.jar;C:\Users\Hritika\.m2\repository\org\springframework\boot\spring-boot-configuration-processor\3.4.3\spring-boot-configuration-processor-3.4.3.jar;C:\Users\Hritika\.m2\repository\io\github\resilience4j\resilience4j-circuitbreaker\2.2.0\resilience4j-circuitbreaker-2.2.0.jar;C:\Users\Hritika\.m2\repository\io\github\resilience4j\resilience4j-core\2.2.0\resilience4j-core-2.2.0.jar;C:\Users\Hritika\.m2\repository\io\github\resilience4j\resilience4j-timelimiter\2.2.0\resilience4j-timelimiter-2.2.0.jar;C:\Users\Hritika\.m2\repository\org\springframework\boot\spring-boot-starter-actuator\3.4.3\spring-boot-starter-actuator-3.4.3.jar;C:\Users\Hritika\.m2\repository\org\springframework\boot\spring-boot-actuator-autoconfigure\3.4.3\spring-boot-actuator-autoconfigure-3.4.3.jar;C:\Users\Hritika\.m2\repository\org\springframework\boot\spring-boot-actuator\3.4.3\spring-boot-actuator-3.4.3.jar;C:\Users\Hritika\.m2\repository\io\micrometer\micrometer-observation\1.14.4\micrometer-observation-1.14.4.jar;C:\Users\Hritika\.m2\repository\io\micrometer\micrometer-commons\1.14.4\micrometer-commons-1.14.4.jar;C:\Users\Hritika\.m2\repository\io\micrometer\micrometer-jakarta9\1.14.4\micrometer-jakarta9-1.14.4.jar;C:\Users\Hritika\.m2\repository\io\micrometer\micrometer-core\1.14.4\micrometer-core-1.14.4.jar;C:\Users\Hritika\.m2\repository\org\hdrhistogram\HdrHistogram\2.2.2\HdrHistogram-2.2.2.jar;C:\Users\Hritika\.m2\repository\org\latencyutils\LatencyUtils\2.0.3\LatencyUtils-2.0.3.jar;C:\Users\Hritika\.m2\repository\jakarta\xml\bind\jakarta.xml.bind-api\4.0.2\jakarta.xml.bind-api-4.0.2.jar;C:\Users\Hritika\.m2\repository\jakarta\activation\jakarta.activation-api\2.1.3\jakarta.activation-api-2.1.3.jar;C:\Users\Hritika\.m2\repository\org\hamcrest\hamcrest\2.2\hamcrest-2.2.jar;C:\Users\Hritika\.m2\repository\org\springframework\spring-core\6.2.3\spring-core-6.2.3.jar;C:\Users\Hritika\.m2\repository\org\springframework\spring-jcl\6.2.3\spring-jcl-6.2.3.jar;C:\Users\Hritika\.m2\repository\org\springframework\boot\spring-boot-autoconfigure\3.4.3\spring-boot-autoconfigure-3.4.3.jar;C:\Users\Hritika\.m2\repository\io\rest-assured\rest-assured\5.3.2\rest-assured-5.3.2.jar;C:\Users\Hritika\.m2\repository\org\apache\groovy\groovy\4.0.25\groovy-4.0.25.jar;C:\Users\Hritika\.m2\repository\org\apache\groovy\groovy-xml\4.0.25\groovy-xml-4.0.25.jar;C:\Users\Hritika\.m2\repository\org\apache\httpcomponents\httpclient\4.5.13\httpclient-4.5.13.jar;C:\Users\Hritika\.m2\repository\org\apache\httpcomponents\httpcore\4.4.16\httpcore-4.4.16.jar;C:\Users\Hritika\.m2\repository\commons-logging\commons-logging\1.2\commons-logging-1.2.jar;C:\Users\Hritika\.m2\repository\commons-codec\commons-codec\1.17.2\commons-codec-1.17.2.jar;C:\Users\Hritika\.m2\repository\org\apache\httpcomponents\httpmime\4.5.13\httpmime-4.5.13.jar;C:\Users\Hritika\.m2\repository\org\ccil\cowan\tagsoup\tagsoup\1.2.1\tagsoup-1.2.1.jar;C:\Users\Hritika\.m2\repository\io\rest-assured\json-path\5.5.1\json-path-5.5.1.jar;C:\Users\Hritika\.m2\repository\org\apache\groovy\groovy-json\4.0.25\groovy-json-4.0.25.jar;C:\Users\Hritika\.m2\repository\io\rest-assured\rest-assured-common\5.5.1\rest-assured-common-5.5.1.jar;C:\Users\Hritika\.m2\repository\io\rest-assured\xml-path\5.5.1\xml-path-5.5.1.jar;C:\Users\Hritika\.m2\repository\org\apache\commons\commons-lang3\3.17.0\commons-lang3-3.17.0.jar;C:\Users\Hritika\.m2\repository\org\springdoc\springdoc-openapi-starter-webmvc-ui\2.8.5\springdoc-openapi-starter-webmvc-ui-2.8.5.jar;C:\Users\Hritika\.m2\repository\org\webjars\swagger-ui\5.18.3\swagger-ui-5.18.3.jar;C:\Users\Hritika\.m2\repository\org\webjars\webjars-locator-lite\1.0.1\webjars-locator-lite-1.0.1.jar;C:\Users\Hritika\.m2\repository\org\jspecify\jspecify\1.0.0\jspecify-1.0.0.jar;C:\Users\Hritika\.m2\repository\org\springdoc\springdoc-openapi-starter-webmvc-api\2.8.5\springdoc-openapi-starter-webmvc-api-2.8.5.jar;C:\Users\Hritika\.m2\repository\org\springdoc\springdoc-openapi-starter-common\2.8.5\springdoc-openapi-starter-common-2.8.5.jar;C:\Users\Hritika\.m2\repository\io\swagger\core\v3\swagger-core-jakarta\2.2.28\swagger-core-jakarta-2.2.28.jar;C:\Users\Hritika\.m2\repository\io\swagger\core\v3\swagger-annotations-jakarta\2.2.28\swagger-annotations-jakarta-2.2.28.jar;C:\Users\Hritika\.m2\repository\io\swagger\core\v3\swagger-models-jakarta\2.2.28\swagger-models-jakarta-2.2.28.jar;C:\Users\Hritika\.m2\repository\jakarta\validation\jakarta.validation-api\3.0.2\jakarta.validation-api-3.0.2.jar;C:\Users\Hritika\.m2\repository\com\fasterxml\jackson\dataformat\jackson-dataformat-yaml\2.18.2\jackson-dataformat-yaml-2.18.2.jar
Launcher Type: SUN_STANDARD

[Global flags]
     intx CICompilerCount                          = 4                                         {product} {ergonomic}
     uint ConcGCThreads                            = 3                                         {product} {ergonomic}
     uint G1ConcRefinementThreads                  = 10                                        {product} {ergonomic}
   size_t G1HeapRegionSize                         = 1048576                                   {product} {ergonomic}
    uintx GCDrainStackTargetSize                   = 64                                        {product} {ergonomic}
   size_t InitialHeapSize                          = 123731968                                 {product} {ergonomic}
   size_t MarkStackSize                            = 4194304                                   {product} {ergonomic}
   size_t MaxHeapSize                              = 1973420032                                {product} {ergonomic}
   size_t MaxNewSize                               = 1183842304                                {product} {ergonomic}
   size_t MinHeapDeltaBytes                        = 1048576                                   {product} {ergonomic}
   size_t MinHeapSize                              = 8388608                                   {product} {ergonomic}
    uintx NonNMethodCodeHeapSize                   = 5839372                                {pd product} {ergonomic}
    uintx NonProfiledCodeHeapSize                  = 122909434                              {pd product} {ergonomic}
    uintx ProfiledCodeHeapSize                     = 122909434                              {pd product} {ergonomic}
    uintx ReservedCodeCacheSize                    = 251658240                              {pd product} {ergonomic}
     bool SegmentedCodeCache                       = true                                      {product} {ergonomic}
   size_t SoftMaxHeapSize                          = 1973420032                             {manageable} {ergonomic}
     bool UseCompressedOops                        = true                           {product lp64_product} {ergonomic}
     bool UseG1GC                                  = true                                      {product} {ergonomic}
     bool UseLargePagesIndividualAllocation        = false                                  {pd product} {ergonomic}

Logging:
Log output configuration:
 #0: stdout all=warning uptime,level,tags foldmultilines=false
 #1: stderr all=off uptime,level,tags foldmultilines=false

Environment Variables:
JAVA_HOME=C:\Program Files\Java\jdk-21
PATH=C:\chromedriver\chromedriver.exe;C:\Program Files\NVIDIA GPU Computing Toolkit\CUDA\v12.3\bin;C:\Program Files\NVIDIA GPU Computing Toolkit\CUDA\v12.3\libnvvp;C:\Program Files\Common Files\Oracle\Java\javapath;C:\oraclexe\app\oracle\product\11.2.0\server\bin;C:\windows\system32;C:\windows;C:\windows\System32\Wbem;C:\windows\System32\WindowsPowerShell\v1.0\;C:\windows\System32\OpenSSH\;C:\Program Files (x86)\NVIDIA Corporation\PhysX\Common;C:\Program Files\NVIDIA Corporation\NVIDIA NvDLISR;C:\WINDOWS\system32;C:\WINDOWS;C:\WINDOWS\System32\Wbem;C:\WINDOWS\System32\WindowsPowerShell\v1.0\;C:\WINDOWS\System32\OpenSSH\;C:\Program Files (x86)\dotnet\;C:\php-8.2.0;C:\Program Files\Git\cmd;C:\Program Files\dotnet\;C:\Program Files\MySQL\MySQL Server 8.0\bin;C:\Program Files\Java\jdk-19\bin;C:\Program Files\apache-maven-3.9.2-bin\apache-maven-3.9.2\bin;C:\Program Files\CMake\bin;C:\Program Files\nodejs\;C:\Program Files\swipl\bin;C:\Program Files\MongoDB\Server\7.0\bin;C:\Program Files\mongoshell\mongosh-2.1.1-win32-x64\mongosh-2.1.1-win32-x64\bin;C:\mongodb-database-tools-windows-x86_64-100.9.3\mongodb-database-tools-windows-x86_64-100.9.3\bin;C:\Program Files\Go\bin;C:\Program Files\Docker\Docker\resources\bin;C:\Program Files\Java\jdk-21;C:\Program Files (x86)\Windows Kits\10\Windows Performance Toolkit\;C:\Program Files\NVIDIA Corporation\Nsight Compute 2023.3.1\;C:\CuDNN\cudnn-windows-x86_64-8.9.7.29_cuda12-archive\cudnn-windows-x86_64-8.9.7.29_cuda12-archive\bin;C:\CuDNN\cudnn-windows-x86_64-8.9.7.29_cuda12-archive\cudnn-windows-x86_64-8.9.7.29_cuda12-archive\include;C:\CuDNN\cudnn-windows-x86_64-8.9.7.29_cuda12-archive\cudnn-windows-x86_64-8.9.7.29_cuda12-archive\lib\x64;C:\chromedriver\chromedriver.exe;C:\Program Files\MySQL\MySQL Shell 8.0\bin\;C:\Users\Hritika\AppData\Local\Programs\Python\Python311\Scripts\;C:\Users\Hritika\AppData\Local\Programs\Python\Python311\;C:\Users\Hritika\AppData\Local\Microsoft\WindowsApps;C:\msys64\mingw64\bin;C:\Users\Hritika\AppData\Local\Programs\Microsoft VS Code\bin;C:\modeltech64_10.6d\win64;C:\Program Files\Git\cmd;C:\Program Files\heroku\bin;C:\Users\Hritika\.dotnet\tools;C:\Program Files\JetBrains\IntelliJ IDEA Community Edition 2023.1.3\bin;;C:\Users\Hritika\AppData\Roaming\npm;C:\Program Files\MongoDB\Server\7.0\bin;C:\Users\Hritika\go\bin;
USERNAME=Hritika
OS=Windows_NT
PROCESSOR_IDENTIFIER=AMD64 Family 25 Model 80 Stepping 0, AuthenticAMD
TMP=C:\Users\Hritika\AppData\Local\Temp
TEMP=C:\Users\Hritika\AppData\Local\Temp




Periodic native trim disabled

---------------  S Y S T E M  ---------------

OS:
 Windows 11 , 64 bit Build 26100 (10.0.26100.3323)
OS uptime: 4 days 0:06 hours
Hyper-V role detected

CPU: total 12 (initial active 12) (12 cores per cpu, 2 threads per core) family 25 model 80 stepping 0 microcode 0xa50000d, cx8, cmov, fxsr, ht, mmx, 3dnowpref, sse, sse2, sse3, ssse3, sse4a, sse4.1, sse4.2, popcnt, lzcnt, tsc, tscinvbit, avx, avx2, aes, erms, clmul, bmi1, bmi2, adx, sha, fma, vzeroupper, clflush, clflushopt, hv, rdtscp, rdpid, fsrm, f16c, cet_ss
Processor Information for processor 0
  Max Mhz: 3301, Current Mhz: 3301, Mhz Limit: 3301
Processor Information for processor 1
  Max Mhz: 3301, Current Mhz: 3301, Mhz Limit: 3301
Processor Information for processor 2
  Max Mhz: 3301, Current Mhz: 3301, Mhz Limit: 3301
Processor Information for processor 3
  Max Mhz: 3301, Current Mhz: 3301, Mhz Limit: 3301
Processor Information for processor 4
  Max Mhz: 3301, Current Mhz: 3301, Mhz Limit: 3301
Processor Information for processor 5
  Max Mhz: 3301, Current Mhz: 3301, Mhz Limit: 3301
Processor Information for processor 6
  Max Mhz: 3301, Current Mhz: 3301, Mhz Limit: 3301
Processor Information for processor 7
  Max Mhz: 3301, Current Mhz: 3301, Mhz Limit: 3301
Processor Information for processor 8
  Max Mhz: 3301, Current Mhz: 3301, Mhz Limit: 3301
Processor Information for processor 9
  Max Mhz: 3301, Current Mhz: 3301, Mhz Limit: 3301
Processor Information for processor 10
  Max Mhz: 3301, Current Mhz: 1805, Mhz Limit: 3301
Processor Information for processor 11
  Max Mhz: 3301, Current Mhz: 1805, Mhz Limit: 3301

Memory: 4k page, system-wide physical 7521M (9M free)
TotalPageFile size 31073M (AvailPageFile size 52M)
current process WorkingSet (physical memory assigned to process): 41M, peak: 107M
current process commit charge ("private bytes"): 246M, peak: 250M

vm_info: Java HotSpot(TM) 64-Bit Server VM (21.0.2+13-LTS-58) for windows-amd64 JRE (21.0.2+13-LTS-58), built on 2024-01-05T18:32:24Z by "mach5one" with MS VC++ 17.1 (VS2022)

END.
