#
# There is insufficient memory for the Java Runtime Environment to continue.
# Native memory allocation (malloc) failed to allocate 65552 bytes for Chunk::new
# Possible reasons:
#   The system is out of physical RAM or swap space
#   The process is running with CompressedOops enabled, and the Java Heap may be blocking the growth of the native heap
# Possible solutions:
#   Reduce memory load on the system
#   Increase physical memory or swap space
#   Check if swap backing store is full
#   Decrease Java heap size (-Xmx/-Xms)
#   Decrease number of Java threads
#   Decrease Java thread stack sizes (-Xss)
#   Set larger code cache with -XX:ReservedCodeCacheSize=
#   JVM is running with Unscaled Compressed Oops mode in which the Java heap is
#     placed in the first 4GB address space. The Java Heap base address is the
#     maximum limit for the native heap growth. Please use -XX:HeapBaseMinAddress
#     to set the Java Heap base and to place the Java Heap above 4GB virtual address.
# This output file may be truncated or incomplete.
#
#  Out of Memory Error (arena.cpp:168), pid=24328, tid=18224
#
# JRE version: Java(TM) SE Runtime Environment (21.0.2+13) (build 21.0.2+13-LTS-58)
# Java VM: Java HotSpot(TM) 64-Bit Server VM (21.0.2+13-LTS-58, mixed mode, sharing, tiered, compressed oops, compressed class ptrs, g1 gc, windows-amd64)
# No core dump will be written. Minidumps are not enabled by default on client versions of Windows
#

---------------  S U M M A R Y ------------

Command Line: -javaagent:C:\Program Files\JetBrains\IntelliJ IDEA Community Edition 2023.1.3\lib\idea_rt.jar=52279:C:\Program Files\JetBrains\IntelliJ IDEA Community Edition 2023.1.3\bin -Dfile.encoding=UTF-8 -Dsun.stdout.encoding=UTF-8 -Dsun.stderr.encoding=UTF-8 com.shopee.microservices.order.OrderServiceApplication

Host: AMD Ryzen 5 5600H with Radeon Graphics         , 12 cores, 7G,  Windows 11 , 64 bit Build 26100 (10.0.26100.3323)
Time: Sat May 17 11:30:00 2025 India Standard Time elapsed time: 31117.196419 seconds (0d 8h 38m 37s)

---------------  T H R E A D  ---------------

Current thread (0x00000265cb028590):  JavaThread "C2 CompilerThread0" daemon [_thread_in_native, id=18224, stack(0x00000083f4400000,0x00000083f4500000) (1024K)]


Current CompileTask:
C2:31117197 9512   !   4       com.mysql.cj.exceptions.ExceptionFactory::createLinkFailureMessageBasedOnHeuristics (640 bytes)

Stack: [0x00000083f4400000,0x00000083f4500000]
Native frames: (J=compiled Java code, j=interpreted, Vv=VM code, C=native code)
V  [jvm.dll+0x6cade9]
V  [jvm.dll+0x8569c1]
V  [jvm.dll+0x858d2e]
V  [jvm.dll+0x859413]
V  [jvm.dll+0x280e56]
V  [jvm.dll+0xc3f3d]
V  [jvm.dll+0xc4473]
V  [jvm.dll+0xc4065]
V  [jvm.dll+0x6a7a5c]
V  [jvm.dll+0x251499]
V  [jvm.dll+0x6f071c]
V  [jvm.dll+0x24aebe]
V  [jvm.dll+0x2490a3]
V  [jvm.dll+0x1c9634]
V  [jvm.dll+0x258859]
V  [jvm.dll+0x256e3a]
V  [jvm.dll+0x3ef6c6]
V  [jvm.dll+0x7ff568]
V  [jvm.dll+0x6c953d]
C  [ucrtbase.dll+0x37b0]
C  [KERNEL32.DLL+0x2e8d7]
C  [ntdll.dll+0xbbf6c]


---------------  P R O C E S S  ---------------

Threads class SMR info:
_java_thread_list=0x00000266139adb40, length=29, elements={
0x00000265cafed390, 0x00000265caff2970, 0x00000265caff6540, 0x00000265caff7430,
0x00000265caff9a10, 0x00000265cb003120, 0x00000265cb028590, 0x00000265cb148480,
0x00000265cafb65d0, 0x00000265cb7b9060, 0x0000026613e8c680, 0x0000026613e8cd10,
0x0000026613e8ede0, 0x0000026613e8f470, 0x0000026613e8bff0, 0x0000026613e8e750,
0x0000026613867fa0, 0x0000026613865ed0, 0x0000026613868cc0, 0x0000026613867910,
0x0000026613866bf0, 0x0000026613866560, 0x0000026613868630, 0x0000026613865840,
0x000002661386a070, 0x000002661386a700, 0x0000026613867280, 0x000002661386b420,
0x000002661386ce60
}

Java Threads: ( => current thread )
  0x00000265cafed390 JavaThread "Reference Handler"          daemon [_thread_blocked, id=24080, stack(0x00000083f3e00000,0x00000083f3f00000) (1024K)]
  0x00000265caff2970 JavaThread "Finalizer"                  daemon [_thread_blocked, id=7096, stack(0x00000083f3f00000,0x00000083f4000000) (1024K)]
  0x00000265caff6540 JavaThread "Signal Dispatcher"          daemon [_thread_blocked, id=3436, stack(0x00000083f4000000,0x00000083f4100000) (1024K)]
  0x00000265caff7430 JavaThread "Attach Listener"            daemon [_thread_blocked, id=5860, stack(0x00000083f4100000,0x00000083f4200000) (1024K)]
  0x00000265caff9a10 JavaThread "Service Thread"             daemon [_thread_blocked, id=21080, stack(0x00000083f4200000,0x00000083f4300000) (1024K)]
  0x00000265cb003120 JavaThread "Monitor Deflation Thread"   daemon [_thread_blocked, id=16800, stack(0x00000083f4300000,0x00000083f4400000) (1024K)]
=>0x00000265cb028590 JavaThread "C2 CompilerThread0"         daemon [_thread_in_native, id=18224, stack(0x00000083f4400000,0x00000083f4500000) (1024K)]
  0x00000265cb148480 JavaThread "C1 CompilerThread0"         daemon [_thread_blocked, id=21124, stack(0x00000083f4500000,0x00000083f4600000) (1024K)]
  0x00000265cafb65d0 JavaThread "Common-Cleaner"             daemon [_thread_blocked, id=24228, stack(0x00000083f4600000,0x00000083f4700000) (1024K)]
  0x00000265cb7b9060 JavaThread "Notification Thread"        daemon [_thread_blocked, id=24552, stack(0x00000083f4900000,0x00000083f4a00000) (1024K)]
  0x0000026613e8c680 JavaThread "Catalina-utility-1"                [_thread_blocked, id=14892, stack(0x00000083f5200000,0x00000083f5300000) (1024K)]
  0x0000026613e8cd10 JavaThread "Catalina-utility-2"                [_thread_blocked, id=15116, stack(0x00000083f5700000,0x00000083f5800000) (1024K)]
  0x0000026613e8ede0 JavaThread "container-0"                       [_thread_blocked, id=19460, stack(0x00000083f5800000,0x00000083f5900000) (1024K)]
  0x0000026613e8f470 JavaThread "mysql-cj-abandoned-connection-cleanup" daemon [_thread_blocked, id=3100, stack(0x00000083f5900000,0x00000083f5a00000) (1024K)]
  0x0000026613e8bff0 JavaThread "HikariPool-1 housekeeper"   daemon [_thread_blocked, id=23472, stack(0x00000083f5300000,0x00000083f5400000) (1024K)]
  0x0000026613e8e750 JavaThread "http-nio-8083-exec-1"       daemon [_thread_blocked, id=24236, stack(0x00000083f5d00000,0x00000083f5e00000) (1024K)]
  0x0000026613867fa0 JavaThread "http-nio-8083-exec-2"       daemon [_thread_blocked, id=24500, stack(0x00000083f5e00000,0x00000083f5f00000) (1024K)]
  0x0000026613865ed0 JavaThread "http-nio-8083-exec-3"       daemon [_thread_blocked, id=8116, stack(0x00000083f5f00000,0x00000083f6000000) (1024K)]
  0x0000026613868cc0 JavaThread "http-nio-8083-exec-4"       daemon [_thread_blocked, id=8404, stack(0x00000083f6000000,0x00000083f6100000) (1024K)]
  0x0000026613867910 JavaThread "http-nio-8083-exec-5"       daemon [_thread_blocked, id=9952, stack(0x00000083f6100000,0x00000083f6200000) (1024K)]
  0x0000026613866bf0 JavaThread "http-nio-8083-exec-6"       daemon [_thread_blocked, id=18920, stack(0x00000083f6200000,0x00000083f6300000) (1024K)]
  0x0000026613866560 JavaThread "http-nio-8083-exec-7"       daemon [_thread_blocked, id=2784, stack(0x00000083f6300000,0x00000083f6400000) (1024K)]
  0x0000026613868630 JavaThread "http-nio-8083-exec-8"       daemon [_thread_blocked, id=19660, stack(0x00000083f6400000,0x00000083f6500000) (1024K)]
  0x0000026613865840 JavaThread "http-nio-8083-exec-9"       daemon [_thread_blocked, id=21888, stack(0x00000083f6500000,0x00000083f6600000) (1024K)]
  0x000002661386a070 JavaThread "http-nio-8083-exec-10"      daemon [_thread_blocked, id=22988, stack(0x00000083f6600000,0x00000083f6700000) (1024K)]
  0x000002661386a700 JavaThread "http-nio-8083-Poller"       daemon [_thread_in_native, id=19360, stack(0x00000083f6700000,0x00000083f6800000) (1024K)]
  0x0000026613867280 JavaThread "http-nio-8083-Acceptor"     daemon [_thread_in_native, id=14100, stack(0x00000083f6800000,0x00000083f6900000) (1024K)]
  0x000002661386b420 JavaThread "DestroyJavaVM"                     [_thread_blocked, id=2648, stack(0x00000083f3600000,0x00000083f3700000) (1024K)]
  0x000002661386ce60 JavaThread "HikariPool-1 connection adder" daemon [_thread_blocked, id=9384, stack(0x00000083f3400000,0x00000083f3500000) (1024K)]
Total: 29

Other Threads:
  0x00000265cafcdbb0 VMThread "VM Thread"                           [id=16796, stack(0x00000083f3d00000,0x00000083f3e00000) (1024K)]
  0x00000265cafb5d40 WatcherThread "VM Periodic Task Thread"        [id=21844, stack(0x00000083f3c00000,0x00000083f3d00000) (1024K)]
  0x00000265ae553280 WorkerThread "GC Thread#0"                     [id=16432, stack(0x00000083f3700000,0x00000083f3800000) (1024K)]
  0x0000026611255940 WorkerThread "GC Thread#1"                     [id=3004, stack(0x00000083f4b00000,0x00000083f4c00000) (1024K)]
  0x00000265cbc094d0 WorkerThread "GC Thread#2"                     [id=2704, stack(0x00000083f4c00000,0x00000083f4d00000) (1024K)]
  0x00000265cbbaf470 WorkerThread "GC Thread#3"                     [id=12884, stack(0x00000083f4d00000,0x00000083f4e00000) (1024K)]
  0x00000265cbc9a5c0 WorkerThread "GC Thread#4"                     [id=18988, stack(0x00000083f4e00000,0x00000083f4f00000) (1024K)]
  0x00000265cbbe9e50 WorkerThread "GC Thread#5"                     [id=13648, stack(0x00000083f4f00000,0x00000083f5000000) (1024K)]
  0x0000026611513950 WorkerThread "GC Thread#6"                     [id=14140, stack(0x00000083f5000000,0x00000083f5100000) (1024K)]
  0x00000266115140f0 WorkerThread "GC Thread#7"                     [id=23572, stack(0x00000083f5100000,0x00000083f5200000) (1024K)]
  0x0000026611a1b0f0 WorkerThread "GC Thread#8"                     [id=3076, stack(0x00000083f5400000,0x00000083f5500000) (1024K)]
  0x0000026611a19ed0 WorkerThread "GC Thread#9"                     [id=20656, stack(0x00000083f5500000,0x00000083f5600000) (1024K)]
  0x00000265ae5634c0 ConcurrentGCThread "G1 Main Marker"            [id=23160, stack(0x00000083f3800000,0x00000083f3900000) (1024K)]
  0x00000265ae565d60 WorkerThread "G1 Conc#0"                       [id=6656, stack(0x00000083f3900000,0x00000083f3a00000) (1024K)]
  0x0000026611a1ad50 WorkerThread "G1 Conc#1"                       [id=23496, stack(0x00000083f4700000,0x00000083f4800000) (1024K)]
  0x0000026611a1a270 WorkerThread "G1 Conc#2"                       [id=22124, stack(0x00000083f5600000,0x00000083f5700000) (1024K)]
  0x00000265cae88d90 ConcurrentGCThread "G1 Refine#0"               [id=5108, stack(0x00000083f3a00000,0x00000083f3b00000) (1024K)]
  0x00000265cae8bb20 ConcurrentGCThread "G1 Service"                [id=6720, stack(0x00000083f3b00000,0x00000083f3c00000) (1024K)]
Total: 18

Threads with active compile tasks:
C2 CompilerThread0  31117249 9512   !   4       com.mysql.cj.exceptions.ExceptionFactory::createLinkFailureMessageBasedOnHeuristics (640 bytes)
Total: 1

VM state: not at safepoint (normal execution)

VM Mutex/Monitor currently owned by a thread: None

Heap address: 0x000000008a600000, size: 1882 MB, Compressed Oops mode: 32-bit

CDS archive(s) mapped at: [0x00000265cc000000-0x00000265ccc90000-0x00000265ccc90000), size 13172736, SharedBaseAddress: 0x00000265cc000000, ArchiveRelocationMode: 1.
Compressed class space mapped at: 0x00000265cd000000-0x000002660d000000, reserved size: 1073741824
Narrow klass base: 0x00000265cc000000, Narrow klass shift: 0, Narrow klass range: 0x100000000

GC Precious Log:
 CardTable entry size: 512
 Card Set container configuration: InlinePtr #cards 5 size 8 Array Of Cards #cards 12 size 40 Howl #buckets 4 coarsen threshold 1843 Howl Bitmap #cards 512 size 80 coarsen threshold 460 Card regions per heap region 1 cards per card region 2048
 CPUs: 12 total, 12 available
 Memory: 7521M
 Large Page Support: Disabled
 NUMA Support: Disabled
 Compressed Oops: Enabled (32-bit)
 Heap Region Size: 1M
 Heap Min Capacity: 8M
 Heap Initial Capacity: 118M
 Heap Max Capacity: 1882M
 Pre-touch: Disabled
 Parallel Workers: 10
 Concurrent Workers: 3
 Concurrent Refinement Workers: 10
 Periodic GC: Disabled

Heap:
 garbage-first heap   total 138240K, used 95150K [0x000000008a600000, 0x0000000100000000)
  region size 1024K, 51 young (52224K), 3 survivors (3072K)
 Metaspace       used 82872K, committed 84160K, reserved 1179648K
  class space    used 10883K, committed 11392K, reserved 1048576K

Heap Regions: E=young(eden), S=young(survivor), O=old, HS=humongous(starts), HC=humongous(continues), CS=collection set, F=free, TAMS=top-at-mark-start, PB=parsable bottom
|   0|0x000000008a600000, 0x000000008a700000, 0x000000008a700000|100%|HS|  |TAMS 0x000000008a600000| PB 0x000000008a600000| Complete 
|   1|0x000000008a700000, 0x000000008a800000, 0x000000008a800000|100%|HS|  |TAMS 0x000000008a700000| PB 0x000000008a700000| Complete 
|   2|0x000000008a800000, 0x000000008a900000, 0x000000008a900000|100%|HS|  |TAMS 0x000000008a800000| PB 0x000000008a800000| Complete 
|   3|0x000000008a900000, 0x000000008aa00000, 0x000000008aa00000|100%| O|  |TAMS 0x000000008a900000| PB 0x000000008a900000| Untracked 
|   4|0x000000008aa00000, 0x000000008ab00000, 0x000000008ab00000|100%| O|  |TAMS 0x000000008aa00000| PB 0x000000008aa00000| Untracked 
|   5|0x000000008ab00000, 0x000000008ac00000, 0x000000008ac00000|100%| O|  |TAMS 0x000000008ab00000| PB 0x000000008ab00000| Untracked 
|   6|0x000000008ac00000, 0x000000008ad00000, 0x000000008ad00000|100%| O|  |TAMS 0x000000008ac00000| PB 0x000000008ac00000| Untracked 
|   7|0x000000008ad00000, 0x000000008ae00000, 0x000000008ae00000|100%| O|  |TAMS 0x000000008ad00000| PB 0x000000008ad00000| Untracked 
|   8|0x000000008ae00000, 0x000000008af00000, 0x000000008af00000|100%| O|  |TAMS 0x000000008ae00000| PB 0x000000008ae00000| Untracked 
|   9|0x000000008af00000, 0x000000008b000000, 0x000000008b000000|100%| O|  |TAMS 0x000000008af00000| PB 0x000000008af00000| Untracked 
|  10|0x000000008b000000, 0x000000008b100000, 0x000000008b100000|100%| O|  |TAMS 0x000000008b000000| PB 0x000000008b000000| Untracked 
|  11|0x000000008b100000, 0x000000008b200000, 0x000000008b200000|100%| O|  |TAMS 0x000000008b100000| PB 0x000000008b100000| Untracked 
|  12|0x000000008b200000, 0x000000008b300000, 0x000000008b300000|100%| O|Cm|TAMS 0x000000008b200000| PB 0x000000008b200000| Complete 
|  13|0x000000008b300000, 0x000000008b400000, 0x000000008b400000|100%| O|Cm|TAMS 0x000000008b300000| PB 0x000000008b300000| Complete 
|  14|0x000000008b400000, 0x000000008b500000, 0x000000008b500000|100%| O|  |TAMS 0x000000008b400000| PB 0x000000008b400000| Untracked 
|  15|0x000000008b500000, 0x000000008b600000, 0x000000008b600000|100%| O|  |TAMS 0x000000008b500000| PB 0x000000008b500000| Untracked 
|  16|0x000000008b600000, 0x000000008b700000, 0x000000008b700000|100%| O|  |TAMS 0x000000008b600000| PB 0x000000008b600000| Untracked 
|  17|0x000000008b700000, 0x000000008b800000, 0x000000008b800000|100%| O|  |TAMS 0x000000008b700000| PB 0x000000008b700000| Untracked 
|  18|0x000000008b800000, 0x000000008b900000, 0x000000008b900000|100%| O|  |TAMS 0x000000008b800000| PB 0x000000008b800000| Untracked 
|  19|0x000000008b900000, 0x000000008ba00000, 0x000000008ba00000|100%| O|  |TAMS 0x000000008b900000| PB 0x000000008b900000| Untracked 
|  20|0x000000008ba00000, 0x000000008bb00000, 0x000000008bb00000|100%| O|  |TAMS 0x000000008ba00000| PB 0x000000008ba00000| Untracked 
|  21|0x000000008bb00000, 0x000000008bc00000, 0x000000008bc00000|100%| O|  |TAMS 0x000000008bb00000| PB 0x000000008bb00000| Untracked 
|  22|0x000000008bc00000, 0x000000008bd00000, 0x000000008bd00000|100%| O|  |TAMS 0x000000008bc00000| PB 0x000000008bc00000| Untracked 
|  23|0x000000008bd00000, 0x000000008be00000, 0x000000008be00000|100%| O|  |TAMS 0x000000008bd00000| PB 0x000000008bd00000| Untracked 
|  24|0x000000008be00000, 0x000000008bf00000, 0x000000008bf00000|100%| O|Cm|TAMS 0x000000008be00000| PB 0x000000008be00000| Complete 
|  25|0x000000008bf00000, 0x000000008c000000, 0x000000008c000000|100%| O|  |TAMS 0x000000008bf00000| PB 0x000000008bf00000| Untracked 
|  26|0x000000008c000000, 0x000000008c100000, 0x000000008c100000|100%| O|  |TAMS 0x000000008c000000| PB 0x000000008c000000| Untracked 
|  27|0x000000008c100000, 0x000000008c200000, 0x000000008c200000|100%| O|  |TAMS 0x000000008c100000| PB 0x000000008c100000| Untracked 
|  28|0x000000008c200000, 0x000000008c300000, 0x000000008c300000|100%| O|  |TAMS 0x000000008c200000| PB 0x000000008c200000| Untracked 
|  29|0x000000008c300000, 0x000000008c300000, 0x000000008c400000|  0%| F|  |TAMS 0x000000008c300000| PB 0x000000008c300000| Untracked 
|  30|0x000000008c400000, 0x000000008c500000, 0x000000008c500000|100%| O|Cm|TAMS 0x000000008c400000| PB 0x000000008c400000| Complete 
|  31|0x000000008c500000, 0x000000008c500000, 0x000000008c600000|  0%| F|  |TAMS 0x000000008c500000| PB 0x000000008c500000| Untracked 
|  32|0x000000008c600000, 0x000000008c600000, 0x000000008c700000|  0%| F|  |TAMS 0x000000008c600000| PB 0x000000008c600000| Untracked 
|  33|0x000000008c700000, 0x000000008c800000, 0x000000008c800000|100%| O|Cm|TAMS 0x000000008c700000| PB 0x000000008c700000| Complete 
|  34|0x000000008c800000, 0x000000008c900000, 0x000000008c900000|100%| O|  |TAMS 0x000000008c800000| PB 0x000000008c800000| Untracked 
|  35|0x000000008c900000, 0x000000008ca00000, 0x000000008ca00000|100%| O|  |TAMS 0x000000008c900000| PB 0x000000008c900000| Untracked 
|  36|0x000000008ca00000, 0x000000008ca00000, 0x000000008cb00000|  0%| F|  |TAMS 0x000000008ca00000| PB 0x000000008ca00000| Untracked 
|  37|0x000000008cb00000, 0x000000008cc00000, 0x000000008cc00000|100%| O|  |TAMS 0x000000008cb00000| PB 0x000000008cb00000| Untracked 
|  38|0x000000008cc00000, 0x000000008cd00000, 0x000000008cd00000|100%| O|  |TAMS 0x000000008cc00000| PB 0x000000008cc00000| Untracked 
|  39|0x000000008cd00000, 0x000000008cd00000, 0x000000008ce00000|  0%| F|  |TAMS 0x000000008cd00000| PB 0x000000008cd00000| Untracked 
|  40|0x000000008ce00000, 0x000000008cf00000, 0x000000008cf00000|100%| O|  |TAMS 0x000000008ce00000| PB 0x000000008ce00000| Untracked 
|  41|0x000000008cf00000, 0x000000008d000000, 0x000000008d000000|100%| O|  |TAMS 0x000000008cf00000| PB 0x000000008cf00000| Untracked 
|  42|0x000000008d000000, 0x000000008d100000, 0x000000008d100000|100%| O|Cm|TAMS 0x000000008d000000| PB 0x000000008d000000| Complete 
|  43|0x000000008d100000, 0x000000008d100000, 0x000000008d200000|  0%| F|  |TAMS 0x000000008d100000| PB 0x000000008d100000| Untracked 
|  44|0x000000008d200000, 0x000000008d200000, 0x000000008d300000|  0%| F|  |TAMS 0x000000008d200000| PB 0x000000008d200000| Untracked 
|  45|0x000000008d300000, 0x000000008d400000, 0x000000008d400000|100%| O|  |TAMS 0x000000008d300000| PB 0x000000008d300000| Untracked 
|  46|0x000000008d400000, 0x000000008d400000, 0x000000008d500000|  0%| F|  |TAMS 0x000000008d400000| PB 0x000000008d400000| Untracked 
|  47|0x000000008d500000, 0x000000008d500000, 0x000000008d600000|  0%| F|  |TAMS 0x000000008d500000| PB 0x000000008d500000| Untracked 
|  48|0x000000008d600000, 0x000000008d600000, 0x000000008d700000|  0%| F|  |TAMS 0x000000008d600000| PB 0x000000008d600000| Untracked 
|  49|0x000000008d700000, 0x000000008d700000, 0x000000008d800000|  0%| F|  |TAMS 0x000000008d700000| PB 0x000000008d700000| Untracked 
|  50|0x000000008d800000, 0x000000008d800000, 0x000000008d900000|  0%| F|  |TAMS 0x000000008d800000| PB 0x000000008d800000| Untracked 
|  51|0x000000008d900000, 0x000000008d900000, 0x000000008da00000|  0%| F|  |TAMS 0x000000008d900000| PB 0x000000008d900000| Untracked 
|  52|0x000000008da00000, 0x000000008db00000, 0x000000008db00000|100%| O|Cm|TAMS 0x000000008da00000| PB 0x000000008da00000| Complete 
|  53|0x000000008db00000, 0x000000008dc00000, 0x000000008dc00000|100%| O|Cm|TAMS 0x000000008db00000| PB 0x000000008db00000| Complete 
|  54|0x000000008dc00000, 0x000000008dc00000, 0x000000008dd00000|  0%| F|  |TAMS 0x000000008dc00000| PB 0x000000008dc00000| Untracked 
|  55|0x000000008dd00000, 0x000000008de00000, 0x000000008de00000|100%| O|  |TAMS 0x000000008dd00000| PB 0x000000008dd00000| Untracked 
|  56|0x000000008de00000, 0x000000008df00000, 0x000000008df00000|100%| O|  |TAMS 0x000000008de00000| PB 0x000000008de00000| Untracked 
|  57|0x000000008df00000, 0x000000008df6bfb0, 0x000000008e000000| 42%| O|  |TAMS 0x000000008df00000| PB 0x000000008df00000| Untracked 
|  58|0x000000008e000000, 0x000000008e000000, 0x000000008e100000|  0%| F|  |TAMS 0x000000008e000000| PB 0x000000008e000000| Untracked 
|  59|0x000000008e100000, 0x000000008e100000, 0x000000008e200000|  0%| F|  |TAMS 0x000000008e100000| PB 0x000000008e100000| Untracked 
|  60|0x000000008e200000, 0x000000008e200000, 0x000000008e300000|  0%| F|  |TAMS 0x000000008e200000| PB 0x000000008e200000| Untracked 
|  61|0x000000008e300000, 0x000000008e300000, 0x000000008e400000|  0%| F|  |TAMS 0x000000008e300000| PB 0x000000008e300000| Untracked 
|  62|0x000000008e400000, 0x000000008e47fc00, 0x000000008e500000| 49%| S|CS|TAMS 0x000000008e400000| PB 0x000000008e400000| Complete 
|  63|0x000000008e500000, 0x000000008e600000, 0x000000008e600000|100%| S|CS|TAMS 0x000000008e500000| PB 0x000000008e500000| Complete 
|  64|0x000000008e600000, 0x000000008e700000, 0x000000008e700000|100%| S|CS|TAMS 0x000000008e600000| PB 0x000000008e600000| Complete 
|  65|0x000000008e700000, 0x000000008e700000, 0x000000008e800000|  0%| F|  |TAMS 0x000000008e700000| PB 0x000000008e700000| Untracked 
|  66|0x000000008e800000, 0x000000008e800000, 0x000000008e900000|  0%| F|  |TAMS 0x000000008e800000| PB 0x000000008e800000| Untracked 
|  67|0x000000008e900000, 0x000000008e900000, 0x000000008ea00000|  0%| F|  |TAMS 0x000000008e900000| PB 0x000000008e900000| Untracked 
|  68|0x000000008ea00000, 0x000000008ea00000, 0x000000008eb00000|  0%| F|  |TAMS 0x000000008ea00000| PB 0x000000008ea00000| Untracked 
|  69|0x000000008eb00000, 0x000000008eb00000, 0x000000008ec00000|  0%| F|  |TAMS 0x000000008eb00000| PB 0x000000008eb00000| Untracked 
|  70|0x000000008ec00000, 0x000000008ec00000, 0x000000008ed00000|  0%| F|  |TAMS 0x000000008ec00000| PB 0x000000008ec00000| Untracked 
|  71|0x000000008ed00000, 0x000000008ed00000, 0x000000008ee00000|  0%| F|  |TAMS 0x000000008ed00000| PB 0x000000008ed00000| Untracked 
|  72|0x000000008ee00000, 0x000000008ee00000, 0x000000008ef00000|  0%| F|  |TAMS 0x000000008ee00000| PB 0x000000008ee00000| Untracked 
|  73|0x000000008ef00000, 0x000000008ef00000, 0x000000008f000000|  0%| F|  |TAMS 0x000000008ef00000| PB 0x000000008ef00000| Untracked 
|  74|0x000000008f000000, 0x000000008f000000, 0x000000008f100000|  0%| F|  |TAMS 0x000000008f000000| PB 0x000000008f000000| Untracked 
|  75|0x000000008f100000, 0x000000008f100000, 0x000000008f200000|  0%| F|  |TAMS 0x000000008f100000| PB 0x000000008f100000| Untracked 
|  76|0x000000008f200000, 0x000000008f200000, 0x000000008f300000|  0%| F|  |TAMS 0x000000008f200000| PB 0x000000008f200000| Untracked 
|  77|0x000000008f300000, 0x000000008f300000, 0x000000008f400000|  0%| F|  |TAMS 0x000000008f300000| PB 0x000000008f300000| Untracked 
|  78|0x000000008f400000, 0x000000008f400000, 0x000000008f500000|  0%| F|  |TAMS 0x000000008f400000| PB 0x000000008f400000| Untracked 
|  79|0x000000008f500000, 0x000000008f500000, 0x000000008f600000|  0%| F|  |TAMS 0x000000008f500000| PB 0x000000008f500000| Untracked 
|  80|0x000000008f600000, 0x000000008f600000, 0x000000008f700000|  0%| F|  |TAMS 0x000000008f600000| PB 0x000000008f600000| Untracked 
|  81|0x000000008f700000, 0x000000008f700000, 0x000000008f800000|  0%| F|  |TAMS 0x000000008f700000| PB 0x000000008f700000| Untracked 
|  82|0x000000008f800000, 0x000000008f800000, 0x000000008f900000|  0%| F|  |TAMS 0x000000008f800000| PB 0x000000008f800000| Untracked 
|  83|0x000000008f900000, 0x000000008f900000, 0x000000008fa00000|  0%| F|  |TAMS 0x000000008f900000| PB 0x000000008f900000| Untracked 
|  84|0x000000008fa00000, 0x000000008fa00000, 0x000000008fb00000|  0%| F|  |TAMS 0x000000008fa00000| PB 0x000000008fa00000| Untracked 
|  85|0x000000008fb00000, 0x000000008fb00000, 0x000000008fc00000|  0%| F|  |TAMS 0x000000008fb00000| PB 0x000000008fb00000| Untracked 
|  86|0x000000008fc00000, 0x000000008fc00000, 0x000000008fd00000|  0%| F|  |TAMS 0x000000008fc00000| PB 0x000000008fc00000| Untracked 
|  87|0x000000008fd00000, 0x000000008fd80800, 0x000000008fe00000| 50%| E|  |TAMS 0x000000008fd00000| PB 0x000000008fd00000| Complete 
|  88|0x000000008fe00000, 0x000000008ff00000, 0x000000008ff00000|100%| E|CS|TAMS 0x000000008fe00000| PB 0x000000008fe00000| Complete 
|  89|0x000000008ff00000, 0x0000000090000000, 0x0000000090000000|100%| E|CS|TAMS 0x000000008ff00000| PB 0x000000008ff00000| Complete 
|  90|0x0000000090000000, 0x0000000090100000, 0x0000000090100000|100%| E|CS|TAMS 0x0000000090000000| PB 0x0000000090000000| Complete 
|  91|0x0000000090100000, 0x0000000090200000, 0x0000000090200000|100%| E|CS|TAMS 0x0000000090100000| PB 0x0000000090100000| Complete 
|  92|0x0000000090200000, 0x0000000090300000, 0x0000000090300000|100%| E|CS|TAMS 0x0000000090200000| PB 0x0000000090200000| Complete 
|  93|0x0000000090300000, 0x0000000090400000, 0x0000000090400000|100%| E|CS|TAMS 0x0000000090300000| PB 0x0000000090300000| Complete 
|  94|0x0000000090400000, 0x0000000090500000, 0x0000000090500000|100%| E|CS|TAMS 0x0000000090400000| PB 0x0000000090400000| Complete 
|  95|0x0000000090500000, 0x0000000090600000, 0x0000000090600000|100%| E|CS|TAMS 0x0000000090500000| PB 0x0000000090500000| Complete 
|  96|0x0000000090600000, 0x0000000090700000, 0x0000000090700000|100%| E|CS|TAMS 0x0000000090600000| PB 0x0000000090600000| Complete 
|  97|0x0000000090700000, 0x0000000090800000, 0x0000000090800000|100%| E|CS|TAMS 0x0000000090700000| PB 0x0000000090700000| Complete 
|  98|0x0000000090800000, 0x0000000090900000, 0x0000000090900000|100%| E|CS|TAMS 0x0000000090800000| PB 0x0000000090800000| Complete 
|  99|0x0000000090900000, 0x0000000090a00000, 0x0000000090a00000|100%| E|CS|TAMS 0x0000000090900000| PB 0x0000000090900000| Complete 
| 100|0x0000000090a00000, 0x0000000090b00000, 0x0000000090b00000|100%| E|CS|TAMS 0x0000000090a00000| PB 0x0000000090a00000| Complete 
| 101|0x0000000090b00000, 0x0000000090c00000, 0x0000000090c00000|100%| E|CS|TAMS 0x0000000090b00000| PB 0x0000000090b00000| Complete 
| 102|0x0000000090c00000, 0x0000000090d00000, 0x0000000090d00000|100%| E|CS|TAMS 0x0000000090c00000| PB 0x0000000090c00000| Complete 
| 103|0x0000000090d00000, 0x0000000090e00000, 0x0000000090e00000|100%| E|CS|TAMS 0x0000000090d00000| PB 0x0000000090d00000| Complete 
| 104|0x0000000090e00000, 0x0000000090f00000, 0x0000000090f00000|100%| E|CS|TAMS 0x0000000090e00000| PB 0x0000000090e00000| Complete 
| 105|0x0000000090f00000, 0x0000000091000000, 0x0000000091000000|100%| E|CS|TAMS 0x0000000090f00000| PB 0x0000000090f00000| Complete 
| 106|0x0000000091000000, 0x0000000091100000, 0x0000000091100000|100%| E|CS|TAMS 0x0000000091000000| PB 0x0000000091000000| Complete 
| 107|0x0000000091100000, 0x0000000091200000, 0x0000000091200000|100%| E|CS|TAMS 0x0000000091100000| PB 0x0000000091100000| Complete 
| 108|0x0000000091200000, 0x0000000091300000, 0x0000000091300000|100%| E|CS|TAMS 0x0000000091200000| PB 0x0000000091200000| Complete 
| 109|0x0000000091300000, 0x0000000091400000, 0x0000000091400000|100%| E|CS|TAMS 0x0000000091300000| PB 0x0000000091300000| Complete 
| 110|0x0000000091400000, 0x0000000091500000, 0x0000000091500000|100%| E|CS|TAMS 0x0000000091400000| PB 0x0000000091400000| Complete 
| 111|0x0000000091500000, 0x0000000091600000, 0x0000000091600000|100%| E|CS|TAMS 0x0000000091500000| PB 0x0000000091500000| Complete 
| 112|0x0000000091600000, 0x0000000091700000, 0x0000000091700000|100%| E|CS|TAMS 0x0000000091600000| PB 0x0000000091600000| Complete 
| 113|0x0000000091700000, 0x0000000091800000, 0x0000000091800000|100%| E|CS|TAMS 0x0000000091700000| PB 0x0000000091700000| Complete 
| 114|0x0000000091800000, 0x0000000091900000, 0x0000000091900000|100%| E|CS|TAMS 0x0000000091800000| PB 0x0000000091800000| Complete 
| 115|0x0000000091900000, 0x0000000091a00000, 0x0000000091a00000|100%| E|CS|TAMS 0x0000000091900000| PB 0x0000000091900000| Complete 
| 116|0x0000000091a00000, 0x0000000091b00000, 0x0000000091b00000|100%| E|CS|TAMS 0x0000000091a00000| PB 0x0000000091a00000| Complete 
| 117|0x0000000091b00000, 0x0000000091c00000, 0x0000000091c00000|100%| E|CS|TAMS 0x0000000091b00000| PB 0x0000000091b00000| Complete 
| 118|0x0000000091c00000, 0x0000000091d00000, 0x0000000091d00000|100%| E|CS|TAMS 0x0000000091c00000| PB 0x0000000091c00000| Complete 
| 119|0x0000000091d00000, 0x0000000091e00000, 0x0000000091e00000|100%| E|CS|TAMS 0x0000000091d00000| PB 0x0000000091d00000| Complete 
| 120|0x0000000091e00000, 0x0000000091f00000, 0x0000000091f00000|100%| E|CS|TAMS 0x0000000091e00000| PB 0x0000000091e00000| Complete 
| 121|0x0000000091f00000, 0x0000000092000000, 0x0000000092000000|100%| E|CS|TAMS 0x0000000091f00000| PB 0x0000000091f00000| Complete 
| 122|0x0000000092000000, 0x0000000092100000, 0x0000000092100000|100%| E|CS|TAMS 0x0000000092000000| PB 0x0000000092000000| Complete 
| 123|0x0000000092100000, 0x0000000092200000, 0x0000000092200000|100%| E|CS|TAMS 0x0000000092100000| PB 0x0000000092100000| Complete 
| 124|0x0000000092200000, 0x0000000092300000, 0x0000000092300000|100%| E|CS|TAMS 0x0000000092200000| PB 0x0000000092200000| Complete 
| 125|0x0000000092300000, 0x0000000092400000, 0x0000000092400000|100%| E|CS|TAMS 0x0000000092300000| PB 0x0000000092300000| Complete 
| 126|0x0000000092400000, 0x0000000092500000, 0x0000000092500000|100%| E|CS|TAMS 0x0000000092400000| PB 0x0000000092400000| Complete 
| 127|0x0000000092500000, 0x0000000092600000, 0x0000000092600000|100%| E|CS|TAMS 0x0000000092500000| PB 0x0000000092500000| Complete 
| 128|0x0000000092600000, 0x0000000092700000, 0x0000000092700000|100%| E|CS|TAMS 0x0000000092600000| PB 0x0000000092600000| Complete 
| 129|0x0000000092700000, 0x0000000092800000, 0x0000000092800000|100%| E|CS|TAMS 0x0000000092700000| PB 0x0000000092700000| Complete 
| 130|0x0000000092800000, 0x0000000092900000, 0x0000000092900000|100%| E|CS|TAMS 0x0000000092800000| PB 0x0000000092800000| Complete 
| 131|0x0000000092900000, 0x0000000092a00000, 0x0000000092a00000|100%| E|CS|TAMS 0x0000000092900000| PB 0x0000000092900000| Complete 
| 132|0x0000000092a00000, 0x0000000092b00000, 0x0000000092b00000|100%| E|CS|TAMS 0x0000000092a00000| PB 0x0000000092a00000| Complete 
| 133|0x0000000092b00000, 0x0000000092c00000, 0x0000000092c00000|100%| E|CS|TAMS 0x0000000092b00000| PB 0x0000000092b00000| Complete 
| 134|0x0000000092c00000, 0x0000000092d00000, 0x0000000092d00000|100%| E|CS|TAMS 0x0000000092c00000| PB 0x0000000092c00000| Complete 

Card table byte_map: [0x00000265c6260000,0x00000265c6610000] _byte_map_base: 0x00000265c5e0d000

Marking Bits: (CMBitMap*) 0x00000265ae5540a0
 Bits: [0x00000265c6610000, 0x00000265c8378000)

Polling page: 0x00000265ac1e0000

Metaspace:

Usage:
  Non-class:     70.30 MB used.
      Class:     10.63 MB used.
       Both:     80.93 MB used.

Virtual space:
  Non-class space:      128.00 MB reserved,      71.06 MB ( 56%) committed,  2 nodes.
      Class space:        1.00 GB reserved,      11.12 MB (  1%) committed,  1 nodes.
             Both:        1.12 GB reserved,      82.19 MB (  7%) committed. 

Chunk freelists:
   Non-Class:  9.05 MB
       Class:  5.08 MB
        Both:  14.13 MB

MaxMetaspaceSize: unlimited
CompressedClassSpaceSize: 1.00 GB
Initial GC threshold: 21.00 MB
Current GC threshold: 137.00 MB
CDS: on
 - commit_granule_bytes: 65536.
 - commit_granule_words: 8192.
 - virtual_space_node_default_size: 8388608.
 - enlarge_chunks_in_place: 1.
 - use_allocation_guard: 0.


Internal statistics:

num_allocs_failed_limit: 9.
num_arena_births: 1420.
num_arena_deaths: 540.
num_vsnodes_births: 3.
num_vsnodes_deaths: 0.
num_space_committed: 1315.
num_space_uncommitted: 0.
num_chunks_returned_to_freelist: 627.
num_chunks_taken_from_freelist: 4518.
num_chunk_merges: 154.
num_chunk_splits: 3168.
num_chunks_enlarged: 2399.
num_inconsistent_stats: 0.

CodeHeap 'non-profiled nmethods': size=120000Kb used=7418Kb max_used=7418Kb free=112581Kb
 bounds [0x00000265be420000, 0x00000265beb60000, 0x00000265c5950000]
CodeHeap 'profiled nmethods': size=120000Kb used=15065Kb max_used=15365Kb free=104934Kb
 bounds [0x00000265b6950000, 0x00000265b7860000, 0x00000265bde80000]
CodeHeap 'non-nmethods': size=5760Kb used=2091Kb max_used=2144Kb free=3668Kb
 bounds [0x00000265bde80000, 0x00000265be0f0000, 0x00000265be420000]
 total_blobs=8627 nmethods=7800 adapters=731
 compilation: enabled
              stopped_count=0, restarted_count=0
 full_count=0

Compilation events (20 events):
Event: 30453.783 Thread 0x00000265cb028590 nmethod 9502 0x00000265beb44490 code [0x00000265beb44620, 0x00000265beb446e0]
Event: 30458.802 Thread 0x00000265cb028590 9503       4       java.text.DecimalFormatSymbols::initialize (330 bytes)
Event: 30459.013 Thread 0x00000265cb028590 nmethod 9503 0x00000265beb44790 code [0x00000265beb44f40, 0x00000265beb4a210]
Event: 30473.888 Thread 0x00000265cb028590 9504       4       com.mysql.cj.exceptions.ExceptionFactory::createCommunicationsException (27 bytes)
Event: 30473.898 Thread 0x00000265cb028590 nmethod 9504 0x00000265beb4d290 code [0x00000265beb4d440, 0x00000265beb4d6a0]
Event: 30473.898 Thread 0x00000265cb028590 9505       4       com.mysql.cj.exceptions.CJCommunicationsException::init (17 bytes)
Event: 30473.900 Thread 0x00000265cb028590 nmethod 9505 0x00000265beb4d890 code [0x00000265beb4da20, 0x00000265beb4dd20]
Event: 30971.344 Thread 0x00000265cb028590 9506       4       java.util.LinkedList$LLSpliterator::estimateSize (6 bytes)
Event: 30971.360 Thread 0x00000265cb028590 nmethod 9506 0x00000265beb4de10 code [0x00000265beb4dfa0, 0x00000265beb4e128]
Event: 31061.885 Thread 0x00000265cb028590 9507       4       java.lang.invoke.LambdaForm$MH/0x00000265cdb2c000::invoke (42 bytes)
Event: 31061.905 Thread 0x00000265cb028590 nmethod 9507 0x00000265beb4e210 code [0x00000265beb4e3a0, 0x00000265beb4e498]
Event: 31061.905 Thread 0x00000265cb028590 9508       4       java.lang.invoke.LambdaForm$DMH/0x00000265cdb2c400::newInvokeSpecial (27 bytes)
Event: 31061.914 Thread 0x00000265cb028590 nmethod 9508 0x00000265beb4e610 code [0x00000265beb4e7a0, 0x00000265beb4e898]
Event: 31066.907 Thread 0x00000265cb028590 9509   !   4       com.mysql.cj.jdbc.ConnectionImpl::<init> (1380 bytes)
Event: 31067.414 Thread 0x00000265cb028590 nmethod 9509 0x00000265beb4e990 code [0x00000265beb4f860, 0x00000265beb596d0]
Event: 31107.122 Thread 0x00000265cb028590 9510       4       java.text.NumberFormat::setMinimumIntegerDigits (29 bytes)
Event: 31107.124 Thread 0x00000265cb028590 nmethod 9510 0x00000265beb5e190 code [0x00000265beb5e320, 0x00000265beb5e3e0]
Event: 31112.137 Thread 0x00000265cb028590 9511       4       java.lang.invoke.LambdaForm$MH/0x00000265cdb2c800::invoke (42 bytes)
Event: 31112.141 Thread 0x00000265cb028590 nmethod 9511 0x00000265beb5e490 code [0x00000265beb5e640, 0x00000265beb5e790]
Event: 31117.153 Thread 0x00000265cb028590 9512   !   4       com.mysql.cj.exceptions.ExceptionFactory::createLinkFailureMessageBasedOnHeuristics (640 bytes)

GC Heap History (20 events):
Event: 10.517 GC heap before
{Heap before GC invocations=17 (full 0):
 garbage-first heap   total 95232K, used 82928K [0x000000008a600000, 0x0000000100000000)
  region size 1024K, 42 young (43008K), 5 survivors (5120K)
 Metaspace       used 74692K, committed 75456K, reserved 1114112K
  class space    used 9835K, committed 10176K, reserved 1048576K
}
Event: 10.522 GC heap after
{Heap after GC invocations=18 (full 0):
 garbage-first heap   total 114688K, used 46692K [0x000000008a600000, 0x0000000100000000)
  region size 1024K, 5 young (5120K), 5 survivors (5120K)
 Metaspace       used 74692K, committed 75456K, reserved 1114112K
  class space    used 9835K, committed 10176K, reserved 1048576K
}
Event: 10.919 GC heap before
{Heap before GC invocations=18 (full 0):
 garbage-first heap   total 114688K, used 100964K [0x000000008a600000, 0x0000000100000000)
  region size 1024K, 58 young (59392K), 5 survivors (5120K)
 Metaspace       used 75928K, committed 76736K, reserved 1179648K
  class space    used 10009K, committed 10368K, reserved 1048576K
}
Event: 10.924 GC heap after
{Heap after GC invocations=19 (full 0):
 garbage-first heap   total 114688K, used 49116K [0x000000008a600000, 0x0000000100000000)
  region size 1024K, 7 young (7168K), 7 survivors (7168K)
 Metaspace       used 75928K, committed 76736K, reserved 1179648K
  class space    used 10009K, committed 10368K, reserved 1048576K
}
Event: 11.341 GC heap before
{Heap before GC invocations=20 (full 0):
 garbage-first heap   total 114688K, used 99292K [0x000000008a600000, 0x0000000100000000)
  region size 1024K, 56 young (57344K), 7 survivors (7168K)
 Metaspace       used 76934K, committed 77760K, reserved 1179648K
  class space    used 10196K, committed 10560K, reserved 1048576K
}
Event: 11.347 GC heap after
{Heap after GC invocations=21 (full 0):
 garbage-first heap   total 114688K, used 51814K [0x000000008a600000, 0x0000000100000000)
  region size 1024K, 6 young (6144K), 6 survivors (6144K)
 Metaspace       used 76934K, committed 77760K, reserved 1179648K
  class space    used 10196K, committed 10560K, reserved 1048576K
}
Event: 11.732 GC heap before
{Heap before GC invocations=21 (full 0):
 garbage-first heap   total 114688K, used 99942K [0x000000008a600000, 0x0000000100000000)
  region size 1024K, 53 young (54272K), 6 survivors (6144K)
 Metaspace       used 78078K, committed 78912K, reserved 1179648K
  class space    used 10353K, committed 10752K, reserved 1048576K
}
Event: 11.738 GC heap after
{Heap after GC invocations=22 (full 0):
 garbage-first heap   total 114688K, used 52956K [0x000000008a600000, 0x0000000100000000)
  region size 1024K, 5 young (5120K), 5 survivors (5120K)
 Metaspace       used 78078K, committed 78912K, reserved 1179648K
  class space    used 10353K, committed 10752K, reserved 1048576K
}
Event: 12.340 GC heap before
{Heap before GC invocations=22 (full 0):
 garbage-first heap   total 114688K, used 102108K [0x000000008a600000, 0x0000000100000000)
  region size 1024K, 53 young (54272K), 5 survivors (5120K)
 Metaspace       used 78797K, committed 79680K, reserved 1179648K
  class space    used 10446K, committed 10816K, reserved 1048576K
}
Event: 12.346 GC heap after
{Heap after GC invocations=23 (full 0):
 garbage-first heap   total 114688K, used 54865K [0x000000008a600000, 0x0000000100000000)
  region size 1024K, 4 young (4096K), 4 survivors (4096K)
 Metaspace       used 78797K, committed 79680K, reserved 1179648K
  class space    used 10446K, committed 10816K, reserved 1048576K
}
Event: 12.764 GC heap before
{Heap before GC invocations=24 (full 0):
 garbage-first heap   total 114688K, used 102993K [0x000000008a600000, 0x0000000100000000)
  region size 1024K, 51 young (52224K), 4 survivors (4096K)
 Metaspace       used 79339K, committed 80192K, reserved 1179648K
  class space    used 10543K, committed 10944K, reserved 1048576K
}
Event: 12.770 GC heap after
{Heap after GC invocations=25 (full 0):
 garbage-first heap   total 114688K, used 56832K [0x000000008a600000, 0x0000000100000000)
  region size 1024K, 4 young (4096K), 4 survivors (4096K)
 Metaspace       used 79339K, committed 80192K, reserved 1179648K
  class space    used 10543K, committed 10944K, reserved 1048576K
}
Event: 13.201 GC heap before
{Heap before GC invocations=25 (full 0):
 garbage-first heap   total 114688K, used 102912K [0x000000008a600000, 0x0000000100000000)
  region size 1024K, 49 young (50176K), 4 survivors (4096K)
 Metaspace       used 80176K, committed 81088K, reserved 1179648K
  class space    used 10682K, committed 11136K, reserved 1048576K
}
Event: 13.207 GC heap after
{Heap after GC invocations=26 (full 0):
 garbage-first heap   total 138240K, used 58083K [0x000000008a600000, 0x0000000100000000)
  region size 1024K, 4 young (4096K), 4 survivors (4096K)
 Metaspace       used 80176K, committed 81088K, reserved 1179648K
  class space    used 10682K, committed 11136K, reserved 1048576K
}
Event: 5321.648 GC heap before
{Heap before GC invocations=26 (full 0):
 garbage-first heap   total 138240K, used 124643K [0x000000008a600000, 0x0000000100000000)
  region size 1024K, 69 young (70656K), 4 survivors (4096K)
 Metaspace       used 83271K, committed 84160K, reserved 1179648K
  class space    used 11013K, committed 11392K, reserved 1048576K
}
Event: 5321.802 GC heap after
{Heap after GC invocations=27 (full 0):
 garbage-first heap   total 138240K, used 58809K [0x000000008a600000, 0x0000000100000000)
  region size 1024K, 5 young (5120K), 5 survivors (5120K)
 Metaspace       used 83271K, committed 84160K, reserved 1179648K
  class space    used 11013K, committed 11392K, reserved 1048576K
}
Event: 13747.325 GC heap before
{Heap before GC invocations=28 (full 0):
 garbage-first heap   total 138240K, used 123321K [0x000000008a600000, 0x0000000100000000)
  region size 1024K, 68 young (69632K), 5 survivors (5120K)
 Metaspace       used 82854K, committed 84160K, reserved 1179648K
  class space    used 10881K, committed 11392K, reserved 1048576K
}
Event: 13747.386 GC heap after
{Heap after GC invocations=29 (full 0):
 garbage-first heap   total 138240K, used 57135K [0x000000008a600000, 0x0000000100000000)
  region size 1024K, 3 young (3072K), 3 survivors (3072K)
 Metaspace       used 82854K, committed 84160K, reserved 1179648K
  class space    used 10881K, committed 11392K, reserved 1048576K
}
Event: 22905.558 GC heap before
{Heap before GC invocations=29 (full 0):
 garbage-first heap   total 138240K, used 125743K [0x000000008a600000, 0x0000000100000000)
  region size 1024K, 70 young (71680K), 3 survivors (3072K)
 Metaspace       used 82869K, committed 84160K, reserved 1179648K
  class space    used 10882K, committed 11392K, reserved 1048576K
}
Event: 22905.665 GC heap after
{Heap after GC invocations=30 (full 0):
 garbage-first heap   total 138240K, used 47022K [0x000000008a600000, 0x0000000100000000)
  region size 1024K, 3 young (3072K), 3 survivors (3072K)
 Metaspace       used 82869K, committed 84160K, reserved 1179648K
  class space    used 10882K, committed 11392K, reserved 1048576K
}

Dll operation events (14 events):
Event: 0.012 Loaded shared library C:\Program Files\Java\jdk-21\bin\java.dll
Event: 0.041 Loaded shared library C:\Program Files\Java\jdk-21\bin\jsvml.dll
Event: 0.159 Loaded shared library C:\Program Files\Java\jdk-21\bin\zip.dll
Event: 0.165 Loaded shared library C:\Program Files\Java\jdk-21\bin\instrument.dll
Event: 0.171 Loaded shared library C:\Program Files\Java\jdk-21\bin\net.dll
Event: 0.173 Loaded shared library C:\Program Files\Java\jdk-21\bin\nio.dll
Event: 0.176 Loaded shared library C:\Program Files\Java\jdk-21\bin\zip.dll
Event: 0.306 Loaded shared library C:\Program Files\JetBrains\IntelliJ IDEA Community Edition 2023.1.3\bin\breakgen64.dll
Event: 0.315 Loaded shared library C:\Program Files\Java\jdk-21\bin\extnet.dll
Event: 0.348 Loaded shared library C:\Program Files\Java\jdk-21\bin\jimage.dll
Event: 2.660 Loaded shared library C:\Program Files\Java\jdk-21\bin\sunmscapi.dll
Event: 5.796 Loaded shared library C:\Program Files\Java\jdk-21\bin\management.dll
Event: 5.799 Loaded shared library C:\Program Files\Java\jdk-21\bin\management_ext.dll
Event: 8.376 Loaded shared library C:\Program Files\Java\jdk-21\bin\verify.dll

Deoptimization events (20 events):
Event: 5394.452 Thread 0x0000026613e8cd10 Uncommon trap: trap_request=0xffffffbe fr.pc=0x00000265be53db2c relative=0x000000000000036c
Event: 5394.452 Thread 0x0000026613e8cd10 Uncommon trap: reason=profile_predicate action=maybe_recompile pc=0x00000265be53db2c method=java.util.concurrent.ConcurrentHashMap$Traverser.advance()Ljava/util/concurrent/ConcurrentHashMap$Node; @ 15 c2
Event: 5394.452 Thread 0x0000026613e8cd10 DEOPT PACKING pc=0x00000265be53db2c sp=0x00000083f57ff320
Event: 5394.453 Thread 0x0000026613e8cd10 DEOPT UNPACKING pc=0x00000265bded46a2 sp=0x00000083f57ff078 mode 2
Event: 5395.462 Thread 0x0000026613e8cd10 Uncommon trap: trap_request=0xffffffbe fr.pc=0x00000265be6f001c relative=0x000000000000035c
Event: 5395.462 Thread 0x0000026613e8cd10 Uncommon trap: reason=profile_predicate action=maybe_recompile pc=0x00000265be6f001c method=java.util.concurrent.ConcurrentHashMap$Traverser.advance()Ljava/util/concurrent/ConcurrentHashMap$Node; @ 15 c2
Event: 5395.462 Thread 0x0000026613e8cd10 DEOPT PACKING pc=0x00000265be6f001c sp=0x00000083f57ff2b0
Event: 5395.462 Thread 0x0000026613e8cd10 DEOPT UNPACKING pc=0x00000265bded46a2 sp=0x00000083f57ff070 mode 2
Event: 29526.783 Thread 0x0000026613e8bff0 Uncommon trap: trap_request=0xffffff45 fr.pc=0x00000265bea6db38 relative=0x0000000000000098
Event: 29526.784 Thread 0x0000026613e8bff0 Uncommon trap: reason=unstable_if action=reinterpret pc=0x00000265bea6db38 method=java.util.concurrent.TimeUnit.convert(JLjava/util/concurrent/TimeUnit;)J @ 4 c2
Event: 29526.784 Thread 0x0000026613e8bff0 DEOPT PACKING pc=0x00000265bea6db38 sp=0x00000083f53ff260
Event: 29526.786 Thread 0x0000026613e8bff0 DEOPT UNPACKING pc=0x00000265bded46a2 sp=0x00000083f53ff210 mode 2
Event: 29526.793 Thread 0x0000026613e8bff0 Uncommon trap: trap_request=0xffffff45 fr.pc=0x00000265beb03200 relative=0x00000000000001c0
Event: 29526.794 Thread 0x0000026613e8bff0 Uncommon trap: reason=unstable_if action=reinterpret pc=0x00000265beb03200 method=ch.qos.logback.classic.Level.isGreaterOrEqual(Lch/qos/logback/classic/Level;)Z @ 8 c2
Event: 29526.794 Thread 0x0000026613e8bff0 DEOPT PACKING pc=0x00000265beb03200 sp=0x00000083f53ff1a0
Event: 29526.794 Thread 0x0000026613e8bff0 DEOPT UNPACKING pc=0x00000265bded46a2 sp=0x00000083f53feff0 mode 2
Event: 29526.848 Thread 0x0000026613e8bff0 Uncommon trap: trap_request=0xffffff45 fr.pc=0x00000265be4334cc relative=0x000000000000012c
Event: 29526.849 Thread 0x0000026613e8bff0 Uncommon trap: reason=unstable_if action=reinterpret pc=0x00000265be4334cc method=java.lang.StringCoding.countPositives([BII)I @ 17 c2
Event: 29526.849 Thread 0x0000026613e8bff0 DEOPT PACKING pc=0x00000265be4334cc sp=0x00000083f53fec40
Event: 29526.849 Thread 0x0000026613e8bff0 DEOPT UNPACKING pc=0x00000265bded46a2 sp=0x00000083f53febc8 mode 2

Classes loaded (20 events):
Event: 15.579 Loading class com/sun/jmx/interceptor/DefaultMBeanServerInterceptor$ListenerWrapper
Event: 15.579 Loading class com/sun/jmx/interceptor/DefaultMBeanServerInterceptor$ListenerWrapper done
Event: 15.579 Loading class javax/management/NotificationBroadcasterSupport$ListenerInfo
Event: 15.579 Loading class javax/management/NotificationBroadcasterSupport$ListenerInfo done
Event: 15.585 Loading class java/util/IdentityHashMap$KeySpliterator
Event: 15.585 Loading class java/util/IdentityHashMap$IdentityHashMapSpliterator
Event: 15.585 Loading class java/util/IdentityHashMap$IdentityHashMapSpliterator done
Event: 15.585 Loading class java/util/IdentityHashMap$KeySpliterator done
Event: 1765.031 Loading class java/net/ConnectException
Event: 1765.042 Loading class java/net/ConnectException done
Event: 1765.047 Loading class sun/net/util/SocketExceptions
Event: 1765.074 Loading class sun/net/util/SocketExceptions done
Event: 1765.186 Loading class java/net/BindException
Event: 1765.189 Loading class java/net/BindException done
Event: 1765.206 Loading class java/text/FieldPosition$Delegate
Event: 1765.209 Loading class java/text/FieldPosition$Delegate done
Event: 2816.063 Loading class sun/net/ConnectionResetException
Event: 2816.084 Loading class sun/net/ConnectionResetException done
Event: 27451.054 Loading class java/text/NumberFormat$Style
Event: 27451.080 Loading class java/text/NumberFormat$Style done

Classes unloaded (20 events):
Event: 5321.966 Thread 0x00000265cafcdbb0 Unloading class 0x00000265cd0dc000 'java/lang/invoke/LambdaForm$MH+0x00000265cd0dc000'
Event: 5321.967 Thread 0x00000265cafcdbb0 Unloading class 0x00000265cd034c00 'java/lang/invoke/LambdaForm$MH+0x00000265cd034c00'
Event: 5321.967 Thread 0x00000265cafcdbb0 Unloading class 0x00000265cd01b800 'java/lang/invoke/LambdaForm$MH+0x00000265cd01b800'
Event: 5321.968 Thread 0x00000265cafcdbb0 Unloading class 0x00000265cd01b000 'java/lang/invoke/LambdaForm$MH+0x00000265cd01b000'
Event: 5321.968 Thread 0x00000265cafcdbb0 Unloading class 0x00000265cd01a800 'java/lang/invoke/LambdaForm$MH+0x00000265cd01a800'
Event: 5321.968 Thread 0x00000265cafcdbb0 Unloading class 0x00000265cd01a400 'java/lang/invoke/LambdaForm$MH+0x00000265cd01a400'
Event: 5321.968 Thread 0x00000265cafcdbb0 Unloading class 0x00000265cd019400 'java/lang/invoke/LambdaForm$MH+0x00000265cd019400'
Event: 5321.968 Thread 0x00000265cafcdbb0 Unloading class 0x00000265cd018800 'java/lang/invoke/LambdaForm$MH+0x00000265cd018800'
Event: 5321.968 Thread 0x00000265cafcdbb0 Unloading class 0x00000265cd018400 'java/lang/invoke/LambdaForm$MH+0x00000265cd018400'
Event: 5321.968 Thread 0x00000265cafcdbb0 Unloading class 0x00000265cd017c00 'java/lang/invoke/LambdaForm$MH+0x00000265cd017c00'
Event: 5321.968 Thread 0x00000265cafcdbb0 Unloading class 0x00000265cd017800 'java/lang/invoke/LambdaForm$MH+0x00000265cd017800'
Event: 5321.968 Thread 0x00000265cafcdbb0 Unloading class 0x00000265cd017400 'java/lang/invoke/LambdaForm$MH+0x00000265cd017400'
Event: 5321.968 Thread 0x00000265cafcdbb0 Unloading class 0x00000265cd016800 'java/lang/invoke/LambdaForm$MH+0x00000265cd016800'
Event: 5321.968 Thread 0x00000265cafcdbb0 Unloading class 0x00000265cd015800 'java/lang/invoke/LambdaForm$MH+0x00000265cd015800'
Event: 5321.968 Thread 0x00000265cafcdbb0 Unloading class 0x00000265cd014c00 'java/lang/invoke/LambdaForm$MH+0x00000265cd014c00'
Event: 5321.968 Thread 0x00000265cafcdbb0 Unloading class 0x00000265cd014400 'java/lang/invoke/LambdaForm$MH+0x00000265cd014400'
Event: 5321.968 Thread 0x00000265cafcdbb0 Unloading class 0x00000265cd002400 'java/lang/invoke/LambdaForm$MH+0x00000265cd002400'
Event: 5321.968 Thread 0x00000265cafcdbb0 Unloading class 0x00000265cd002000 'java/lang/invoke/LambdaForm$MH+0x00000265cd002000'
Event: 5321.968 Thread 0x00000265cafcdbb0 Unloading class 0x00000265cd001c00 'java/lang/invoke/LambdaForm$MH+0x00000265cd001c00'
Event: 5321.969 Thread 0x00000265cafcdbb0 Unloading class 0x00000265cd001400 'java/lang/invoke/LambdaForm$MH+0x00000265cd001400'

Classes redefined (0 events):
No events

Internal exceptions (20 events):
Event: 31071.920 Thread 0x000002661386ce60 Exception <a 'java/net/ConnectException'{0x000000008fef5140}: Connection refused: getsockopt> (0x000000008fef5140) 
thrown [s\open\src\hotspot\share\prims\jni.cpp, line 539]
Event: 31071.921 Thread 0x000002661386ce60 Exception <a 'java/net/ConnectException'{0x000000008fef5960}: Connection refused: getsockopt> (0x000000008fef5960) 
thrown [s\open\src\hotspot\share\prims\jni.cpp, line 539]
Event: 31076.942 Thread 0x000002661386ce60 Exception <a 'java/net/ConnectException'{0x000000008fefdf38}: Connection refused: getsockopt> (0x000000008fefdf38) 
thrown [s\open\src\hotspot\share\prims\jni.cpp, line 539]
Event: 31076.957 Thread 0x000002661386ce60 Exception <a 'java/net/ConnectException'{0x000000008fefe758}: Connection refused: getsockopt> (0x000000008fefe758) 
thrown [s\open\src\hotspot\share\prims\jni.cpp, line 539]
Event: 31081.984 Thread 0x000002661386ce60 Exception <a 'java/net/ConnectException'{0x000000008fd07238}: Connection refused: getsockopt> (0x000000008fd07238) 
thrown [s\open\src\hotspot\share\prims\jni.cpp, line 539]
Event: 31081.999 Thread 0x000002661386ce60 Exception <a 'java/net/ConnectException'{0x000000008fd07a58}: Connection refused: getsockopt> (0x000000008fd07a58) 
thrown [s\open\src\hotspot\share\prims\jni.cpp, line 539]
Event: 31087.013 Thread 0x000002661386ce60 Exception <a 'java/net/ConnectException'{0x000000008fd10030}: Connection refused: getsockopt> (0x000000008fd10030) 
thrown [s\open\src\hotspot\share\prims\jni.cpp, line 539]
Event: 31087.014 Thread 0x000002661386ce60 Exception <a 'java/net/ConnectException'{0x000000008fd10850}: Connection refused: getsockopt> (0x000000008fd10850) 
thrown [s\open\src\hotspot\share\prims\jni.cpp, line 539]
Event: 31092.036 Thread 0x000002661386ce60 Exception <a 'java/net/ConnectException'{0x000000008fd19040}: Connection refused: getsockopt> (0x000000008fd19040) 
thrown [s\open\src\hotspot\share\prims\jni.cpp, line 539]
Event: 31092.036 Thread 0x000002661386ce60 Exception <a 'java/net/ConnectException'{0x000000008fd19860}: Connection refused: getsockopt> (0x000000008fd19860) 
thrown [s\open\src\hotspot\share\prims\jni.cpp, line 539]
Event: 31097.054 Thread 0x000002661386ce60 Exception <a 'java/net/ConnectException'{0x000000008fd21e38}: Connection refused: getsockopt> (0x000000008fd21e38) 
thrown [s\open\src\hotspot\share\prims\jni.cpp, line 539]
Event: 31097.068 Thread 0x000002661386ce60 Exception <a 'java/net/ConnectException'{0x000000008fd22658}: Connection refused: getsockopt> (0x000000008fd22658) 
thrown [s\open\src\hotspot\share\prims\jni.cpp, line 539]
Event: 31102.079 Thread 0x000002661386ce60 Exception <a 'java/net/ConnectException'{0x000000008fd2ac30}: Connection refused: getsockopt> (0x000000008fd2ac30) 
thrown [s\open\src\hotspot\share\prims\jni.cpp, line 539]
Event: 31102.093 Thread 0x000002661386ce60 Exception <a 'java/net/ConnectException'{0x000000008fd2b450}: Connection refused: getsockopt> (0x000000008fd2b450) 
thrown [s\open\src\hotspot\share\prims\jni.cpp, line 539]
Event: 31107.121 Thread 0x000002661386ce60 Exception <a 'java/net/ConnectException'{0x000000008fd33a28}: Connection refused: getsockopt> (0x000000008fd33a28) 
thrown [s\open\src\hotspot\share\prims\jni.cpp, line 539]
Event: 31107.121 Thread 0x000002661386ce60 Exception <a 'java/net/ConnectException'{0x000000008fd34248}: Connection refused: getsockopt> (0x000000008fd34248) 
thrown [s\open\src\hotspot\share\prims\jni.cpp, line 539]
Event: 31112.131 Thread 0x000002661386ce60 Exception <a 'java/net/ConnectException'{0x000000008fd3c820}: Connection refused: getsockopt> (0x000000008fd3c820) 
thrown [s\open\src\hotspot\share\prims\jni.cpp, line 539]
Event: 31112.131 Thread 0x000002661386ce60 Exception <a 'java/net/ConnectException'{0x000000008fd3d040}: Connection refused: getsockopt> (0x000000008fd3d040) 
thrown [s\open\src\hotspot\share\prims\jni.cpp, line 539]
Event: 31117.152 Thread 0x000002661386ce60 Exception <a 'java/net/ConnectException'{0x000000008fd45618}: Connection refused: getsockopt> (0x000000008fd45618) 
thrown [s\open\src\hotspot\share\prims\jni.cpp, line 539]
Event: 31117.152 Thread 0x000002661386ce60 Exception <a 'java/net/ConnectException'{0x000000008fd45e38}: Connection refused: getsockopt> (0x000000008fd45e38) 
thrown [s\open\src\hotspot\share\prims\jni.cpp, line 539]

ZGC Phase Switch (0 events):
No events

VM Operations (20 events):
Event: 19882.963 Executing VM operation: Cleanup
Event: 19882.963 Executing VM operation: Cleanup done
Event: 22905.554 Executing VM operation: G1CollectForAllocation (G1 Evacuation Pause)
Event: 22905.665 Executing VM operation: G1CollectForAllocation (G1 Evacuation Pause) done
Event: 22906.672 Executing VM operation: Cleanup
Event: 22906.673 Executing VM operation: Cleanup done
Event: 24834.712 Executing VM operation: Cleanup
Event: 24834.712 Executing VM operation: Cleanup done
Event: 26693.294 Executing VM operation: Cleanup
Event: 26693.302 Executing VM operation: Cleanup done
Event: 27250.327 Executing VM operation: Cleanup
Event: 27250.331 Executing VM operation: Cleanup done
Event: 27406.481 Executing VM operation: Cleanup
Event: 27406.481 Executing VM operation: Cleanup done
Event: 27702.510 Executing VM operation: Cleanup
Event: 27702.510 Executing VM operation: Cleanup done
Event: 29835.848 Executing VM operation: Cleanup
Event: 29835.850 Executing VM operation: Cleanup done
Event: 30137.659 Executing VM operation: Cleanup
Event: 30137.660 Executing VM operation: Cleanup done

Events (20 events):
Event: 5322.383 Thread 0x00000265cafcdbb0 flushing nmethod 0x00000265b6978890
Event: 5322.383 Thread 0x00000265cafcdbb0 flushing nmethod 0x00000265be9d7290
Event: 5322.384 Thread 0x00000265cafcdbb0 flushing nmethod 0x00000265be905a90
Event: 5322.384 Thread 0x00000265cafcdbb0 flushing nmethod 0x00000265be79c410
Event: 5322.384 Thread 0x00000265cafcdbb0 flushing nmethod 0x00000265be92f810
Event: 5322.385 Thread 0x00000265cafcdbb0 flushing nmethod 0x00000265be72ef90
Event: 5322.385 Thread 0x00000265cafcdbb0 flushing nmethod 0x00000265be7d1c90
Event: 5322.385 Thread 0x00000265cafcdbb0 flushing nmethod 0x00000265be7c0690
Event: 5322.385 Thread 0x00000265cafcdbb0 flushing nmethod 0x00000265be67fb10
Event: 5322.385 Thread 0x00000265cafcdbb0 flushing nmethod 0x00000265be6ee890
Event: 5322.386 Thread 0x00000265cafcdbb0 flushing nmethod 0x00000265be60da90
Event: 5322.386 Thread 0x00000265cafcdbb0 flushing nmethod 0x00000265be53d010
Event: 5322.386 Thread 0x00000265cafcdbb0 flushing nmethod 0x00000265be64d210
Event: 5322.386 Thread 0x00000265cafcdbb0 flushing nmethod 0x00000265be648c90
Event: 5322.386 Thread 0x00000265cafcdbb0 flushing nmethod 0x00000265be4cc610
Event: 5322.386 Thread 0x00000265cafcdbb0 flushing nmethod 0x00000265be5fb310
Event: 5322.386 Thread 0x00000265cafcdbb0 flushing nmethod 0x00000265be5f7d10
Event: 5322.387 Thread 0x00000265cafcdbb0 flushing nmethod 0x00000265be61d590
Event: 5322.387 Thread 0x00000265cafcdbb0 flushing nmethod 0x00000265be635110
Event: 5322.388 Thread 0x00000265cafcdbb0 flushing nmethod 0x00000265be596010


Dynamic libraries:
0x00007ff70db00000 - 0x00007ff70db10000 	C:\Program Files\Java\jdk-21\bin\java.exe
0x00007ffee68a0000 - 0x00007ffee6b03000 	C:\WINDOWS\SYSTEM32\ntdll.dll
0x00007ffee56c0000 - 0x00007ffee5787000 	C:\WINDOWS\System32\KERNEL32.DLL
0x00007ffee3d60000 - 0x00007ffee4129000 	C:\WINDOWS\System32\KERNELBASE.dll
0x00007ffee3aa0000 - 0x00007ffee3bec000 	C:\WINDOWS\System32\ucrtbase.dll
0x00007ffebe4a0000 - 0x00007ffebe4bb000 	C:\Program Files\Java\jdk-21\bin\VCRUNTIME140.dll
0x00007ffebe4c0000 - 0x00007ffebe4d9000 	C:\Program Files\Java\jdk-21\bin\jli.dll
0x00007ffee5ca0000 - 0x00007ffee5d52000 	C:\WINDOWS\System32\ADVAPI32.dll
0x00007ffee53b0000 - 0x00007ffee5459000 	C:\WINDOWS\System32\msvcrt.dll
0x00007ffee61b0000 - 0x00007ffee6256000 	C:\WINDOWS\System32\sechost.dll
0x00007ffee6660000 - 0x00007ffee6776000 	C:\WINDOWS\System32\RPCRT4.dll
0x00007ffee54b0000 - 0x00007ffee567a000 	C:\WINDOWS\System32\USER32.dll
0x00007ffee3bf0000 - 0x00007ffee3c17000 	C:\WINDOWS\System32\win32u.dll
0x00007ffec90d0000 - 0x00007ffec9360000 	C:\WINDOWS\WinSxS\amd64_microsoft.windows.common-controls_6595b64144ccf1df_6.0.26100.3323_none_3e088096e3344490\COMCTL32.dll
0x00007ffee6780000 - 0x00007ffee67aa000 	C:\WINDOWS\System32\GDI32.dll
0x00007ffee3c20000 - 0x00007ffee3d51000 	C:\WINDOWS\System32\gdi32full.dll
0x00007ffee4340000 - 0x00007ffee43e3000 	C:\WINDOWS\System32\msvcp_win.dll
0x00007ffedbfe0000 - 0x00007ffedbfeb000 	C:\WINDOWS\SYSTEM32\VERSION.dll
0x00007ffee5680000 - 0x00007ffee56af000 	C:\WINDOWS\System32\IMM32.DLL
0x00007ffebe490000 - 0x00007ffebe49c000 	C:\Program Files\Java\jdk-21\bin\vcruntime140_1.dll
0x00007ffebe240000 - 0x00007ffebe2ce000 	C:\Program Files\Java\jdk-21\bin\msvcp140.dll
0x00007ffebb830000 - 0x00007ffebc547000 	C:\Program Files\Java\jdk-21\bin\server\jvm.dll
0x00007ffee49c0000 - 0x00007ffee4a34000 	C:\WINDOWS\System32\WS2_32.dll
0x00007ffee3950000 - 0x00007ffee399e000 	C:\WINDOWS\SYSTEM32\POWRPROF.dll
0x00007ffeda5b0000 - 0x00007ffeda5e6000 	C:\WINDOWS\SYSTEM32\WINMM.dll
0x00007ffee3910000 - 0x00007ffee3924000 	C:\WINDOWS\SYSTEM32\UMPDC.dll
0x00007ffee27f0000 - 0x00007ffee280a000 	C:\WINDOWS\SYSTEM32\kernel.appcore.dll
0x00007ffebe790000 - 0x00007ffebe79a000 	C:\Program Files\Java\jdk-21\bin\jimage.dll
0x00007ffed7400000 - 0x00007ffed7641000 	C:\WINDOWS\SYSTEM32\DBGHELP.DLL
0x00007ffee5df0000 - 0x00007ffee6172000 	C:\WINDOWS\System32\combase.dll
0x00007ffee6520000 - 0x00007ffee65f6000 	C:\WINDOWS\System32\OLEAUT32.dll
0x00007ffec50f0000 - 0x00007ffec5129000 	C:\WINDOWS\SYSTEM32\dbgcore.DLL
0x00007ffee42a0000 - 0x00007ffee4339000 	C:\WINDOWS\System32\bcryptPrimitives.dll
0x00007ffedbb90000 - 0x00007ffedbb9f000 	C:\Program Files\Java\jdk-21\bin\instrument.dll
0x00007ffebab90000 - 0x00007ffebabaf000 	C:\Program Files\Java\jdk-21\bin\java.dll
0x00007ffee4c80000 - 0x00007ffee5395000 	C:\WINDOWS\System32\SHELL32.dll
0x00007ffee4130000 - 0x00007ffee4298000 	C:\WINDOWS\System32\wintypes.dll
0x00007ffee1760000 - 0x00007ffee1fa5000 	C:\WINDOWS\SYSTEM32\windows.storage.dll
0x00007ffee48d0000 - 0x00007ffee49bb000 	C:\WINDOWS\System32\SHCORE.dll
0x00007ffee64c0000 - 0x00007ffee651d000 	C:\WINDOWS\System32\shlwapi.dll
0x00007ffee39b0000 - 0x00007ffee39df000 	C:\WINDOWS\SYSTEM32\profapi.dll
0x00007ffebaa30000 - 0x00007ffebab07000 	C:\Program Files\Java\jdk-21\bin\jsvml.dll
0x00007ffebaed0000 - 0x00007ffebaee8000 	C:\Program Files\Java\jdk-21\bin\zip.dll
0x00007ffebe1c0000 - 0x00007ffebe1d0000 	C:\Program Files\Java\jdk-21\bin\net.dll
0x00007ffedb860000 - 0x00007ffedb97e000 	C:\WINDOWS\SYSTEM32\WINHTTP.dll
0x00007ffee2dc0000 - 0x00007ffee2e2a000 	C:\WINDOWS\system32\mswsock.dll
0x00007ffebaef0000 - 0x00007ffebaf06000 	C:\Program Files\Java\jdk-21\bin\nio.dll
0x00007ffec3b00000 - 0x00007ffec3b1a000 	C:\Program Files\JetBrains\IntelliJ IDEA Community Edition 2023.1.3\bin\breakgen64.dll
0x00007ffeb86e0000 - 0x00007ffeb86e9000 	C:\Program Files\Java\jdk-21\bin\extnet.dll
0x00007ffee22a0000 - 0x00007ffee22d3000 	C:\WINDOWS\SYSTEM32\IPHLPAPI.DLL
0x00007ffee53a0000 - 0x00007ffee53aa000 	C:\WINDOWS\System32\NSI.dll
0x00007ffee22e0000 - 0x00007ffee2405000 	C:\WINDOWS\SYSTEM32\DNSAPI.dll
0x00007ffeb3b40000 - 0x00007ffeb3b4e000 	C:\Program Files\Java\jdk-21\bin\sunmscapi.dll
0x00007ffee44b0000 - 0x00007ffee4627000 	C:\WINDOWS\System32\CRYPT32.dll
0x00007ffee3280000 - 0x00007ffee32b0000 	C:\WINDOWS\SYSTEM32\ncrypt.dll
0x00007ffee3230000 - 0x00007ffee326f000 	C:\WINDOWS\SYSTEM32\NTASN1.dll
0x00007ffee3080000 - 0x00007ffee309c000 	C:\WINDOWS\SYSTEM32\CRYPTSP.dll
0x00007ffee2810000 - 0x00007ffee284a000 	C:\WINDOWS\system32\rsaenh.dll
0x00007ffee2e80000 - 0x00007ffee2eab000 	C:\WINDOWS\SYSTEM32\USERENV.dll
0x00007ffee32c0000 - 0x00007ffee32e6000 	C:\WINDOWS\SYSTEM32\bcrypt.dll
0x00007ffee30a0000 - 0x00007ffee30ac000 	C:\WINDOWS\SYSTEM32\CRYPTBASE.dll
0x00007ffeb2020000 - 0x00007ffeb202a000 	C:\Program Files\Java\jdk-21\bin\management.dll
0x00007ffeaf930000 - 0x00007ffeaf93b000 	C:\Program Files\Java\jdk-21\bin\management_ext.dll
0x00007ffee48c0000 - 0x00007ffee48c8000 	C:\WINDOWS\System32\PSAPI.DLL
0x00007ffedc790000 - 0x00007ffedc79b000 	C:\Windows\System32\rasadhlp.dll
0x00007ffeda500000 - 0x00007ffeda585000 	C:\WINDOWS\System32\fwpuclnt.dll
0x00007ffec8cf0000 - 0x00007ffec8d00000 	C:\Program Files\Java\jdk-21\bin\verify.dll
0x00007ffeb45e0000 - 0x00007ffeb45e8000 	C:\WINDOWS\system32\wshunix.dll

dbghelp: loaded successfully - version: 4.0.5 - missing functions: none
symbol engine: initialized successfully - sym options: 0x614 - pdb path: .;C:\Program Files\Java\jdk-21\bin;C:\WINDOWS\SYSTEM32;C:\WINDOWS\WinSxS\amd64_microsoft.windows.common-controls_6595b64144ccf1df_6.0.26100.3323_none_3e088096e3344490;C:\Program Files\Java\jdk-21\bin\server;C:\Program Files\JetBrains\IntelliJ IDEA Community Edition 2023.1.3\bin

VM Arguments:
jvm_args: -javaagent:C:\Program Files\JetBrains\IntelliJ IDEA Community Edition 2023.1.3\lib\idea_rt.jar=52279:C:\Program Files\JetBrains\IntelliJ IDEA Community Edition 2023.1.3\bin -Dfile.encoding=UTF-8 -Dsun.stdout.encoding=UTF-8 -Dsun.stderr.encoding=UTF-8 
java_command: com.shopee.microservices.order.OrderServiceApplication
java_class_path (initial): C:\Users\Hritika\IdeaProjects\Shopee\order-service\target\classes;C:\Users\Hritika\.m2\repository\org\springframework\boot\spring-boot-starter-data-jpa\3.4.3\spring-boot-starter-data-jpa-3.4.3.jar;C:\Users\Hritika\.m2\repository\org\springframework\boot\spring-boot-starter\3.4.3\spring-boot-starter-3.4.3.jar;C:\Users\Hritika\.m2\repository\org\springframework\boot\spring-boot\3.4.3\spring-boot-3.4.3.jar;C:\Users\Hritika\.m2\repository\org\springframework\boot\spring-boot-starter-logging\3.4.3\spring-boot-starter-logging-3.4.3.jar;C:\Users\Hritika\.m2\repository\org\apache\logging\log4j\log4j-to-slf4j\2.24.3\log4j-to-slf4j-2.24.3.jar;C:\Users\Hritika\.m2\repository\org\apache\logging\log4j\log4j-api\2.24.3\log4j-api-2.24.3.jar;C:\Users\Hritika\.m2\repository\org\slf4j\jul-to-slf4j\2.0.16\jul-to-slf4j-2.0.16.jar;C:\Users\Hritika\.m2\repository\jakarta\annotation\jakarta.annotation-api\2.1.1\jakarta.annotation-api-2.1.1.jar;C:\Users\Hritika\.m2\repository\org\yaml\snakeyaml\2.3\snakeyaml-2.3.jar;C:\Users\Hritika\.m2\repository\org\springframework\boot\spring-boot-starter-jdbc\3.4.3\spring-boot-starter-jdbc-3.4.3.jar;C:\Users\Hritika\.m2\repository\com\zaxxer\HikariCP\5.1.0\HikariCP-5.1.0.jar;C:\Users\Hritika\.m2\repository\org\springframework\spring-jdbc\6.2.3\spring-jdbc-6.2.3.jar;C:\Users\Hritika\.m2\repository\org\hibernate\orm\hibernate-core\6.6.8.Final\hibernate-core-6.6.8.Final.jar;C:\Users\Hritika\.m2\repository\jakarta\persistence\jakarta.persistence-api\3.1.0\jakarta.persistence-api-3.1.0.jar;C:\Users\Hritika\.m2\repository\jakarta\transaction\jakarta.transaction-api\2.0.1\jakarta.transaction-api-2.0.1.jar;C:\Users\Hritika\.m2\repository\org\jboss\logging\jboss-logging\3.6.1.Final\jboss-logging-3.6.1.Final.jar;C:\Users\Hritika\.m2\repository\org\hibernate\common\hibernate-commons-annotations\7.0.3.Final\hibernate-commons-annotations-7.0.3.Final.jar;C:\Users\Hritika\.m2\repository\io\smallrye\jandex\3.2.0\jandex-3.2.0.jar;C:\Users\Hritika\.m2\repository\com\fasterxml\classmate\1.7.0\classmate-1.7.0.jar;C:\Users\Hritika\.m2\repository\net\bytebuddy\byte-buddy\1.15.11\byte-buddy-1.15.11.jar;C:\Users\Hritika\.m2\repository\org\glassfish\jaxb\jaxb-runtime\4.0.5\jaxb-runtime-4.0.5.jar;C:\Users\Hritika\.m2\repository\org\glassfish\jaxb\jaxb-core\4.0.5\jaxb-core-4.0.5.jar;C:\Users\Hritika\.m2\repository\org\eclipse\angus\angus-activation\2.0.2\angus-activation-2.0.2.jar;C:\Users\Hritika\.m2\repository\org\glassfish\jaxb\txw2\4.0.5\txw2-4.0.5.jar;C:\Users\Hritika\.m2\repository\com\sun\istack\istack-commons-runtime\4.1.2\istack-commons-runtime-4.1.2.jar;C:\Users\Hritika\.m2\repository\jakarta\inject\jakarta.inject-api\2.0.1\jakarta.inject-api-2.0.1.jar;C:\Users\Hritika\.m2\repository\org\antlr\antlr4-runtime\4.13.0\antlr4-runtime-4.13.0.jar;C:\Users\Hritika\.m2\repository\org\springframework\data\spring-data-jpa\3.4.3\spring-data-jpa-3.4.3.jar;C:\Users\Hritika\.m2\repository\org\springframework\data\spring-data-commons\3.4.3\spring-data-commons-3.4.3.jar;C:\Users\Hritika\.m2\repository\org\springframework\spring-orm\6.2.3\spring-orm-6.2.3.jar;C:\Users\Hritika\.m2\repository\org\springframework\spring-aop\6.2.3\spring-aop-6.2.3.jar;C:\Users\Hritika\.m2\repository\org\springframework\spring-beans\6.2.3\spring-beans-6.2.3.jar;C:\Users\Hritika\.m2\repository\org\slf4j\slf4j-api\2.0.16\slf4j-api-2.0.16.jar;C:\Users\Hritika\.m2\repository\org\springframework\spring-aspects\6.2.3\spring-aspects-6.2.3.jar;C:\Users\Hritika\.m2\repository\org\aspectj\aspectjweaver\1.9.22.1\aspectjweaver-1.9.22.1.jar;C:\Users\Hritika\.m2\repository\org\springframework\boot\spring-boot-starter-web\3.4.3\spring-boot-starter-web-3.4.3.jar;C:\Users\Hritika\.m2\repository\org\springframework\boot\spring-boot-starter-json\3.4.3\spring-boot-starter-json-3.4.3.jar;C:\Users\Hritika\.m2\repository\com\fasterxml\jackson\core\jackson-databind\2.18.2\jackson-databind-2.18.2.jar;C:\Users\Hritika\.m2\repository\com\fasterxml\jackson\datatype\jackson-datatype-jdk8\2.18.2\jackson-datatype-jdk8-2.18.2.jar;C:\Users\Hritika\.m2\repository\com\fasterxml\jackson\module\jackson-module-parameter-names\2.18.2\jackson-module-parameter-names-2.18.2.jar;C:\Users\Hritika\.m2\repository\org\springframework\boot\spring-boot-starter-tomcat\3.4.3\spring-boot-starter-tomcat-3.4.3.jar;C:\Users\Hritika\.m2\repository\org\apache\tomcat\embed\tomcat-embed-core\10.1.36\tomcat-embed-core-10.1.36.jar;C:\Users\Hritika\.m2\repository\org\apache\tomcat\embed\tomcat-embed-el\10.1.36\tomcat-embed-el-10.1.36.jar;C:\Users\Hritika\.m2\repository\org\apache\tomcat\embed\tomcat-embed-websocket\10.1.36\tomcat-embed-websocket-10.1.36.jar;C:\Users\Hritika\.m2\repository\org\springframework\spring-web\6.2.3\spring-web-6.2.3.jar;C:\Users\Hritika\.m2\repository\org\springframework\spring-webmvc\6.2.3\spring-webmvc-6.2.3.jar;C:\Users\Hritika\.m2\repository\org\springframework\spring-expression\6.2.3\spring-expression-6.2.3.jar;C:\Users\Hritika\.m2\repository\org\flywaydb\flyway-core\10.20.1\flyway-core-10.20.1.jar;C:\Users\Hritika\.m2\repository\com\fasterxml\jackson\dataformat\jackson-dataformat-toml\2.18.2\jackson-dataformat-toml-2.18.2.jar;C:\Users\Hritika\.m2\repository\com\fasterxml\jackson\core\jackson-core\2.18.2\jackson-core-2.18.2.jar;C:\Users\Hritika\.m2\repository\com\fasterxml\jackson\datatype\jackson-datatype-jsr310\2.18.2\jackson-datatype-jsr310-2.18.2.jar;C:\Users\Hritika\.m2\repository\com\fasterxml\jackson\core\jackson-annotations\2.18.2\jackson-annotations-2.18.2.jar;C:\Users\Hritika\.m2\repository\org\flywaydb\flyway-mysql\10.20.1\flyway-mysql-10.20.1.jar;C:\Users\Hritika\.m2\repository\org\springframework\kafka\spring-kafka\3.3.3\spring-kafka-3.3.3.jar;C:\Users\Hritika\.m2\repository\org\springframework\spring-context\6.2.3\spring-context-6.2.3.jar;C:\Users\Hritika\.m2\repository\org\springframework\spring-messaging\6.2.3\spring-messaging-6.2.3.jar;C:\Users\Hritika\.m2\repository\org\springframework\spring-tx\6.2.3\spring-tx-6.2.3.jar;C:\Users\Hritika\.m2\repository\org\springframework\retry\spring-retry\2.0.11\spring-retry-2.0.11.jar;C:\Users\Hritika\.m2\repository\org\apache\kafka\kafka-clients\3.8.1\kafka-clients-3.8.1.jar;C:\Users\Hritika\.m2\repository\com\github\luben\zstd-jni\1.5.6-4\zstd-jni-1.5.6-4.jar;C:\Users\Hritika\.m2\repository\org\lz4\lz4-java\1.8.0\lz4-java-1.8.0.jar;C:\Users\Hritika\.m2\repository\org\xerial\snappy\snappy-java\1.1.10.5\snappy-java-1.1.10.5.jar;C:\Users\Hritika\.m2\repository\io\micrometer\micrometer-observation\1.14.4\micrometer-observation-1.14.4.jar;C:\Users\Hritika\.m2\repository\io\micrometer\micrometer-commons\1.14.4\micrometer-commons-1.14.4.jar;C:\Users\Hritika\.m2\repository\com\mysql\mysql-connector-j\9.1.0\mysql-connector-j-9.1.0.jar;C:\Users\Hritika\.m2\repository\org\springframework\cloud\spring-cloud-starter-circuitbreaker-resilience4j\3.2.0\spring-cloud-starter-circuitbreaker-resilience4j-3.2.0.jar;C:\Users\Hritika\.m2\repository\org\springframework\cloud\spring-cloud-starter\4.2.0\spring-cloud-starter-4.2.0.jar;C:\Users\Hritika\.m2\repository\org\springframework\cloud\spring-cloud-context\4.2.0\spring-cloud-context-4.2.0.jar;C:\Users\Hritika\.m2\repository\org\springframework\security\spring-security-crypto\6.4.3\spring-security-crypto-6.4.3.jar;C:\Users\Hritika\.m2\repository\org\springframework\cloud\spring-cloud-commons\4.2.0\spring-cloud-commons-4.2.0.jar;C:\Users\Hritika\.m2\repository\org\bouncycastle\bcprov-jdk18on\1.78.1\bcprov-jdk18on-1.78.1.jar;C:\Users\Hritika\.m2\repository\org\springframework\cloud\spring-cloud-circuitbreaker-resilience4j\3.2.0\spring-cloud-circuitbreaker-resilience4j-3.2.0.jar;C:\Users\Hritika\.m2\repository\io\github\resilience4j\resilience4j-spring-boot3\2.2.0\resilience4j-spring-boot3-2.2.0.jar;C:\Users\Hritika\.m2\repository\io\github\resilience4j\resilience4j-spring6\2.2.0\resilience4j-spring6-2.2.0.jar;C:\Users\Hritika\.m2\repository\io\github\resilience4j\resilience4j-annotations\2.2.0\resilience4j-annotations-2.2.0.jar;C:\Users\Hritika\.m2\repository\io\github\resilience4j\resilience4j-consumer\2.2.0\resilience4j-consumer-2.2.0.jar;C:\Users\Hritika\.m2\repository\io\github\resilience4j\resilience4j-circularbuffer\2.2.0\resilience4j-circularbuffer-2.2.0.jar;C:\Users\Hritika\.m2\repository\io\github\resilience4j\resilience4j-framework-common\2.2.0\resilience4j-framework-common-2.2.0.jar;C:\Users\Hritika\.m2\repository\io\github\resilience4j\resilience4j-micrometer\2.2.0\resilience4j-micrometer-2.2.0.jar;C:\Users\Hritika\.m2\repository\io\github\resilience4j\resilience4j-retry\2.2.0\resilience4j-retry-2.2.0.jar;C:\Users\Hritika\.m2\repository\io\github\resilience4j\resilience4j-ratelimiter\2.2.0\resilience4j-ratelimiter-2.2.0.jar;C:\Users\Hritika\.m2\repository\org\springframework\boot\spring-boot-configuration-processor\3.4.3\spring-boot-configuration-processor-3.4.3.jar;C:\Users\Hritika\.m2\repository\io\github\resilience4j\resilience4j-circuitbreaker\2.2.0\resilience4j-circuitbreaker-2.2.0.jar;C:\Users\Hritika\.m2\repository\io\github\resilience4j\resilience4j-core\2.2.0\resilience4j-core-2.2.0.jar;C:\Users\Hritika\.m2\repository\io\github\resilience4j\resilience4j-timelimiter\2.2.0\resilience4j-timelimiter-2.2.0.jar;C:\Users\Hritika\.m2\repository\org\springframework\boot\spring-boot-starter-actuator\3.4.3\spring-boot-starter-actuator-3.4.3.jar;C:\Users\Hritika\.m2\repository\org\springframework\boot\spring-boot-actuator-autoconfigure\3.4.3\spring-boot-actuator-autoconfigure-3.4.3.jar;C:\Users\Hritika\.m2\repository\org\springframework\boot\spring-boot-actuator\3.4.3\spring-boot-actuator-3.4.3.jar;C:\Users\Hritika\.m2\repository\io\micrometer\micrometer-jakarta9\1.14.4\micrometer-jakarta9-1.14.4.jar;C:\Users\Hritika\.m2\repository\io\micrometer\micrometer-core\1.14.4\micrometer-core-1.14.4.jar;C:\Users\Hritika\.m2\repository\org\hdrhistogram\HdrHistogram\2.2.2\HdrHistogram-2.2.2.jar;C:\Users\Hritika\.m2\repository\org\latencyutils\LatencyUtils\2.0.3\LatencyUtils-2.0.3.jar;C:\Users\Hritika\.m2\repository\jakarta\xml\bind\jakarta.xml.bind-api\4.0.2\jakarta.xml.bind-api-4.0.2.jar;C:\Users\Hritika\.m2\repository\jakarta\activation\jakarta.activation-api\2.1.3\jakarta.activation-api-2.1.3.jar;C:\Users\Hritika\.m2\repository\org\hamcrest\hamcrest\2.2\hamcrest-2.2.jar;C:\Users\Hritika\.m2\repository\org\springframework\spring-core\6.2.3\spring-core-6.2.3.jar;C:\Users\Hritika\.m2\repository\org\springframework\spring-jcl\6.2.3\spring-jcl-6.2.3.jar;C:\Users\Hritika\.m2\repository\ch\qos\logback\logback-core\1.5.16\logback-core-1.5.16.jar;C:\Users\Hritika\.m2\repository\ch\qos\logback\logback-classic\1.5.16\logback-classic-1.5.16.jar;C:\Users\Hritika\.m2\repository\org\springframework\boot\spring-boot-autoconfigure\3.4.3\spring-boot-autoconfigure-3.4.3.jar;C:\Users\Hritika\.m2\repository\io\rest-assured\rest-assured\5.3.2\rest-assured-5.3.2.jar;C:\Users\Hritika\.m2\repository\org\apache\groovy\groovy\4.0.25\groovy-4.0.25.jar;C:\Users\Hritika\.m2\repository\org\apache\groovy\groovy-xml\4.0.25\groovy-xml-4.0.25.jar;C:\Users\Hritika\.m2\repository\org\apache\httpcomponents\httpclient\4.5.13\httpclient-4.5.13.jar;C:\Users\Hritika\.m2\repository\org\apache\httpcomponents\httpcore\4.4.16\httpcore-4.4.16.jar;C:\Users\Hritika\.m2\repository\commons-logging\commons-logging\1.2\commons-logging-1.2.jar;C:\Users\Hritika\.m2\repository\commons-codec\commons-codec\1.17.2\commons-codec-1.17.2.jar;C:\Users\Hritika\.m2\repository\org\apache\httpcomponents\httpmime\4.5.13\httpmime-4.5.13.jar;C:\Users\Hritika\.m2\repository\org\ccil\cowan\tagsoup\tagsoup\1.2.1\tagsoup-1.2.1.jar;C:\Users\Hritika\.m2\repository\io\rest-assured\json-path\5.5.1\json-path-5.5.1.jar;C:\Users\Hritika\.m2\repository\org\apache\groovy\groovy-json\4.0.25\groovy-json-4.0.25.jar;C:\Users\Hritika\.m2\repository\io\rest-assured\rest-assured-common\5.5.1\rest-assured-common-5.5.1.jar;C:\Users\Hritika\.m2\repository\io\rest-assured\xml-path\5.5.1\xml-path-5.5.1.jar;C:\Users\Hritika\.m2\repository\org\apache\commons\commons-lang3\3.17.0\commons-lang3-3.17.0.jar;C:\Users\Hritika\.m2\repository\org\springdoc\springdoc-openapi-starter-webmvc-ui\2.8.5\springdoc-openapi-starter-webmvc-ui-2.8.5.jar;C:\Users\Hritika\.m2\repository\org\webjars\swagger-ui\5.18.3\swagger-ui-5.18.3.jar;C:\Users\Hritika\.m2\repository\org\webjars\webjars-locator-lite\1.0.1\webjars-locator-lite-1.0.1.jar;C:\Users\Hritika\.m2\repository\org\jspecify\jspecify\1.0.0\jspecify-1.0.0.jar;C:\Users\Hritika\.m2\repository\org\springdoc\springdoc-openapi-starter-webmvc-api\2.8.5\springdoc-openapi-starter-webmvc-api-2.8.5.jar;C:\Users\Hritika\.m2\repository\org\springdoc\springdoc-openapi-starter-common\2.8.5\springdoc-openapi-starter-common-2.8.5.jar;C:\Users\Hritika\.m2\repository\io\swagger\core\v3\swagger-core-jakarta\2.2.28\swagger-core-jakarta-2.2.28.jar;C:\Users\Hritika\.m2\repository\io\swagger\core\v3\swagger-annotations-jakarta\2.2.28\swagger-annotations-jakarta-2.2.28.jar;C:\Users\Hritika\.m2\repository\io\swagger\core\v3\swagger-models-jakarta\2.2.28\swagger-models-jakarta-2.2.28.jar;C:\Users\Hritika\.m2\repository\jakarta\validation\jakarta.validation-api\3.0.2\jakarta.validation-api-3.0.2.jar;C:\Users\Hritika\.m2\repository\com\fasterxml\jackson\dataformat\jackson-dataformat-yaml\2.18.2\jackson-dataformat-yaml-2.18.2.jar
Launcher Type: SUN_STANDARD

[Global flags]
     intx CICompilerCount                          = 4                                         {product} {ergonomic}
     uint ConcGCThreads                            = 3                                         {product} {ergonomic}
     uint G1ConcRefinementThreads                  = 10                                        {product} {ergonomic}
   size_t G1HeapRegionSize                         = 1048576                                   {product} {ergonomic}
    uintx GCDrainStackTargetSize                   = 64                                        {product} {ergonomic}
   size_t InitialHeapSize                          = 123731968                                 {product} {ergonomic}
   size_t MarkStackSize                            = 4194304                                   {product} {ergonomic}
   size_t MaxHeapSize                              = 1973420032                                {product} {ergonomic}
   size_t MaxNewSize                               = 1183842304                                {product} {ergonomic}
   size_t MinHeapDeltaBytes                        = 1048576                                   {product} {ergonomic}
   size_t MinHeapSize                              = 8388608                                   {product} {ergonomic}
    uintx NonNMethodCodeHeapSize                   = 5839372                                {pd product} {ergonomic}
    uintx NonProfiledCodeHeapSize                  = 122909434                              {pd product} {ergonomic}
    uintx ProfiledCodeHeapSize                     = 122909434                              {pd product} {ergonomic}
    uintx ReservedCodeCacheSize                    = 251658240                              {pd product} {ergonomic}
     bool SegmentedCodeCache                       = true                                      {product} {ergonomic}
   size_t SoftMaxHeapSize                          = 1973420032                             {manageable} {ergonomic}
     bool UseCompressedOops                        = true                           {product lp64_product} {ergonomic}
     bool UseG1GC                                  = true                                      {product} {ergonomic}
     bool UseLargePagesIndividualAllocation        = false                                  {pd product} {ergonomic}

Logging:
Log output configuration:
 #0: stdout all=warning uptime,level,tags foldmultilines=false
 #1: stderr all=off uptime,level,tags foldmultilines=false

Environment Variables:
JAVA_HOME=C:\Program Files\Java\jdk-21
PATH=C:\chromedriver\chromedriver.exe;C:\Program Files\NVIDIA GPU Computing Toolkit\CUDA\v12.3\bin;C:\Program Files\NVIDIA GPU Computing Toolkit\CUDA\v12.3\libnvvp;C:\Program Files\Common Files\Oracle\Java\javapath;C:\oraclexe\app\oracle\product\11.2.0\server\bin;C:\windows\system32;C:\windows;C:\windows\System32\Wbem;C:\windows\System32\WindowsPowerShell\v1.0\;C:\windows\System32\OpenSSH\;C:\Program Files (x86)\NVIDIA Corporation\PhysX\Common;C:\Program Files\NVIDIA Corporation\NVIDIA NvDLISR;C:\WINDOWS\system32;C:\WINDOWS;C:\WINDOWS\System32\Wbem;C:\WINDOWS\System32\WindowsPowerShell\v1.0\;C:\WINDOWS\System32\OpenSSH\;C:\Program Files (x86)\dotnet\;C:\php-8.2.0;C:\Program Files\Git\cmd;C:\Program Files\dotnet\;C:\Program Files\MySQL\MySQL Server 8.0\bin;C:\Program Files\Java\jdk-19\bin;C:\Program Files\apache-maven-3.9.2-bin\apache-maven-3.9.2\bin;C:\Program Files\CMake\bin;C:\Program Files\nodejs\;C:\Program Files\swipl\bin;C:\Program Files\MongoDB\Server\7.0\bin;C:\Program Files\mongoshell\mongosh-2.1.1-win32-x64\mongosh-2.1.1-win32-x64\bin;C:\mongodb-database-tools-windows-x86_64-100.9.3\mongodb-database-tools-windows-x86_64-100.9.3\bin;C:\Program Files\Go\bin;C:\Program Files\Docker\Docker\resources\bin;C:\Program Files\Java\jdk-21;C:\Program Files (x86)\Windows Kits\10\Windows Performance Toolkit\;C:\Program Files\NVIDIA Corporation\Nsight Compute 2023.3.1\;C:\CuDNN\cudnn-windows-x86_64-8.9.7.29_cuda12-archive\cudnn-windows-x86_64-8.9.7.29_cuda12-archive\bin;C:\CuDNN\cudnn-windows-x86_64-8.9.7.29_cuda12-archive\cudnn-windows-x86_64-8.9.7.29_cuda12-archive\include;C:\CuDNN\cudnn-windows-x86_64-8.9.7.29_cuda12-archive\cudnn-windows-x86_64-8.9.7.29_cuda12-archive\lib\x64;C:\chromedriver\chromedriver.exe;C:\Program Files\MySQL\MySQL Shell 8.0\bin\;C:\Users\Hritika\AppData\Local\Programs\Python\Python311\Scripts\;C:\Users\Hritika\AppData\Local\Programs\Python\Python311\;C:\Users\Hritika\AppData\Local\Microsoft\WindowsApps;C:\msys64\mingw64\bin;C:\modeltech64_10.6d\win64;C:\Program Files\Git\cmd;C:\Program Files\heroku\bin;C:\Users\Hritika\.dotnet\tools;C:\Program Files\JetBrains\IntelliJ IDEA Community Edition 2023.1.3\bin;;C:\Users\Hritika\AppData\Roaming\npm;C:\Program Files\MongoDB\Server\7.0\bin;C:\Users\Hritika\go\bin;C:\Users\Hritika\AppData\Local\Programs\Microsoft VS Code\bin
USERNAME=Hritika
OS=Windows_NT
PROCESSOR_IDENTIFIER=AMD64 Family 25 Model 80 Stepping 0, AuthenticAMD
TMP=C:\Users\Hritika\AppData\Local\Temp
TEMP=C:\Users\Hritika\AppData\Local\Temp




Periodic native trim disabled

---------------  S Y S T E M  ---------------

OS:
 Windows 11 , 64 bit Build 26100 (10.0.26100.3323)
OS uptime: 0 days 10:26 hours
Hyper-V role detected

CPU: total 12 (initial active 12) (12 cores per cpu, 2 threads per core) family 25 model 80 stepping 0 microcode 0xa50000d, cx8, cmov, fxsr, ht, mmx, 3dnowpref, sse, sse2, sse3, ssse3, sse4a, sse4.1, sse4.2, popcnt, lzcnt, tsc, tscinvbit, avx, avx2, aes, erms, clmul, bmi1, bmi2, adx, sha, fma, vzeroupper, clflush, clflushopt, hv, rdtscp, rdpid, fsrm, f16c, cet_ss
Processor Information for processor 0
  Max Mhz: 3301, Current Mhz: 3301, Mhz Limit: 3301
Processor Information for processor 1
  Max Mhz: 3301, Current Mhz: 3301, Mhz Limit: 3301
Processor Information for processor 2
  Max Mhz: 3301, Current Mhz: 3301, Mhz Limit: 3301
Processor Information for processor 3
  Max Mhz: 3301, Current Mhz: 1805, Mhz Limit: 3301
Processor Information for processor 4
  Max Mhz: 3301, Current Mhz: 1805, Mhz Limit: 3301
Processor Information for processor 5
  Max Mhz: 3301, Current Mhz: 1805, Mhz Limit: 3301
Processor Information for processor 6
  Max Mhz: 3301, Current Mhz: 1805, Mhz Limit: 3301
Processor Information for processor 7
  Max Mhz: 3301, Current Mhz: 1805, Mhz Limit: 3301
Processor Information for processor 8
  Max Mhz: 3301, Current Mhz: 1805, Mhz Limit: 3301
Processor Information for processor 9
  Max Mhz: 3301, Current Mhz: 1805, Mhz Limit: 3301
Processor Information for processor 10
  Max Mhz: 3301, Current Mhz: 1805, Mhz Limit: 3301
Processor Information for processor 11
  Max Mhz: 3301, Current Mhz: 1805, Mhz Limit: 3301

Memory: 4k page, system-wide physical 7521M (737M free)
TotalPageFile size 25344M (AvailPageFile size 0M)
current process WorkingSet (physical memory assigned to process): 39M, peak: 388M
current process commit charge ("private bytes"): 390M, peak: 429M

vm_info: Java HotSpot(TM) 64-Bit Server VM (21.0.2+13-LTS-58) for windows-amd64 JRE (21.0.2+13-LTS-58), built on 2024-01-05T18:32:24Z by "mach5one" with MS VC++ 17.1 (VS2022)

END.
