#
# There is insufficient memory for the Java Runtime Environment to continue.
# Native memory allocation (malloc) failed to allocate 1203680 bytes for Chunk::new
# Possible reasons:
#   The system is out of physical RAM or swap space
#   The process is running with CompressedOops enabled, and the Java Heap may be blocking the growth of the native heap
# Possible solutions:
#   Reduce memory load on the system
#   Increase physical memory or swap space
#   Check if swap backing store is full
#   Decrease Java heap size (-Xmx/-Xms)
#   Decrease number of Java threads
#   Decrease Java thread stack sizes (-Xss)
#   Set larger code cache with -XX:ReservedCodeCacheSize=
#   JVM is running with Unscaled Compressed Oops mode in which the Java heap is
#     placed in the first 4GB address space. The Java Heap base address is the
#     maximum limit for the native heap growth. Please use -XX:HeapBaseMinAddress
#     to set the Java Heap base and to place the Java Heap above 4GB virtual address.
# This output file may be truncated or incomplete.
#
#  Out of Memory Error (arena.cpp:168), pid=15716, tid=25188
#
# JRE version: Java(TM) SE Runtime Environment (21.0.2+13) (build 21.0.2+13-LTS-58)
# Java VM: Java HotSpot(TM) 64-Bit Server VM (21.0.2+13-LTS-58, mixed mode, sharing, tiered, compressed oops, compressed class ptrs, g1 gc, windows-amd64)
# No core dump will be written. Minidumps are not enabled by default on client versions of Windows
#

---------------  S U M M A R Y ------------

Command Line: -javaagent:C:\Program Files\JetBrains\IntelliJ IDEA Community Edition 2023.1.3\lib\idea_rt.jar=53769:C:\Program Files\JetBrains\IntelliJ IDEA Community Edition 2023.1.3\bin -Dfile.encoding=UTF-8 -Dsun.stdout.encoding=UTF-8 -Dsun.stderr.encoding=UTF-8 com.shopee.microservices.order.OrderServiceApplication

Host: AMD Ryzen 5 5600H with Radeon Graphics         , 12 cores, 7G,  Windows 11 , 64 bit Build 26100 (10.0.26100.3323)
Time: Thu May 22 19:28:15 2025 India Standard Time elapsed time: 6.405622 seconds (0d 0h 0m 6s)

---------------  T H R E A D  ---------------

Current thread (0x000001f19f225980):  JavaThread "C2 CompilerThread0" daemon [_thread_in_native, id=25188, stack(0x0000005422400000,0x0000005422500000) (1024K)]


Current CompileTask:
C2:   6405 5287       4       org.springframework.core.annotation.MergedAnnotations::from (41 bytes)

Stack: [0x0000005422400000,0x0000005422500000]
Native frames: (J=compiled Java code, j=interpreted, Vv=VM code, C=native code)
V  [jvm.dll+0x6cade9]
V  [jvm.dll+0x8569c1]
V  [jvm.dll+0x858d2e]
V  [jvm.dll+0x859413]
V  [jvm.dll+0x280e56]
V  [jvm.dll+0xc3f3d]
V  [jvm.dll+0xc4473]
V  [jvm.dll+0x3b5c2c]
V  [jvm.dll+0x1e2209]
V  [jvm.dll+0x249d22]
V  [jvm.dll+0x2491b1]
V  [jvm.dll+0x1c9634]
V  [jvm.dll+0x258859]
V  [jvm.dll+0x256e3a]
V  [jvm.dll+0x3ef6c6]
V  [jvm.dll+0x7ff568]
V  [jvm.dll+0x6c953d]
C  [ucrtbase.dll+0x37b0]
C  [KERNEL32.DLL+0x2e8d7]
C  [ntdll.dll+0xbbf6c]


---------------  P R O C E S S  ---------------

Threads class SMR info:
_java_thread_list=0x000001f1e5513400, length=14, elements={
0x000001f182f91fe0, 0x000001f19f213ca0, 0x000001f19f218b20, 0x000001f19f21bb80,
0x000001f19f21ca70, 0x000001f19f21ea20, 0x000001f19f21f480, 0x000001f19f225980,
0x000001f19f2285a0, 0x000001f19fccc5e0, 0x000001f1e529e890, 0x000001f1e52b04b0,
0x000001f1e86f0450, 0x000001f1e83233b0
}

Java Threads: ( => current thread )
  0x000001f182f91fe0 JavaThread "main"                              [_thread_in_native, id=20096, stack(0x0000005421600000,0x0000005421700000) (1024K)]
  0x000001f19f213ca0 JavaThread "Reference Handler"          daemon [_thread_blocked, id=26212, stack(0x0000005421e00000,0x0000005421f00000) (1024K)]
  0x000001f19f218b20 JavaThread "Finalizer"                  daemon [_thread_blocked, id=28196, stack(0x0000005421f00000,0x0000005422000000) (1024K)]
  0x000001f19f21bb80 JavaThread "Signal Dispatcher"          daemon [_thread_blocked, id=14584, stack(0x0000005422000000,0x0000005422100000) (1024K)]
  0x000001f19f21ca70 JavaThread "Attach Listener"            daemon [_thread_blocked, id=26704, stack(0x0000005422100000,0x0000005422200000) (1024K)]
  0x000001f19f21ea20 JavaThread "Service Thread"             daemon [_thread_blocked, id=14776, stack(0x0000005422200000,0x0000005422300000) (1024K)]
  0x000001f19f21f480 JavaThread "Monitor Deflation Thread"   daemon [_thread_blocked, id=22272, stack(0x0000005422300000,0x0000005422400000) (1024K)]
=>0x000001f19f225980 JavaThread "C2 CompilerThread0"         daemon [_thread_in_native, id=25188, stack(0x0000005422400000,0x0000005422500000) (1024K)]
  0x000001f19f2285a0 JavaThread "C1 CompilerThread0"         daemon [_thread_in_native, id=27256, stack(0x0000005422500000,0x0000005422600000) (1024K)]
  0x000001f19fccc5e0 JavaThread "Common-Cleaner"             daemon [_thread_blocked, id=14576, stack(0x0000005422600000,0x0000005422700000) (1024K)]
  0x000001f1e529e890 JavaThread "Monitor Ctrl-Break"         daemon [_thread_in_native, id=2024, stack(0x0000005422800000,0x0000005422900000) (1024K)]
  0x000001f1e52b04b0 JavaThread "Notification Thread"        daemon [_thread_blocked, id=408, stack(0x0000005422900000,0x0000005422a00000) (1024K)]
  0x000001f1e86f0450 JavaThread "C2 CompilerThread1"         daemon [_thread_in_native, id=29608, stack(0x0000005422a00000,0x0000005422b00000) (1024K)]
  0x000001f1e83233b0 JavaThread "C2 CompilerThread2"         daemon [_thread_in_native, id=24116, stack(0x0000005423200000,0x0000005423300000) (1024K)]
Total: 14

Other Threads:
  0x000001f19f1f8030 VMThread "VM Thread"                           [id=20168, stack(0x0000005421d00000,0x0000005421e00000) (1024K)]
  0x000001f19f1d08b0 WatcherThread "VM Periodic Task Thread"        [id=28164, stack(0x0000005421c00000,0x0000005421d00000) (1024K)]
  0x000001f182fe5a70 WorkerThread "GC Thread#0"                     [id=16516, stack(0x0000005421700000,0x0000005421800000) (1024K)]
  0x000001f1e5928190 WorkerThread "GC Thread#1"                     [id=16076, stack(0x0000005422b00000,0x0000005422c00000) (1024K)]
  0x000001f1e5513dc0 WorkerThread "GC Thread#2"                     [id=27400, stack(0x0000005422c00000,0x0000005422d00000) (1024K)]
  0x000001f1e565b410 WorkerThread "GC Thread#3"                     [id=9468, stack(0x0000005422d00000,0x0000005422e00000) (1024K)]
  0x000001f1e56ff1f0 WorkerThread "GC Thread#4"                     [id=26464, stack(0x0000005422e00000,0x0000005422f00000) (1024K)]
  0x000001f1e5c18e40 WorkerThread "GC Thread#5"                     [id=25732, stack(0x0000005422f00000,0x0000005423000000) (1024K)]
  0x000001f1e5efb9e0 WorkerThread "GC Thread#6"                     [id=25924, stack(0x0000005423000000,0x0000005423100000) (1024K)]
  0x000001f1e5efbd80 WorkerThread "GC Thread#7"                     [id=28556, stack(0x0000005423100000,0x0000005423200000) (1024K)]
  0x000001f1e65663f0 WorkerThread "GC Thread#8"                     [id=22240, stack(0x0000005423300000,0x0000005423400000) (1024K)]
  0x000001f1e6567270 WorkerThread "GC Thread#9"                     [id=25772, stack(0x0000005423400000,0x0000005423500000) (1024K)]
  0x000001f182ff7820 ConcurrentGCThread "G1 Main Marker"            [id=13616, stack(0x0000005421800000,0x0000005421900000) (1024K)]
  0x000001f182ff8ac0 WorkerThread "G1 Conc#0"                       [id=24572, stack(0x0000005421900000,0x0000005421a00000) (1024K)]
  0x000001f1e6566ed0 WorkerThread "G1 Conc#1"                       [id=28256, stack(0x0000005422700000,0x0000005422800000) (1024K)]
  0x000001f1e6565910 WorkerThread "G1 Conc#2"                       [id=7204, stack(0x0000005423500000,0x0000005423600000) (1024K)]
  0x000001f19f0a5fe0 ConcurrentGCThread "G1 Refine#0"               [id=8004, stack(0x0000005421a00000,0x0000005421b00000) (1024K)]
  0x000001f19f0a69f0 ConcurrentGCThread "G1 Service"                [id=29692, stack(0x0000005421b00000,0x0000005421c00000) (1024K)]
Total: 18

Threads with active compile tasks:
C2 CompilerThread0     6437 5287       4       org.springframework.core.annotation.MergedAnnotations::from (41 bytes)
C1 CompilerThread0     6437 5469       3       org.aspectj.apache.bcel.classfile.annotation.AnnotationGen::read (71 bytes)
C2 CompilerThread1     6437 5290       4       org.springframework.core.annotation.TypeMappedAnnotations::from (27 bytes)
C2 CompilerThread2     6437 5309       4       jdk.internal.org.objectweb.asm.MethodWriter::computeAllFrames (510 bytes)
Total: 4

VM state: not at safepoint (normal execution)

VM Mutex/Monitor currently owned by a thread: None

Heap address: 0x000000008a600000, size: 1882 MB, Compressed Oops mode: 32-bit

CDS archive(s) mapped at: [0x000001f1a0000000-0x000001f1a0c90000-0x000001f1a0c90000), size 13172736, SharedBaseAddress: 0x000001f1a0000000, ArchiveRelocationMode: 1.
Compressed class space mapped at: 0x000001f1a1000000-0x000001f1e1000000, reserved size: 1073741824
Narrow klass base: 0x000001f1a0000000, Narrow klass shift: 0, Narrow klass range: 0x100000000

GC Precious Log:
 CardTable entry size: 512
 Card Set container configuration: InlinePtr #cards 5 size 8 Array Of Cards #cards 12 size 40 Howl #buckets 4 coarsen threshold 1843 Howl Bitmap #cards 512 size 80 coarsen threshold 460 Card regions per heap region 1 cards per card region 2048
 CPUs: 12 total, 12 available
 Memory: 7521M
 Large Page Support: Disabled
 NUMA Support: Disabled
 Compressed Oops: Enabled (32-bit)
 Heap Region Size: 1M
 Heap Min Capacity: 8M
 Heap Initial Capacity: 118M
 Heap Max Capacity: 1882M
 Pre-touch: Disabled
 Parallel Workers: 10
 Concurrent Workers: 3
 Concurrent Refinement Workers: 10
 Periodic GC: Disabled

Heap:
 garbage-first heap   total 91136K, used 57277K [0x000000008a600000, 0x0000000100000000)
  region size 1024K, 31 young (31744K), 4 survivors (4096K)
 Metaspace       used 38176K, committed 38720K, reserved 1114112K
  class space    used 4659K, committed 4928K, reserved 1048576K

Heap Regions: E=young(eden), S=young(survivor), O=old, HS=humongous(starts), HC=humongous(continues), CS=collection set, F=free, TAMS=top-at-mark-start, PB=parsable bottom
|   0|0x000000008a600000, 0x000000008a700000, 0x000000008a700000|100%|HS|  |TAMS 0x000000008a600000| PB 0x000000008a600000| Complete 
|   1|0x000000008a700000, 0x000000008a800000, 0x000000008a800000|100%|HS|  |TAMS 0x000000008a700000| PB 0x000000008a700000| Complete 
|   2|0x000000008a800000, 0x000000008a900000, 0x000000008a900000|100%|HS|  |TAMS 0x000000008a800000| PB 0x000000008a800000| Complete 
|   3|0x000000008a900000, 0x000000008aa00000, 0x000000008aa00000|100%| O|  |TAMS 0x000000008a900000| PB 0x000000008a900000| Untracked 
|   4|0x000000008aa00000, 0x000000008ab00000, 0x000000008ab00000|100%| O|  |TAMS 0x000000008aa00000| PB 0x000000008aa00000| Untracked 
|   5|0x000000008ab00000, 0x000000008ac00000, 0x000000008ac00000|100%| O|  |TAMS 0x000000008ab00000| PB 0x000000008ab00000| Untracked 
|   6|0x000000008ac00000, 0x000000008ad00000, 0x000000008ad00000|100%| O|  |TAMS 0x000000008ac00000| PB 0x000000008ac00000| Untracked 
|   7|0x000000008ad00000, 0x000000008ae00000, 0x000000008ae00000|100%| O|  |TAMS 0x000000008ad00000| PB 0x000000008ad00000| Untracked 
|   8|0x000000008ae00000, 0x000000008af00000, 0x000000008af00000|100%| O|  |TAMS 0x000000008ae00000| PB 0x000000008ae00000| Untracked 
|   9|0x000000008af00000, 0x000000008b000000, 0x000000008b000000|100%| O|  |TAMS 0x000000008af00000| PB 0x000000008af00000| Untracked 
|  10|0x000000008b000000, 0x000000008b100000, 0x000000008b100000|100%| O|  |TAMS 0x000000008b000000| PB 0x000000008b000000| Untracked 
|  11|0x000000008b100000, 0x000000008b200000, 0x000000008b200000|100%| O|  |TAMS 0x000000008b100000| PB 0x000000008b100000| Untracked 
|  12|0x000000008b200000, 0x000000008b300000, 0x000000008b300000|100%| O|  |TAMS 0x000000008b200000| PB 0x000000008b200000| Untracked 
|  13|0x000000008b300000, 0x000000008b400000, 0x000000008b400000|100%| O|  |TAMS 0x000000008b300000| PB 0x000000008b300000| Untracked 
|  14|0x000000008b400000, 0x000000008b500000, 0x000000008b500000|100%| O|  |TAMS 0x000000008b400000| PB 0x000000008b400000| Untracked 
|  15|0x000000008b500000, 0x000000008b600000, 0x000000008b600000|100%| O|Cm|TAMS 0x000000008b500000| PB 0x000000008b500000| Complete 
|  16|0x000000008b600000, 0x000000008b700000, 0x000000008b700000|100%| O|  |TAMS 0x000000008b600000| PB 0x000000008b600000| Untracked 
|  17|0x000000008b700000, 0x000000008b800000, 0x000000008b800000|100%| O|  |TAMS 0x000000008b700000| PB 0x000000008b700000| Untracked 
|  18|0x000000008b800000, 0x000000008b900000, 0x000000008b900000|100%| O|  |TAMS 0x000000008b800000| PB 0x000000008b800000| Untracked 
|  19|0x000000008b900000, 0x000000008ba00000, 0x000000008ba00000|100%| O|  |TAMS 0x000000008b900000| PB 0x000000008b900000| Untracked 
|  20|0x000000008ba00000, 0x000000008bb00000, 0x000000008bb00000|100%| O|  |TAMS 0x000000008ba00000| PB 0x000000008ba00000| Untracked 
|  21|0x000000008bb00000, 0x000000008bc00000, 0x000000008bc00000|100%| O|  |TAMS 0x000000008bb00000| PB 0x000000008bb00000| Untracked 
|  22|0x000000008bc00000, 0x000000008bd00000, 0x000000008bd00000|100%| O|  |TAMS 0x000000008bc00000| PB 0x000000008bc00000| Untracked 
|  23|0x000000008bd00000, 0x000000008be00000, 0x000000008be00000|100%| O|  |TAMS 0x000000008bd00000| PB 0x000000008bd00000| Untracked 
|  24|0x000000008be00000, 0x000000008bf00000, 0x000000008bf00000|100%| O|  |TAMS 0x000000008be00000| PB 0x000000008be00000| Untracked 
|  25|0x000000008bf00000, 0x000000008bfffdb8, 0x000000008c000000| 99%| O|  |TAMS 0x000000008bf00000| PB 0x000000008bf00000| Untracked 
|  26|0x000000008c000000, 0x000000008c000000, 0x000000008c100000|  0%| F|  |TAMS 0x000000008c000000| PB 0x000000008c000000| Untracked 
|  27|0x000000008c100000, 0x000000008c100000, 0x000000008c200000|  0%| F|  |TAMS 0x000000008c100000| PB 0x000000008c100000| Untracked 
|  28|0x000000008c200000, 0x000000008c200000, 0x000000008c300000|  0%| F|  |TAMS 0x000000008c200000| PB 0x000000008c200000| Untracked 
|  29|0x000000008c300000, 0x000000008c300000, 0x000000008c400000|  0%| F|  |TAMS 0x000000008c300000| PB 0x000000008c300000| Untracked 
|  30|0x000000008c400000, 0x000000008c400000, 0x000000008c500000|  0%| F|  |TAMS 0x000000008c400000| PB 0x000000008c400000| Untracked 
|  31|0x000000008c500000, 0x000000008c500000, 0x000000008c600000|  0%| F|  |TAMS 0x000000008c500000| PB 0x000000008c500000| Untracked 
|  32|0x000000008c600000, 0x000000008c600000, 0x000000008c700000|  0%| F|  |TAMS 0x000000008c600000| PB 0x000000008c600000| Untracked 
|  33|0x000000008c700000, 0x000000008c700000, 0x000000008c800000|  0%| F|  |TAMS 0x000000008c700000| PB 0x000000008c700000| Untracked 
|  34|0x000000008c800000, 0x000000008c800000, 0x000000008c900000|  0%| F|  |TAMS 0x000000008c800000| PB 0x000000008c800000| Untracked 
|  35|0x000000008c900000, 0x000000008c900000, 0x000000008ca00000|  0%| F|  |TAMS 0x000000008c900000| PB 0x000000008c900000| Untracked 
|  36|0x000000008ca00000, 0x000000008ca00000, 0x000000008cb00000|  0%| F|  |TAMS 0x000000008ca00000| PB 0x000000008ca00000| Untracked 
|  37|0x000000008cb00000, 0x000000008cb00000, 0x000000008cc00000|  0%| F|  |TAMS 0x000000008cb00000| PB 0x000000008cb00000| Untracked 
|  38|0x000000008cc00000, 0x000000008cc00000, 0x000000008cd00000|  0%| F|  |TAMS 0x000000008cc00000| PB 0x000000008cc00000| Untracked 
|  39|0x000000008cd00000, 0x000000008cd00000, 0x000000008ce00000|  0%| F|  |TAMS 0x000000008cd00000| PB 0x000000008cd00000| Untracked 
|  40|0x000000008ce00000, 0x000000008ce00000, 0x000000008cf00000|  0%| F|  |TAMS 0x000000008ce00000| PB 0x000000008ce00000| Untracked 
|  41|0x000000008cf00000, 0x000000008cf00000, 0x000000008d000000|  0%| F|  |TAMS 0x000000008cf00000| PB 0x000000008cf00000| Untracked 
|  42|0x000000008d000000, 0x000000008d000000, 0x000000008d100000|  0%| F|  |TAMS 0x000000008d000000| PB 0x000000008d000000| Untracked 
|  43|0x000000008d100000, 0x000000008d100000, 0x000000008d200000|  0%| F|  |TAMS 0x000000008d100000| PB 0x000000008d100000| Untracked 
|  44|0x000000008d200000, 0x000000008d200000, 0x000000008d300000|  0%| F|  |TAMS 0x000000008d200000| PB 0x000000008d200000| Untracked 
|  45|0x000000008d300000, 0x000000008d300000, 0x000000008d400000|  0%| F|  |TAMS 0x000000008d300000| PB 0x000000008d300000| Untracked 
|  46|0x000000008d400000, 0x000000008d400000, 0x000000008d500000|  0%| F|  |TAMS 0x000000008d400000| PB 0x000000008d400000| Untracked 
|  47|0x000000008d500000, 0x000000008d500000, 0x000000008d600000|  0%| F|  |TAMS 0x000000008d500000| PB 0x000000008d500000| Untracked 
|  48|0x000000008d600000, 0x000000008d600000, 0x000000008d700000|  0%| F|  |TAMS 0x000000008d600000| PB 0x000000008d600000| Untracked 
|  49|0x000000008d700000, 0x000000008d700000, 0x000000008d800000|  0%| F|  |TAMS 0x000000008d700000| PB 0x000000008d700000| Untracked 
|  50|0x000000008d800000, 0x000000008d800000, 0x000000008d900000|  0%| F|  |TAMS 0x000000008d800000| PB 0x000000008d800000| Untracked 
|  51|0x000000008d900000, 0x000000008d900000, 0x000000008da00000|  0%| F|  |TAMS 0x000000008d900000| PB 0x000000008d900000| Untracked 
|  52|0x000000008da00000, 0x000000008da00000, 0x000000008db00000|  0%| F|  |TAMS 0x000000008da00000| PB 0x000000008da00000| Untracked 
|  53|0x000000008db00000, 0x000000008db00000, 0x000000008dc00000|  0%| F|  |TAMS 0x000000008db00000| PB 0x000000008db00000| Untracked 
|  54|0x000000008dc00000, 0x000000008dc00000, 0x000000008dd00000|  0%| F|  |TAMS 0x000000008dc00000| PB 0x000000008dc00000| Untracked 
|  55|0x000000008dd00000, 0x000000008dd00000, 0x000000008de00000|  0%| F|  |TAMS 0x000000008dd00000| PB 0x000000008dd00000| Untracked 
|  56|0x000000008de00000, 0x000000008de00000, 0x000000008df00000|  0%| F|  |TAMS 0x000000008de00000| PB 0x000000008de00000| Untracked 
|  57|0x000000008df00000, 0x000000008df00000, 0x000000008e000000|  0%| F|  |TAMS 0x000000008df00000| PB 0x000000008df00000| Untracked 
|  58|0x000000008e000000, 0x000000008e100000, 0x000000008e100000|100%| E|  |TAMS 0x000000008e000000| PB 0x000000008e000000| Complete 
|  59|0x000000008e100000, 0x000000008e200000, 0x000000008e200000|100%| E|CS|TAMS 0x000000008e100000| PB 0x000000008e100000| Complete 
|  60|0x000000008e200000, 0x000000008e300000, 0x000000008e300000|100%| E|CS|TAMS 0x000000008e200000| PB 0x000000008e200000| Complete 
|  61|0x000000008e300000, 0x000000008e400000, 0x000000008e400000|100%| E|CS|TAMS 0x000000008e300000| PB 0x000000008e300000| Complete 
|  62|0x000000008e400000, 0x000000008e500000, 0x000000008e500000|100%| E|CS|TAMS 0x000000008e400000| PB 0x000000008e400000| Complete 
|  63|0x000000008e500000, 0x000000008e600000, 0x000000008e600000|100%| E|CS|TAMS 0x000000008e500000| PB 0x000000008e500000| Complete 
|  64|0x000000008e600000, 0x000000008e700000, 0x000000008e700000|100%| E|CS|TAMS 0x000000008e600000| PB 0x000000008e600000| Complete 
|  65|0x000000008e700000, 0x000000008e800000, 0x000000008e800000|100%| E|CS|TAMS 0x000000008e700000| PB 0x000000008e700000| Complete 
|  66|0x000000008e800000, 0x000000008e900000, 0x000000008e900000|100%| E|CS|TAMS 0x000000008e800000| PB 0x000000008e800000| Complete 
|  67|0x000000008e900000, 0x000000008ea00000, 0x000000008ea00000|100%| E|CS|TAMS 0x000000008e900000| PB 0x000000008e900000| Complete 
|  68|0x000000008ea00000, 0x000000008eb00000, 0x000000008eb00000|100%| E|CS|TAMS 0x000000008ea00000| PB 0x000000008ea00000| Complete 
|  69|0x000000008eb00000, 0x000000008ec00000, 0x000000008ec00000|100%| E|CS|TAMS 0x000000008eb00000| PB 0x000000008eb00000| Complete 
|  70|0x000000008ec00000, 0x000000008ed00000, 0x000000008ed00000|100%| E|CS|TAMS 0x000000008ec00000| PB 0x000000008ec00000| Complete 
|  71|0x000000008ed00000, 0x000000008ee00000, 0x000000008ee00000|100%| E|CS|TAMS 0x000000008ed00000| PB 0x000000008ed00000| Complete 
|  72|0x000000008ee00000, 0x000000008ef00000, 0x000000008ef00000|100%| E|CS|TAMS 0x000000008ee00000| PB 0x000000008ee00000| Complete 
|  73|0x000000008ef00000, 0x000000008f000000, 0x000000008f000000|100%| E|CS|TAMS 0x000000008ef00000| PB 0x000000008ef00000| Complete 
|  74|0x000000008f000000, 0x000000008f100000, 0x000000008f100000|100%| E|CS|TAMS 0x000000008f000000| PB 0x000000008f000000| Complete 
|  75|0x000000008f100000, 0x000000008f200000, 0x000000008f200000|100%| E|CS|TAMS 0x000000008f100000| PB 0x000000008f100000| Complete 
|  76|0x000000008f200000, 0x000000008f300000, 0x000000008f300000|100%| E|CS|TAMS 0x000000008f200000| PB 0x000000008f200000| Complete 
|  77|0x000000008f300000, 0x000000008f3ef810, 0x000000008f400000| 93%| S|CS|TAMS 0x000000008f300000| PB 0x000000008f300000| Complete 
|  78|0x000000008f400000, 0x000000008f500000, 0x000000008f500000|100%| S|CS|TAMS 0x000000008f400000| PB 0x000000008f400000| Complete 
|  79|0x000000008f500000, 0x000000008f600000, 0x000000008f600000|100%| S|CS|TAMS 0x000000008f500000| PB 0x000000008f500000| Complete 
|  80|0x000000008f600000, 0x000000008f700000, 0x000000008f700000|100%| S|CS|TAMS 0x000000008f600000| PB 0x000000008f600000| Complete 
|  81|0x000000008f700000, 0x000000008f800000, 0x000000008f800000|100%| E|CS|TAMS 0x000000008f700000| PB 0x000000008f700000| Complete 
|  82|0x000000008f800000, 0x000000008f900000, 0x000000008f900000|100%| E|CS|TAMS 0x000000008f800000| PB 0x000000008f800000| Complete 
| 109|0x0000000091300000, 0x0000000091400000, 0x0000000091400000|100%| E|CS|TAMS 0x0000000091300000| PB 0x0000000091300000| Complete 
| 110|0x0000000091400000, 0x0000000091500000, 0x0000000091500000|100%| E|CS|TAMS 0x0000000091400000| PB 0x0000000091400000| Complete 
| 111|0x0000000091500000, 0x0000000091600000, 0x0000000091600000|100%| E|CS|TAMS 0x0000000091500000| PB 0x0000000091500000| Complete 
| 112|0x0000000091600000, 0x0000000091700000, 0x0000000091700000|100%| E|CS|TAMS 0x0000000091600000| PB 0x0000000091600000| Complete 
| 113|0x0000000091700000, 0x0000000091800000, 0x0000000091800000|100%| E|CS|TAMS 0x0000000091700000| PB 0x0000000091700000| Complete 
| 117|0x0000000091b00000, 0x0000000091c00000, 0x0000000091c00000|100%| E|CS|TAMS 0x0000000091b00000| PB 0x0000000091b00000| Complete 

Card table byte_map: [0x000001f19acf0000,0x000001f19b0a0000] _byte_map_base: 0x000001f19a89d000

Marking Bits: (CMBitMap*) 0x000001f182fe6170
 Bits: [0x000001f19b0a0000, 0x000001f19ce08000)

Polling page: 0x000001f180e70000

Metaspace:

Usage:
  Non-class:     32.73 MB used.
      Class:      4.55 MB used.
       Both:     37.28 MB used.

Virtual space:
  Non-class space:       64.00 MB reserved,      33.00 MB ( 52%) committed,  1 nodes.
      Class space:        1.00 GB reserved,       4.81 MB ( <1%) committed,  1 nodes.
             Both:        1.06 GB reserved,      37.81 MB (  3%) committed. 

Chunk freelists:
   Non-Class:  14.98 MB
       Class:  11.22 MB
        Both:  26.20 MB

MaxMetaspaceSize: unlimited
CompressedClassSpaceSize: 1.00 GB
Initial GC threshold: 21.00 MB
Current GC threshold: 58.75 MB
CDS: on
 - commit_granule_bytes: 65536.
 - commit_granule_words: 8192.
 - virtual_space_node_default_size: 8388608.
 - enlarge_chunks_in_place: 1.
 - use_allocation_guard: 0.


Internal statistics:

num_allocs_failed_limit: 6.
num_arena_births: 616.
num_arena_deaths: 0.
num_vsnodes_births: 2.
num_vsnodes_deaths: 0.
num_space_committed: 605.
num_space_uncommitted: 0.
num_chunks_returned_to_freelist: 6.
num_chunks_taken_from_freelist: 2014.
num_chunk_merges: 6.
num_chunk_splits: 1359.
num_chunks_enlarged: 985.
num_inconsistent_stats: 0.

CodeHeap 'non-profiled nmethods': size=120000Kb used=3228Kb max_used=3228Kb free=116771Kb
 bounds [0x000001f192eb0000, 0x000001f193200000, 0x000001f19a3e0000]
CodeHeap 'profiled nmethods': size=120000Kb used=11074Kb max_used=11074Kb free=108925Kb
 bounds [0x000001f18b3e0000, 0x000001f18bec0000, 0x000001f192910000]
CodeHeap 'non-nmethods': size=5760Kb used=1887Kb max_used=1940Kb free=3872Kb
 bounds [0x000001f192910000, 0x000001f192b80000, 0x000001f192eb0000]
 total_blobs=5713 nmethods=5046 adapters=571
 compilation: enabled
              stopped_count=0, restarted_count=0
 full_count=0

Compilation events (20 events):
Event: 6.387 Thread 0x000001f19f2285a0 5439       3       org.aspectj.apache.bcel.classfile.LineNumberTable::<init> (33 bytes)
Event: 6.388 Thread 0x000001f19f2285a0 nmethod 5439 0x000001f18be9de90 code [0x000001f18be9e060, 0x000001f18be9e4c0]
Event: 6.388 Thread 0x000001f19f2285a0 5440       3       org.aspectj.apache.bcel.classfile.LocalVariableTable::<init> (35 bytes)
Event: 6.388 Thread 0x000001f19f2285a0 nmethod 5440 0x000001f18be9e690 code [0x000001f18be9e860, 0x000001f18be9ec40]
Event: 6.388 Thread 0x000001f19f2285a0 5435       3       org.aspectj.apache.bcel.classfile.MethodParameters::<init> (38 bytes)
Event: 6.388 Thread 0x000001f19f2285a0 nmethod 5435 0x000001f18be9ee10 code [0x000001f18be9efe0, 0x000001f18be9f368]
Event: 6.388 Thread 0x000001f19f2285a0 5442   !   3       org.springframework.util.ClassUtils::isVisible (26 bytes)
Event: 6.389 Thread 0x000001f19f2285a0 nmethod 5442 0x000001f18be9f510 code [0x000001f18be9f720, 0x000001f18be9fe30]
Event: 6.394 Thread 0x000001f19f2285a0 5445       3       org.springframework.core.annotation.AnnotationUtils::isCandidateClass (22 bytes)
Event: 6.394 Thread 0x000001f19f2285a0 nmethod 5445 0x000001f18bea0110 code [0x000001f18bea0320, 0x000001f18bea0828]
Event: 6.395 Thread 0x000001f19f2285a0 5446       3       org.aspectj.apache.bcel.util.ClassLoaderRepository::loadClass (9 bytes)
Event: 6.395 Thread 0x000001f19f2285a0 nmethod 5446 0x000001f18bea0a10 code [0x000001f18bea0be0, 0x000001f18bea0e28]
Event: 6.396 Thread 0x000001f19f2285a0 5447       3       org.springframework.util.ClassUtils::getAllInterfacesForClassAsSet (106 bytes)
Event: 6.398 Thread 0x000001f19f2285a0 nmethod 5447 0x000001f18bea0f90 code [0x000001f18bea1320, 0x000001f18bea2b78]
Event: 6.398 Thread 0x000001f19f2285a0 5448       3       org.springframework.core.MethodIntrospector$$Lambda/0x000001f1a1482dd0::doWith (17 bytes)
Event: 6.398 Thread 0x000001f19f2285a0 nmethod 5448 0x000001f18bea3510 code [0x000001f18bea36c0, 0x000001f18bea3818]
Event: 6.398 Thread 0x000001f19f2285a0 5449       3       org.springframework.core.MethodIntrospector::lambda$selectMethods$0 (84 bytes)
Event: 6.398 Thread 0x000001f19f2285a0 nmethod 5449 0x000001f18bea3910 code [0x000001f18bea3ba0, 0x000001f18bea4650]
Event: 6.398 Thread 0x000001f19f2285a0 5450       3       org.aspectj.apache.bcel.util.ClassLoaderRepository::clear (37 bytes)
Event: 6.399 Thread 0x000001f19f2285a0 nmethod 5450 0x000001f18bea4b10 code [0x000001f18bea4d00, 0x000001f18bea51f8]

GC Heap History (16 events):
Event: 0.673 GC heap before
{Heap before GC invocations=0 (full 0):
 garbage-first heap   total 120832K, used 30720K [0x000000008a600000, 0x0000000100000000)
  region size 1024K, 23 young (23552K), 0 survivors (0K)
 Metaspace       used 3505K, committed 3712K, reserved 1114112K
  class space    used 345K, committed 448K, reserved 1048576K
}
Event: 0.682 GC heap after
{Heap after GC invocations=1 (full 0):
 garbage-first heap   total 120832K, used 16000K [0x000000008a600000, 0x0000000100000000)
  region size 1024K, 3 young (3072K), 3 survivors (3072K)
 Metaspace       used 3505K, committed 3712K, reserved 1114112K
  class space    used 345K, committed 448K, reserved 1048576K
}
Event: 1.104 GC heap before
{Heap before GC invocations=1 (full 0):
 garbage-first heap   total 120832K, used 34432K [0x000000008a600000, 0x0000000100000000)
  region size 1024K, 21 young (21504K), 3 survivors (3072K)
 Metaspace       used 8657K, committed 8896K, reserved 1114112K
  class space    used 974K, committed 1088K, reserved 1048576K
}
Event: 1.109 GC heap after
{Heap after GC invocations=2 (full 0):
 garbage-first heap   total 120832K, used 19009K [0x000000008a600000, 0x0000000100000000)
  region size 1024K, 3 young (3072K), 3 survivors (3072K)
 Metaspace       used 8657K, committed 8896K, reserved 1114112K
  class space    used 974K, committed 1088K, reserved 1048576K
}
Event: 2.509 GC heap before
{Heap before GC invocations=2 (full 0):
 garbage-first heap   total 120832K, used 63041K [0x000000008a600000, 0x0000000100000000)
  region size 1024K, 47 young (48128K), 3 survivors (3072K)
 Metaspace       used 20479K, committed 20736K, reserved 1114112K
  class space    used 2399K, committed 2496K, reserved 1048576K
}
Event: 2.519 GC heap after
{Heap after GC invocations=3 (full 0):
 garbage-first heap   total 120832K, used 23226K [0x000000008a600000, 0x0000000100000000)
  region size 1024K, 6 young (6144K), 6 survivors (6144K)
 Metaspace       used 20479K, committed 20736K, reserved 1114112K
  class space    used 2399K, committed 2496K, reserved 1048576K
}
Event: 2.613 GC heap before
{Heap before GC invocations=3 (full 0):
 garbage-first heap   total 120832K, used 26298K [0x000000008a600000, 0x0000000100000000)
  region size 1024K, 10 young (10240K), 6 survivors (6144K)
 Metaspace       used 21264K, committed 21504K, reserved 1114112K
  class space    used 2515K, committed 2624K, reserved 1048576K
}
Event: 2.621 GC heap after
{Heap after GC invocations=4 (full 0):
 garbage-first heap   total 120832K, used 24170K [0x000000008a600000, 0x0000000100000000)
  region size 1024K, 5 young (5120K), 5 survivors (5120K)
 Metaspace       used 21264K, committed 21504K, reserved 1114112K
  class space    used 2515K, committed 2624K, reserved 1048576K
}
Event: 3.346 GC heap before
{Heap before GC invocations=5 (full 0):
 garbage-first heap   total 75776K, used 61034K [0x000000008a600000, 0x0000000100000000)
  region size 1024K, 44 young (45056K), 5 survivors (5120K)
 Metaspace       used 25592K, committed 25984K, reserved 1114112K
  class space    used 3007K, committed 3200K, reserved 1048576K
}
Event: 3.358 GC heap after
{Heap after GC invocations=6 (full 0):
 garbage-first heap   total 75776K, used 25146K [0x000000008a600000, 0x0000000100000000)
  region size 1024K, 5 young (5120K), 5 survivors (5120K)
 Metaspace       used 25592K, committed 25984K, reserved 1114112K
  class space    used 3007K, committed 3200K, reserved 1048576K
}
Event: 3.927 GC heap before
{Heap before GC invocations=6 (full 0):
 garbage-first heap   total 75776K, used 56890K [0x000000008a600000, 0x0000000100000000)
  region size 1024K, 36 young (36864K), 5 survivors (5120K)
 Metaspace       used 28763K, committed 29120K, reserved 1114112K
  class space    used 3414K, committed 3584K, reserved 1048576K
}
Event: 3.936 GC heap after
{Heap after GC invocations=7 (full 0):
 garbage-first heap   total 91136K, used 26980K [0x000000008a600000, 0x0000000100000000)
  region size 1024K, 3 young (3072K), 3 survivors (3072K)
 Metaspace       used 28763K, committed 29120K, reserved 1114112K
  class space    used 3414K, committed 3584K, reserved 1048576K
}
Event: 4.938 GC heap before
{Heap before GC invocations=7 (full 0):
 garbage-first heap   total 91136K, used 71012K [0x000000008a600000, 0x0000000100000000)
  region size 1024K, 46 young (47104K), 3 survivors (3072K)
 Metaspace       used 33451K, committed 33856K, reserved 1114112K
  class space    used 4026K, committed 4224K, reserved 1048576K
}
Event: 4.944 GC heap after
{Heap after GC invocations=8 (full 0):
 garbage-first heap   total 91136K, used 29665K [0x000000008a600000, 0x0000000100000000)
  region size 1024K, 6 young (6144K), 6 survivors (6144K)
 Metaspace       used 33451K, committed 33856K, reserved 1114112K
  class space    used 4026K, committed 4224K, reserved 1048576K
}
Event: 5.364 GC heap before
{Heap before GC invocations=8 (full 0):
 garbage-first heap   total 91136K, used 36833K [0x000000008a600000, 0x0000000100000000)
  region size 1024K, 14 young (14336K), 6 survivors (6144K)
 Metaspace       used 35572K, committed 35968K, reserved 1114112K
  class space    used 4286K, committed 4480K, reserved 1048576K
}
Event: 5.374 GC heap after
{Heap after GC invocations=9 (full 0):
 garbage-first heap   total 91136K, used 30653K [0x000000008a600000, 0x0000000100000000)
  region size 1024K, 4 young (4096K), 4 survivors (4096K)
 Metaspace       used 35572K, committed 35968K, reserved 1114112K
  class space    used 4286K, committed 4480K, reserved 1048576K
}

Dll operation events (12 events):
Event: 0.020 Loaded shared library C:\Program Files\Java\jdk-21\bin\java.dll
Event: 0.060 Loaded shared library C:\Program Files\Java\jdk-21\bin\jsvml.dll
Event: 0.197 Loaded shared library C:\Program Files\Java\jdk-21\bin\zip.dll
Event: 0.201 Loaded shared library C:\Program Files\Java\jdk-21\bin\instrument.dll
Event: 0.210 Loaded shared library C:\Program Files\Java\jdk-21\bin\net.dll
Event: 0.214 Loaded shared library C:\Program Files\Java\jdk-21\bin\nio.dll
Event: 0.217 Loaded shared library C:\Program Files\Java\jdk-21\bin\zip.dll
Event: 0.409 Loaded shared library C:\Program Files\JetBrains\IntelliJ IDEA Community Edition 2023.1.3\bin\breakgen64.dll
Event: 0.420 Loaded shared library C:\Program Files\Java\jdk-21\bin\extnet.dll
Event: 0.449 Loaded shared library C:\Program Files\Java\jdk-21\bin\jimage.dll
Event: 2.510 Loaded shared library C:\Program Files\Java\jdk-21\bin\sunmscapi.dll
Event: 4.806 Loaded shared library C:\Program Files\Java\jdk-21\bin\verify.dll

Deoptimization events (20 events):
Event: 6.311 Thread 0x000001f182f91fe0 DEOPT PACKING pc=0x000001f193067bd0 sp=0x00000054216fc300
Event: 6.311 Thread 0x000001f182f91fe0 DEOPT UNPACKING pc=0x000001f1929646a2 sp=0x00000054216fc2e0 mode 2
Event: 6.311 Thread 0x000001f182f91fe0 Uncommon trap: trap_request=0xffffffd6 fr.pc=0x000001f193075b84 relative=0x0000000000004ae4
Event: 6.311 Thread 0x000001f182f91fe0 Uncommon trap: reason=array_check action=maybe_recompile pc=0x000001f193075b84 method=org.springframework.boot.context.properties.source.ConfigurationPropertyName$ElementsParser.add(IILorg/springframework/boot/context/properties/source/ConfigurationProper
Event: 6.311 Thread 0x000001f182f91fe0 DEOPT PACKING pc=0x000001f193075b84 sp=0x00000054216fc380
Event: 6.311 Thread 0x000001f182f91fe0 DEOPT UNPACKING pc=0x000001f1929646a2 sp=0x00000054216fc2e0 mode 2
Event: 6.311 Thread 0x000001f182f91fe0 Uncommon trap: trap_request=0xffffffd6 fr.pc=0x000001f193067bd0 relative=0x0000000000002190
Event: 6.311 Thread 0x000001f182f91fe0 Uncommon trap: reason=array_check action=maybe_recompile pc=0x000001f193067bd0 method=org.springframework.boot.context.properties.source.ConfigurationPropertyName$ElementsParser.add(IILorg/springframework/boot/context/properties/source/ConfigurationProper
Event: 6.311 Thread 0x000001f182f91fe0 DEOPT PACKING pc=0x000001f193067bd0 sp=0x00000054216fc300
Event: 6.311 Thread 0x000001f182f91fe0 DEOPT UNPACKING pc=0x000001f1929646a2 sp=0x00000054216fc2e0 mode 2
Event: 6.311 Thread 0x000001f182f91fe0 Uncommon trap: trap_request=0xffffffd6 fr.pc=0x000001f193076134 relative=0x0000000000005094
Event: 6.311 Thread 0x000001f182f91fe0 Uncommon trap: reason=array_check action=maybe_recompile pc=0x000001f193076134 method=org.springframework.boot.context.properties.source.ConfigurationPropertyName$ElementsParser.add(IILorg/springframework/boot/context/properties/source/ConfigurationProper
Event: 6.311 Thread 0x000001f182f91fe0 DEOPT PACKING pc=0x000001f193076134 sp=0x00000054216fc380
Event: 6.311 Thread 0x000001f182f91fe0 DEOPT UNPACKING pc=0x000001f1929646a2 sp=0x00000054216fc2e0 mode 2
Event: 6.379 Thread 0x000001f182f91fe0 DEOPT PACKING pc=0x000001f18bdeae89 sp=0x00000054216fd470
Event: 6.379 Thread 0x000001f182f91fe0 DEOPT UNPACKING pc=0x000001f192964e42 sp=0x00000054216fca10 mode 0
Event: 6.383 Thread 0x000001f182f91fe0 Uncommon trap: trap_request=0xffffff45 fr.pc=0x000001f1931d218c relative=0x000000000000492c
Event: 6.383 Thread 0x000001f182f91fe0 Uncommon trap: reason=unstable_if action=reinterpret pc=0x000001f1931d218c method=org.aspectj.apache.bcel.classfile.Attribute.readAttribute(Ljava/io/DataInputStream;Lorg/aspectj/apache/bcel/classfile/ConstantPool;)Lorg/aspectj/apache/bcel/classfile/Attrib
Event: 6.383 Thread 0x000001f182f91fe0 DEOPT PACKING pc=0x000001f1931d218c sp=0x00000054216fce70
Event: 6.383 Thread 0x000001f182f91fe0 DEOPT UNPACKING pc=0x000001f1929646a2 sp=0x00000054216fce38 mode 2

Classes loaded (20 events):
Event: 6.128 Loading class java/nio/file/InvalidPathException
Event: 6.128 Loading class java/nio/file/InvalidPathException done
Event: 6.180 Loading class java/lang/ThreadDeath
Event: 6.180 Loading class java/lang/ThreadDeath done
Event: 6.239 Loading class javax/management/NotificationEmitter
Event: 6.239 Loading class javax/management/NotificationBroadcaster
Event: 6.239 Loading class javax/management/NotificationBroadcaster done
Event: 6.239 Loading class javax/management/NotificationEmitter done
Event: 6.292 Loading class java/util/stream/SortedOps$SizedRefSortingSink
Event: 6.292 Loading class java/util/stream/SortedOps$SizedRefSortingSink done
Event: 6.381 Loading class java/util/function/ObjIntConsumer
Event: 6.381 Loading class java/util/function/ObjIntConsumer done
Event: 6.401 Loading class jdk/internal/classfile/ClassBuilder
Event: 6.402 Loading class jdk/internal/classfile/ClassfileBuilder
Event: 6.402 Loading class jdk/internal/classfile/ClassfileBuilder done
Event: 6.402 Loading class jdk/internal/classfile/ClassBuilder done
Event: 6.402 Loading class jdk/internal/classfile/ClassElement
Event: 6.402 Loading class jdk/internal/classfile/ClassfileElement
Event: 6.402 Loading class jdk/internal/classfile/ClassfileElement done
Event: 6.402 Loading class jdk/internal/classfile/ClassElement done

Classes unloaded (0 events):
No events

Classes redefined (0 events):
No events

Internal exceptions (20 events):
Event: 5.496 Thread 0x000001f182f91fe0 Exception <a 'java/lang/ArrayIndexOutOfBoundsException'{0x00000000916646f0}: Index 4 out of bounds for length 4> (0x00000000916646f0) 
thrown [s\open\src\hotspot\share\interpreter\interpreterRuntime.cpp, line 439]
Event: 5.497 Thread 0x000001f182f91fe0 Exception <a 'java/lang/ArrayIndexOutOfBoundsException'{0x000000009166c168}: Index 11 out of bounds for length 11> (0x000000009166c168) 
thrown [s\open\src\hotspot\share\interpreter\interpreterRuntime.cpp, line 439]
Event: 5.497 Thread 0x000001f182f91fe0 Exception <a 'java/lang/ArrayIndexOutOfBoundsException'{0x000000009166c9f0}: Index 11 out of bounds for length 11> (0x000000009166c9f0) 
thrown [s\open\src\hotspot\share\interpreter\interpreterRuntime.cpp, line 439]
Event: 5.502 Thread 0x000001f182f91fe0 Exception <a 'java/lang/ArrayIndexOutOfBoundsException'{0x00000000916b7678}: Index 4 out of bounds for length 4> (0x00000000916b7678) 
thrown [s\open\src\hotspot\share\interpreter\interpreterRuntime.cpp, line 439]
Event: 5.502 Thread 0x000001f182f91fe0 Exception <a 'java/lang/ArrayIndexOutOfBoundsException'{0x00000000916b7c50}: Index 4 out of bounds for length 4> (0x00000000916b7c50) 
thrown [s\open\src\hotspot\share\interpreter\interpreterRuntime.cpp, line 439]
Event: 5.502 Thread 0x000001f182f91fe0 Exception <a 'java/lang/ArrayIndexOutOfBoundsException'{0x00000000916bfcf8}: Index 11 out of bounds for length 11> (0x00000000916bfcf8) 
thrown [s\open\src\hotspot\share\interpreter\interpreterRuntime.cpp, line 439]
Event: 5.502 Thread 0x000001f182f91fe0 Exception <a 'java/lang/ArrayIndexOutOfBoundsException'{0x00000000916c0580}: Index 11 out of bounds for length 11> (0x00000000916c0580) 
thrown [s\open\src\hotspot\share\interpreter\interpreterRuntime.cpp, line 439]
Event: 5.507 Thread 0x000001f182f91fe0 Exception <a 'java/lang/ArrayIndexOutOfBoundsException'{0x00000000916fa788}: Index 4 out of bounds for length 4> (0x00000000916fa788) 
thrown [s\open\src\hotspot\share\interpreter\interpreterRuntime.cpp, line 439]
Event: 5.507 Thread 0x000001f182f91fe0 Exception <a 'java/lang/ArrayIndexOutOfBoundsException'{0x00000000916fad60}: Index 4 out of bounds for length 4> (0x00000000916fad60) 
thrown [s\open\src\hotspot\share\interpreter\interpreterRuntime.cpp, line 439]
Event: 5.507 Thread 0x000001f182f91fe0 Exception <a 'java/lang/ArrayIndexOutOfBoundsException'{0x00000000915033a8}> (0x00000000915033a8) 
thrown [s\open\src\hotspot\share\runtime\sharedRuntime.cpp, line 625]
Event: 5.507 Thread 0x000001f182f91fe0 Exception <a 'java/lang/ArrayIndexOutOfBoundsException'{0x0000000091503c30}> (0x0000000091503c30) 
thrown [s\open\src\hotspot\share\runtime\sharedRuntime.cpp, line 625]
Event: 5.515 Thread 0x000001f182f91fe0 Exception <a 'java/lang/ArrayIndexOutOfBoundsException'{0x00000000915628a0}> (0x00000000915628a0) 
thrown [s\open\src\hotspot\share\runtime\sharedRuntime.cpp, line 625]
Event: 5.515 Thread 0x000001f182f91fe0 Exception <a 'java/lang/ArrayIndexOutOfBoundsException'{0x0000000091562e78}> (0x0000000091562e78) 
thrown [s\open\src\hotspot\share\runtime\sharedRuntime.cpp, line 625]
Event: 5.520 Thread 0x000001f182f91fe0 Exception <a 'java/lang/ArrayIndexOutOfBoundsException'{0x00000000915ad848}> (0x00000000915ad848) 
thrown [s\open\src\hotspot\share\runtime\sharedRuntime.cpp, line 625]
Event: 5.520 Thread 0x000001f182f91fe0 Exception <a 'java/lang/ArrayIndexOutOfBoundsException'{0x00000000915ade20}> (0x00000000915ade20) 
thrown [s\open\src\hotspot\share\runtime\sharedRuntime.cpp, line 625]
Event: 5.580 Thread 0x000001f182f91fe0 Exception <a 'java/lang/IncompatibleClassChangeError'{0x000000008f70e128}: Found class java.lang.Object, but interface was expected> (0x000000008f70e128) 
thrown [s\open\src\hotspot\share\interpreter\linkResolver.cpp, line 840]
Event: 5.904 Thread 0x000001f182f91fe0 Exception <a 'java/lang/NoSuchMethodError'{0x000000008f28e2e8}: 'java.lang.Object java.lang.invoke.DirectMethodHandle$Holder.invokeSpecialIFC(java.lang.Object, java.lang.Object, java.lang.Object)'> (0x000000008f28e2e8) 
thrown [s\open\src\hotspot\share\interpreter\linkResolver.cpp, line 773]
Event: 6.015 Thread 0x000001f182f91fe0 Exception <a 'java/lang/NoSuchMethodError'{0x000000008f1f3e78}: 'java.lang.Object java.lang.invoke.DirectMethodHandle$Holder.invokeVirtual(java.lang.Object, java.lang.Object, java.lang.Object, java.lang.Object, java.lang.Object)'> (0x000000008f1f3e78) 
thrown [s\open\src\hotspot\share\interpreter\linkResolver.cpp, line 773]
Event: 6.324 Thread 0x000001f182f91fe0 Exception <a 'java/lang/NoSuchMethodError'{0x000000008e94afd8}: 'java.lang.Object java.lang.invoke.DirectMethodHandle$Holder.invokeVirtual(java.lang.Object, java.lang.Object, java.lang.Object, java.lang.Object, java.lang.Object, java.lang.Object)'> (0x000000008e94afd8) 
thrown [s\open\src\hotspot\share\interpreter\linkResolver.cpp, line 773]
Event: 6.362 Thread 0x000001f182f91fe0 Exception <a 'java/lang/NoSuchMethodError'{0x000000008e7b80c8}: 'void java.lang.invoke.DirectMethodHandle$Holder.invokeSpecial(java.lang.Object, java.lang.Object, java.lang.Object, java.lang.Object, java.lang.Object, java.lang.Object, java.lang.Object)'> (0x000000008e7b80c8) 
thrown [s\open\src\hotspot\share\interpreter\linkResolver.cpp, line 773]

ZGC Phase Switch (0 events):
No events

VM Operations (20 events):
Event: 4.938 Executing VM operation: G1CollectForAllocation (G1 Evacuation Pause)
Event: 4.944 Executing VM operation: G1CollectForAllocation (G1 Evacuation Pause) done
Event: 5.031 Executing VM operation: HandshakeAllThreads (Deoptimize)
Event: 5.031 Executing VM operation: HandshakeAllThreads (Deoptimize) done
Event: 5.336 Executing VM operation: HandshakeAllThreads (Deoptimize)
Event: 5.336 Executing VM operation: HandshakeAllThreads (Deoptimize) done
Event: 5.345 Executing VM operation: HandshakeAllThreads (Deoptimize)
Event: 5.345 Executing VM operation: HandshakeAllThreads (Deoptimize) done
Event: 5.364 Executing VM operation: CollectForMetadataAllocation (Metadata GC Threshold)
Event: 5.374 Executing VM operation: CollectForMetadataAllocation (Metadata GC Threshold) done
Event: 5.388 Executing VM operation: G1PauseRemark
Event: 5.397 Executing VM operation: G1PauseRemark done
Event: 5.402 Executing VM operation: G1PauseCleanup
Event: 5.402 Executing VM operation: G1PauseCleanup done
Event: 5.575 Executing VM operation: HandshakeAllThreads (Deoptimize)
Event: 5.575 Executing VM operation: HandshakeAllThreads (Deoptimize) done
Event: 6.268 Executing VM operation: ICBufferFull
Event: 6.268 Executing VM operation: ICBufferFull done
Event: 6.284 Executing VM operation: HandshakeAllThreads (Deoptimize)
Event: 6.284 Executing VM operation: HandshakeAllThreads (Deoptimize) done

Events (20 events):
Event: 5.396 Thread 0x000001f19f1f8030 flushing nmethod 0x000001f192ef0b10
Event: 5.396 Thread 0x000001f19f1f8030 flushing nmethod 0x000001f192ee3510
Event: 5.396 Thread 0x000001f19f1f8030 flushing nmethod 0x000001f192eea290
Event: 5.396 Thread 0x000001f19f1f8030 flushing nmethod 0x000001f192ee9e90
Event: 5.396 Thread 0x000001f19f1f8030 flushing nmethod 0x000001f192ee9b10
Event: 5.396 Thread 0x000001f19f1f8030 flushing nmethod 0x000001f192ee9810
Event: 5.396 Thread 0x000001f19f1f8030 flushing nmethod 0x000001f192ee7690
Event: 5.396 Thread 0x000001f19f1f8030 flushing nmethod 0x000001f192ee3210
Event: 5.396 Thread 0x000001f19f1f8030 flushing nmethod 0x000001f192edc010
Event: 5.396 Thread 0x000001f19f1f8030 flushing nmethod 0x000001f192ec0010
Event: 5.396 Thread 0x000001f19f1f8030 flushing nmethod 0x000001f192ed0590
Event: 5.396 Thread 0x000001f19f1f8030 flushing nmethod 0x000001f192ecce90
Event: 5.396 Thread 0x000001f19f1f8030 flushing nmethod 0x000001f192ec8d90
Event: 5.396 Thread 0x000001f19f1f8030 flushing nmethod 0x000001f192ec5310
Event: 5.396 Thread 0x000001f19f1f8030 flushing nmethod 0x000001f192ec4710
Event: 5.396 Thread 0x000001f19f1f8030 flushing nmethod 0x000001f192eb1f90
Event: 5.396 Thread 0x000001f19f1f8030 flushing nmethod 0x000001f192eb1490
Event: 5.941 Thread 0x000001f1e8ce24a0 Thread exited: 0x000001f1e8ce24a0
Event: 6.255 Thread 0x000001f1e86f0450 Thread added: 0x000001f1e86f0450
Event: 6.303 Thread 0x000001f1e83233b0 Thread added: 0x000001f1e83233b0


Dynamic libraries:
0x00007ff7fa540000 - 0x00007ff7fa550000 	C:\Program Files\Java\jdk-21\bin\java.exe
0x00007ffd040c0000 - 0x00007ffd04323000 	C:\WINDOWS\SYSTEM32\ntdll.dll
0x00007ffd030b0000 - 0x00007ffd03177000 	C:\WINDOWS\System32\KERNEL32.DLL
0x00007ffd01360000 - 0x00007ffd01729000 	C:\WINDOWS\System32\KERNELBASE.dll
0x00007ffd01730000 - 0x00007ffd0187c000 	C:\WINDOWS\System32\ucrtbase.dll
0x00007ffcdd7e0000 - 0x00007ffcdd7f9000 	C:\Program Files\Java\jdk-21\bin\jli.dll
0x00007ffd02640000 - 0x00007ffd026f2000 	C:\WINDOWS\System32\ADVAPI32.dll
0x00007ffd03910000 - 0x00007ffd039b9000 	C:\WINDOWS\System32\msvcrt.dll
0x00007ffd02570000 - 0x00007ffd02616000 	C:\WINDOWS\System32\sechost.dll
0x00007ffd03dc0000 - 0x00007ffd03ed6000 	C:\WINDOWS\System32\RPCRT4.dll
0x00007ffd02ed0000 - 0x00007ffd0309a000 	C:\WINDOWS\System32\USER32.dll
0x00007ffd01880000 - 0x00007ffd018a7000 	C:\WINDOWS\System32\win32u.dll
0x00007ffd039c0000 - 0x00007ffd039ea000 	C:\WINDOWS\System32\GDI32.dll
0x00007ffcdae10000 - 0x00007ffcdae2b000 	C:\Program Files\Java\jdk-21\bin\VCRUNTIME140.dll
0x00007ffd01da0000 - 0x00007ffd01ed1000 	C:\WINDOWS\System32\gdi32full.dll
0x00007ffd01cf0000 - 0x00007ffd01d93000 	C:\WINDOWS\System32\msvcp_win.dll
0x00007ffcf8960000 - 0x00007ffcf896b000 	C:\WINDOWS\SYSTEM32\VERSION.dll
0x00007ffce7040000 - 0x00007ffce72d0000 	C:\WINDOWS\WinSxS\amd64_microsoft.windows.common-controls_6595b64144ccf1df_6.0.26100.3323_none_3e088096e3344490\COMCTL32.dll
0x00007ffd03ee0000 - 0x00007ffd03f0f000 	C:\WINDOWS\System32\IMM32.DLL
0x00007ffcdd7d0000 - 0x00007ffcdd7dc000 	C:\Program Files\Java\jdk-21\bin\vcruntime140_1.dll
0x00007ffcdab70000 - 0x00007ffcdabfe000 	C:\Program Files\Java\jdk-21\bin\msvcp140.dll
0x00007ffcd9d70000 - 0x00007ffcdaa87000 	C:\Program Files\Java\jdk-21\bin\server\jvm.dll
0x00007ffd03c60000 - 0x00007ffd03cd4000 	C:\WINDOWS\System32\WS2_32.dll
0x00007ffd01170000 - 0x00007ffd011be000 	C:\WINDOWS\SYSTEM32\POWRPROF.dll
0x00007ffcf76c0000 - 0x00007ffcf76f6000 	C:\WINDOWS\SYSTEM32\WINMM.dll
0x00007ffd01130000 - 0x00007ffd01144000 	C:\WINDOWS\SYSTEM32\UMPDC.dll
0x00007ffd000c0000 - 0x00007ffd000da000 	C:\WINDOWS\SYSTEM32\kernel.appcore.dll
0x00007ffcdb730000 - 0x00007ffcdb73a000 	C:\Program Files\Java\jdk-21\bin\jimage.dll
0x00007ffcf4430000 - 0x00007ffcf4671000 	C:\WINDOWS\SYSTEM32\DBGHELP.DLL
0x00007ffd01f60000 - 0x00007ffd022e2000 	C:\WINDOWS\System32\combase.dll
0x00007ffd03ce0000 - 0x00007ffd03db6000 	C:\WINDOWS\System32\OLEAUT32.dll
0x00007ffce21d0000 - 0x00007ffce2209000 	C:\WINDOWS\SYSTEM32\dbgcore.DLL
0x00007ffd012c0000 - 0x00007ffd01359000 	C:\WINDOWS\System32\bcryptPrimitives.dll
0x00007ffcfadf0000 - 0x00007ffcfadff000 	C:\Program Files\Java\jdk-21\bin\instrument.dll
0x00007ffcd94c0000 - 0x00007ffcd94df000 	C:\Program Files\Java\jdk-21\bin\java.dll
0x00007ffd02700000 - 0x00007ffd02e15000 	C:\WINDOWS\System32\SHELL32.dll
0x00007ffd01b80000 - 0x00007ffd01ce8000 	C:\WINDOWS\System32\wintypes.dll
0x00007ffcfef80000 - 0x00007ffcff7c5000 	C:\WINDOWS\SYSTEM32\windows.storage.dll
0x00007ffd039f0000 - 0x00007ffd03adb000 	C:\WINDOWS\System32\SHCORE.dll
0x00007ffd03880000 - 0x00007ffd038dd000 	C:\WINDOWS\System32\shlwapi.dll
0x00007ffd011d0000 - 0x00007ffd011ff000 	C:\WINDOWS\SYSTEM32\profapi.dll
0x00007ffcd84e0000 - 0x00007ffcd85b7000 	C:\Program Files\Java\jdk-21\bin\jsvml.dll
0x00007ffcd83b0000 - 0x00007ffcd83c8000 	C:\Program Files\Java\jdk-21\bin\zip.dll
0x00007ffcd94b0000 - 0x00007ffcd94c0000 	C:\Program Files\Java\jdk-21\bin\net.dll
0x00007ffcf9590000 - 0x00007ffcf96ae000 	C:\WINDOWS\SYSTEM32\WINHTTP.dll
0x00007ffd00600000 - 0x00007ffd0066a000 	C:\WINDOWS\system32\mswsock.dll
0x00007ffcd9490000 - 0x00007ffcd94a6000 	C:\Program Files\Java\jdk-21\bin\nio.dll
0x00007ffcf8c80000 - 0x00007ffcf8c9a000 	C:\Program Files\JetBrains\IntelliJ IDEA Community Edition 2023.1.3\bin\breakgen64.dll
0x00007ffcd83d0000 - 0x00007ffcd83d9000 	C:\Program Files\Java\jdk-21\bin\extnet.dll
0x00007ffcffb20000 - 0x00007ffcffb53000 	C:\WINDOWS\SYSTEM32\IPHLPAPI.DLL
0x00007ffd02630000 - 0x00007ffd0263a000 	C:\WINDOWS\System32\NSI.dll
0x00007ffcffb60000 - 0x00007ffcffc85000 	C:\WINDOWS\SYSTEM32\DNSAPI.dll
0x00007ffcfac40000 - 0x00007ffcfac4b000 	C:\Windows\System32\rasadhlp.dll
0x00007ffcf88b0000 - 0x00007ffcf8935000 	C:\WINDOWS\System32\fwpuclnt.dll
0x00007ffcd07e0000 - 0x00007ffcd07ee000 	C:\Program Files\Java\jdk-21\bin\sunmscapi.dll
0x00007ffd01a00000 - 0x00007ffd01b77000 	C:\WINDOWS\System32\CRYPT32.dll
0x00007ffd00aa0000 - 0x00007ffd00ad0000 	C:\WINDOWS\SYSTEM32\ncrypt.dll
0x00007ffd00a50000 - 0x00007ffd00a8f000 	C:\WINDOWS\SYSTEM32\NTASN1.dll
0x00007ffcd2230000 - 0x00007ffcd2240000 	C:\Program Files\Java\jdk-21\bin\verify.dll

dbghelp: loaded successfully - version: 4.0.5 - missing functions: none
symbol engine: initialized successfully - sym options: 0x614 - pdb path: .;C:\Program Files\Java\jdk-21\bin;C:\WINDOWS\SYSTEM32;C:\WINDOWS\WinSxS\amd64_microsoft.windows.common-controls_6595b64144ccf1df_6.0.26100.3323_none_3e088096e3344490;C:\Program Files\Java\jdk-21\bin\server;C:\Program Files\JetBrains\IntelliJ IDEA Community Edition 2023.1.3\bin

VM Arguments:
jvm_args: -javaagent:C:\Program Files\JetBrains\IntelliJ IDEA Community Edition 2023.1.3\lib\idea_rt.jar=53769:C:\Program Files\JetBrains\IntelliJ IDEA Community Edition 2023.1.3\bin -Dfile.encoding=UTF-8 -Dsun.stdout.encoding=UTF-8 -Dsun.stderr.encoding=UTF-8 
java_command: com.shopee.microservices.order.OrderServiceApplication
java_class_path (initial): C:\Users\Hritika\IdeaProjects\Shopee\order-service\target\classes;C:\Users\Hritika\.m2\repository\org\springframework\boot\spring-boot-starter-data-jpa\3.4.3\spring-boot-starter-data-jpa-3.4.3.jar;C:\Users\Hritika\.m2\repository\org\springframework\boot\spring-boot-starter\3.4.3\spring-boot-starter-3.4.3.jar;C:\Users\Hritika\.m2\repository\org\springframework\boot\spring-boot\3.4.3\spring-boot-3.4.3.jar;C:\Users\Hritika\.m2\repository\org\springframework\boot\spring-boot-starter-logging\3.4.3\spring-boot-starter-logging-3.4.3.jar;C:\Users\Hritika\.m2\repository\org\apache\logging\log4j\log4j-to-slf4j\2.24.3\log4j-to-slf4j-2.24.3.jar;C:\Users\Hritika\.m2\repository\org\apache\logging\log4j\log4j-api\2.24.3\log4j-api-2.24.3.jar;C:\Users\Hritika\.m2\repository\org\slf4j\jul-to-slf4j\2.0.16\jul-to-slf4j-2.0.16.jar;C:\Users\Hritika\.m2\repository\jakarta\annotation\jakarta.annotation-api\2.1.1\jakarta.annotation-api-2.1.1.jar;C:\Users\Hritika\.m2\repository\org\springframework\boot\spring-boot-starter-jdbc\3.4.3\spring-boot-starter-jdbc-3.4.3.jar;C:\Users\Hritika\.m2\repository\com\zaxxer\HikariCP\5.1.0\HikariCP-5.1.0.jar;C:\Users\Hritika\.m2\repository\org\springframework\spring-jdbc\6.2.3\spring-jdbc-6.2.3.jar;C:\Users\Hritika\.m2\repository\org\hibernate\orm\hibernate-core\6.6.8.Final\hibernate-core-6.6.8.Final.jar;C:\Users\Hritika\.m2\repository\jakarta\persistence\jakarta.persistence-api\3.1.0\jakarta.persistence-api-3.1.0.jar;C:\Users\Hritika\.m2\repository\jakarta\transaction\jakarta.transaction-api\2.0.1\jakarta.transaction-api-2.0.1.jar;C:\Users\Hritika\.m2\repository\org\jboss\logging\jboss-logging\3.6.1.Final\jboss-logging-3.6.1.Final.jar;C:\Users\Hritika\.m2\repository\org\hibernate\common\hibernate-commons-annotations\7.0.3.Final\hibernate-commons-annotations-7.0.3.Final.jar;C:\Users\Hritika\.m2\repository\io\smallrye\jandex\3.2.0\jandex-3.2.0.jar;C:\Users\Hritika\.m2\repository\com\fasterxml\classmate\1.7.0\classmate-1.7.0.jar;C:\Users\Hritika\.m2\repository\net\bytebuddy\byte-buddy\1.15.11\byte-buddy-1.15.11.jar;C:\Users\Hritika\.m2\repository\org\glassfish\jaxb\jaxb-runtime\4.0.5\jaxb-runtime-4.0.5.jar;C:\Users\Hritika\.m2\repository\org\glassfish\jaxb\jaxb-core\4.0.5\jaxb-core-4.0.5.jar;C:\Users\Hritika\.m2\repository\org\eclipse\angus\angus-activation\2.0.2\angus-activation-2.0.2.jar;C:\Users\Hritika\.m2\repository\org\glassfish\jaxb\txw2\4.0.5\txw2-4.0.5.jar;C:\Users\Hritika\.m2\repository\com\sun\istack\istack-commons-runtime\4.1.2\istack-commons-runtime-4.1.2.jar;C:\Users\Hritika\.m2\repository\jakarta\inject\jakarta.inject-api\2.0.1\jakarta.inject-api-2.0.1.jar;C:\Users\Hritika\.m2\repository\org\antlr\antlr4-runtime\4.13.0\antlr4-runtime-4.13.0.jar;C:\Users\Hritika\.m2\repository\org\springframework\data\spring-data-jpa\3.4.3\spring-data-jpa-3.4.3.jar;C:\Users\Hritika\.m2\repository\org\springframework\data\spring-data-commons\3.4.3\spring-data-commons-3.4.3.jar;C:\Users\Hritika\.m2\repository\org\springframework\spring-orm\6.2.3\spring-orm-6.2.3.jar;C:\Users\Hritika\.m2\repository\org\springframework\spring-aop\6.2.3\spring-aop-6.2.3.jar;C:\Users\Hritika\.m2\repository\org\springframework\spring-beans\6.2.3\spring-beans-6.2.3.jar;C:\Users\Hritika\.m2\repository\org\springframework\spring-aspects\6.2.3\spring-aspects-6.2.3.jar;C:\Users\Hritika\.m2\repository\org\aspectj\aspectjweaver\1.9.22.1\aspectjweaver-1.9.22.1.jar;C:\Users\Hritika\.m2\repository\org\springframework\boot\spring-boot-starter-web\3.4.3\spring-boot-starter-web-3.4.3.jar;C:\Users\Hritika\.m2\repository\org\springframework\boot\spring-boot-starter-json\3.4.3\spring-boot-starter-json-3.4.3.jar;C:\Users\Hritika\.m2\repository\com\fasterxml\jackson\datatype\jackson-datatype-jdk8\2.18.2\jackson-datatype-jdk8-2.18.2.jar;C:\Users\Hritika\.m2\repository\com\fasterxml\jackson\module\jackson-module-parameter-names\2.18.2\jackson-module-parameter-names-2.18.2.jar;C:\Users\Hritika\.m2\repository\org\springframework\boot\spring-boot-starter-tomcat\3.4.3\spring-boot-starter-tomcat-3.4.3.jar;C:\Users\Hritika\.m2\repository\org\apache\tomcat\embed\tomcat-embed-core\10.1.36\tomcat-embed-core-10.1.36.jar;C:\Users\Hritika\.m2\repository\org\apache\tomcat\embed\tomcat-embed-el\10.1.36\tomcat-embed-el-10.1.36.jar;C:\Users\Hritika\.m2\repository\org\apache\tomcat\embed\tomcat-embed-websocket\10.1.36\tomcat-embed-websocket-10.1.36.jar;C:\Users\Hritika\.m2\repository\org\springframework\spring-web\6.2.3\spring-web-6.2.3.jar;C:\Users\Hritika\.m2\repository\org\springframework\spring-webmvc\6.2.3\spring-webmvc-6.2.3.jar;C:\Users\Hritika\.m2\repository\org\springframework\spring-expression\6.2.3\spring-expression-6.2.3.jar;C:\Users\Hritika\.m2\repository\org\flywaydb\flyway-core\10.20.1\flyway-core-10.20.1.jar;C:\Users\Hritika\.m2\repository\com\fasterxml\jackson\dataformat\jackson-dataformat-toml\2.18.2\jackson-dataformat-toml-2.18.2.jar;C:\Users\Hritika\.m2\repository\com\fasterxml\jackson\datatype\jackson-datatype-jsr310\2.18.2\jackson-datatype-jsr310-2.18.2.jar;C:\Users\Hritika\.m2\repository\com\fasterxml\jackson\core\jackson-annotations\2.18.2\jackson-annotations-2.18.2.jar;C:\Users\Hritika\.m2\repository\org\flywaydb\flyway-mysql\10.20.1\flyway-mysql-10.20.1.jar;C:\Users\Hritika\.m2\repository\org\springframework\kafka\spring-kafka\3.3.3\spring-kafka-3.3.3.jar;C:\Users\Hritika\.m2\repository\org\springframework\spring-context\6.2.3\spring-context-6.2.3.jar;C:\Users\Hritika\.m2\repository\org\springframework\spring-messaging\6.2.3\spring-messaging-6.2.3.jar;C:\Users\Hritika\.m2\repository\org\springframework\spring-tx\6.2.3\spring-tx-6.2.3.jar;C:\Users\Hritika\.m2\repository\org\springframework\retry\spring-retry\2.0.11\spring-retry-2.0.11.jar;C:\Users\Hritika\.m2\repository\org\apache\kafka\kafka-clients\3.8.1\kafka-clients-3.8.1.jar;C:\Users\Hritika\.m2\repository\com\github\luben\zstd-jni\1.5.6-4\zstd-jni-1.5.6-4.jar;C:\Users\Hritika\.m2\repository\org\lz4\lz4-java\1.8.0\lz4-java-1.8.0.jar;C:\Users\Hritika\.m2\repository\org\xerial\snappy\snappy-java\1.1.10.5\snappy-java-1.1.10.5.jar;C:\Users\Hritika\.m2\repository\io\micrometer\micrometer-observation\1.14.4\micrometer-observation-1.14.4.jar;C:\Users\Hritika\.m2\repository\io\micrometer\micrometer-commons\1.14.4\micrometer-commons-1.14.4.jar;C:\Users\Hritika\.m2\repository\com\mysql\mysql-connector-j\9.1.0\mysql-connector-j-9.1.0.jar;C:\Users\Hritika\.m2\repository\org\springframework\cloud\spring-cloud-starter-circuitbreaker-resilience4j\3.2.0\spring-cloud-starter-circuitbreaker-resilience4j-3.2.0.jar;C:\Users\Hritika\.m2\repository\org\springframework\cloud\spring-cloud-starter\4.2.0\spring-cloud-starter-4.2.0.jar;C:\Users\Hritika\.m2\repository\org\springframework\cloud\spring-cloud-context\4.2.0\spring-cloud-context-4.2.0.jar;C:\Users\Hritika\.m2\repository\org\springframework\security\spring-security-crypto\6.4.3\spring-security-crypto-6.4.3.jar;C:\Users\Hritika\.m2\repository\org\springframework\cloud\spring-cloud-commons\4.2.0\spring-cloud-commons-4.2.0.jar;C:\Users\Hritika\.m2\repository\org\bouncycastle\bcprov-jdk18on\1.78.1\bcprov-jdk18on-1.78.1.jar;C:\Users\Hritika\.m2\repository\org\springframework\cloud\spring-cloud-circuitbreaker-resilience4j\3.2.0\spring-cloud-circuitbreaker-resilience4j-3.2.0.jar;C:\Users\Hritika\.m2\repository\io\github\resilience4j\resilience4j-spring-boot3\2.2.0\resilience4j-spring-boot3-2.2.0.jar;C:\Users\Hritika\.m2\repository\io\github\resilience4j\resilience4j-spring6\2.2.0\resilience4j-spring6-2.2.0.jar;C:\Users\Hritika\.m2\repository\io\github\resilience4j\resilience4j-annotations\2.2.0\resilience4j-annotations-2.2.0.jar;C:\Users\Hritika\.m2\repository\io\github\resilience4j\resilience4j-consumer\2.2.0\resilience4j-consumer-2.2.0.jar;C:\Users\Hritika\.m2\repository\io\github\resilience4j\resilience4j-circularbuffer\2.2.0\resilience4j-circularbuffer-2.2.0.jar;C:\Users\Hritika\.m2\repository\io\github\resilience4j\resilience4j-framework-common\2.2.0\resilience4j-framework-common-2.2.0.jar;C:\Users\Hritika\.m2\repository\io\github\resilience4j\resilience4j-micrometer\2.2.0\resilience4j-micrometer-2.2.0.jar;C:\Users\Hritika\.m2\repository\io\github\resilience4j\resilience4j-retry\2.2.0\resilience4j-retry-2.2.0.jar;C:\Users\Hritika\.m2\repository\io\github\resilience4j\resilience4j-ratelimiter\2.2.0\resilience4j-ratelimiter-2.2.0.jar;C:\Users\Hritika\.m2\repository\org\springframework\boot\spring-boot-configuration-processor\3.4.3\spring-boot-configuration-processor-3.4.3.jar;C:\Users\Hritika\.m2\repository\io\github\resilience4j\resilience4j-circuitbreaker\2.2.0\resilience4j-circuitbreaker-2.2.0.jar;C:\Users\Hritika\.m2\repository\io\github\resilience4j\resilience4j-core\2.2.0\resilience4j-core-2.2.0.jar;C:\Users\Hritika\.m2\repository\io\github\resilience4j\resilience4j-timelimiter\2.2.0\resilience4j-timelimiter-2.2.0.jar;C:\Users\Hritika\.m2\repository\org\springframework\boot\spring-boot-starter-actuator\3.4.3\spring-boot-starter-actuator-3.4.3.jar;C:\Users\Hritika\.m2\repository\org\springframework\boot\spring-boot-actuator-autoconfigure\3.4.3\spring-boot-actuator-autoconfigure-3.4.3.jar;C:\Users\Hritika\.m2\repository\org\springframework\boot\spring-boot-actuator\3.4.3\spring-boot-actuator-3.4.3.jar;C:\Users\Hritika\.m2\repository\io\micrometer\micrometer-jakarta9\1.14.4\micrometer-jakarta9-1.14.4.jar;C:\Users\Hritika\.m2\repository\io\micrometer\micrometer-core\1.14.4\micrometer-core-1.14.4.jar;C:\Users\Hritika\.m2\repository\org\hdrhistogram\HdrHistogram\2.2.2\HdrHistogram-2.2.2.jar;C:\Users\Hritika\.m2\repository\org\latencyutils\LatencyUtils\2.0.3\LatencyUtils-2.0.3.jar;C:\Users\Hritika\.m2\repository\jakarta\xml\bind\jakarta.xml.bind-api\4.0.2\jakarta.xml.bind-api-4.0.2.jar;C:\Users\Hritika\.m2\repository\jakarta\activation\jakarta.activation-api\2.1.3\jakarta.activation-api-2.1.3.jar;C:\Users\Hritika\.m2\repository\org\hamcrest\hamcrest\2.2\hamcrest-2.2.jar;C:\Users\Hritika\.m2\repository\org\springframework\spring-core\6.2.3\spring-core-6.2.3.jar;C:\Users\Hritika\.m2\repository\org\springframework\spring-jcl\6.2.3\spring-jcl-6.2.3.jar;C:\Users\Hritika\.m2\repository\ch\qos\logback\logback-core\1.5.16\logback-core-1.5.16.jar;C:\Users\Hritika\.m2\repository\ch\qos\logback\logback-classic\1.5.16\logback-classic-1.5.16.jar;C:\Users\Hritika\.m2\repository\com\fasterxml\jackson\dataformat\jackson-dataformat-csv\2.18.2\jackson-dataformat-csv-2.18.2.jar;C:\Users\Hritika\.m2\repository\org\springframework\boot\spring-boot-autoconfigure\3.4.3\spring-boot-autoconfigure-3.4.3.jar;C:\Users\Hritika\.m2\repository\io\rest-assured\rest-assured\5.3.2\rest-assured-5.3.2.jar;C:\Users\Hritika\.m2\repository\org\apache\groovy\groovy\4.0.25\groovy-4.0.25.jar;C:\Users\Hritika\.m2\repository\org\apache\groovy\groovy-xml\4.0.25\groovy-xml-4.0.25.jar;C:\Users\Hritika\.m2\repository\org\apache\httpcomponents\httpclient\4.5.13\httpclient-4.5.13.jar;C:\Users\Hritika\.m2\repository\org\apache\httpcomponents\httpcore\4.4.16\httpcore-4.4.16.jar;C:\Users\Hritika\.m2\repository\commons-logging\commons-logging\1.2\commons-logging-1.2.jar;C:\Users\Hritika\.m2\repository\commons-codec\commons-codec\1.17.2\commons-codec-1.17.2.jar;C:\Users\Hritika\.m2\repository\org\apache\httpcomponents\httpmime\4.5.13\httpmime-4.5.13.jar;C:\Users\Hritika\.m2\repository\org\ccil\cowan\tagsoup\tagsoup\1.2.1\tagsoup-1.2.1.jar;C:\Users\Hritika\.m2\repository\io\rest-assured\json-path\5.5.1\json-path-5.5.1.jar;C:\Users\Hritika\.m2\repository\org\apache\groovy\groovy-json\4.0.25\groovy-json-4.0.25.jar;C:\Users\Hritika\.m2\repository\io\rest-assured\rest-assured-common\5.5.1\rest-assured-common-5.5.1.jar;C:\Users\Hritika\.m2\repository\io\rest-assured\xml-path\5.5.1\xml-path-5.5.1.jar;C:\Users\Hritika\.m2\repository\org\apache\commons\commons-lang3\3.17.0\commons-lang3-3.17.0.jar;C:\Users\Hritika\.m2\repository\org\springdoc\springdoc-openapi-starter-webmvc-ui\2.8.5\springdoc-openapi-starter-webmvc-ui-2.8.5.jar;C:\Users\Hritika\.m2\repository\org\webjars\swagger-ui\5.18.3\swagger-ui-5.18.3.jar;C:\Users\Hritika\.m2\repository\org\webjars\webjars-locator-lite\1.0.1\webjars-locator-lite-1.0.1.jar;C:\Users\Hritika\.m2\repository\org\jspecify\jspecify\1.0.0\jspecify-1.0.0.jar;C:\Users\Hritika\.m2\repository\org\springdoc\springdoc-openapi-starter-webmvc-api\2.8.5\springdoc-openapi-starter-webmvc-api-2.8.5.jar;C:\Users\Hritika\.m2\repository\org\springdoc\springdoc-openapi-starter-common\2.8.5\springdoc-openapi-starter-common-2.8.5.jar;C:\Users\Hritika\.m2\repository\io\swagger\core\v3\swagger-core-jakarta\2.2.28\swagger-core-jakarta-2.2.28.jar;C:\Users\Hritika\.m2\repository\io\swagger\core\v3\swagger-annotations-jakarta\2.2.28\swagger-annotations-jakarta-2.2.28.jar;C:\Users\Hritika\.m2\repository\io\swagger\core\v3\swagger-models-jakarta\2.2.28\swagger-models-jakarta-2.2.28.jar;C:\Users\Hritika\.m2\repository\jakarta\validation\jakarta.validation-api\3.0.2\jakarta.validation-api-3.0.2.jar;C:\Users\Hritika\.m2\repository\com\fasterxml\jackson\dataformat\jackson-dataformat-yaml\2.18.2\jackson-dataformat-yaml-2.18.2.jar;C:\Users\Hritika\.m2\repository\io\confluent\kafka-avro-serializer\7.6.0\kafka-avro-serializer-7.6.0.jar;C:\Users\Hritika\.m2\repository\org\apache\commons\commons-compress\1.21\commons-compress-1.21.jar;C:\Users\Hritika\.m2\repository\io\confluent\kafka-schema-serializer\7.6.0\kafka-schema-serializer-7.6.0.jar;C:\Users\Hritika\.m2\repository\com\google\guava\guava\32.0.1-jre\guava-32.0.1-jre.jar;C:\Users\Hritika\.m2\repository\com\google\guava\failureaccess\1.0.1\failureaccess-1.0.1.jar;C:\Users\Hritika\.m2\repository\com\google\guava\listenablefuture\9999.0-empty-to-avoid-conflict-with-guava\listenablefuture-9999.0-empty-to-avoid-conflict-with-guava.jar;C:\Users\Hritika\.m2\repository\com\google\code\findbugs\jsr305\3.0.2\jsr305-3.0.2.jar;C:\Users\Hritika\.m2\repository\org\checkerframework\checker-qual\3.33.0\checker-qual-3.33.0.jar;C:\Users\Hritika\.m2\repository\com\google\errorprone\error_prone_annotations\2.18.0\error_prone_annotations-2.18.0.jar;C:\Users\Hritika\.m2\repository\com\google\j2objc\j2objc-annotations\2.8\j2objc-annotations-2.8.jar;C:\Users\Hritika\.m2\repository\io\confluent\logredactor\1.0.12\logredactor-1.0.12.jar;C:\Users\Hritika\.m2\repository\com\google\re2j\re2j\1.6\re2j-1.6.jar;C:\Users\Hritika\.m2\repository\io\confluent\logredactor-metrics\1.0.12\logredactor-metrics-1.0.12.jar;C:\Users\Hritika\.m2\repository\com\eclipsesource\minimal-json\minimal-json\0.9.5\minimal-json-0.9.5.jar;C:\Users\Hritika\.m2\repository\io\confluent\common-utils\7.6.0\common-utils-7.6.0.jar;C:\Users\Hritika\.m2\repository\io\confluent\kafka-schema-registry-client\7.6.0\kafka-schema-registry-client-7.6.0.jar;C:\Users\Hritika\.m2\repository\org\yaml\snakeyaml\2.3\snakeyaml-2.3.jar;C:\Users\Hritika\.m2\repository\com\fasterxml\jackson\core\jackson-databind\2.18.2\jackson-databind-2.18.2.jar;C:\Users\Hritika\.m2\repository\io\swagger\core\v3\swagger-annotations\2.1.10\swagger-annotations-2.1.10.jar;C:\Users\Hritika\.m2\repository\org\apache\avro\avro\1.11.3\avro-1.11.3.jar;C:\Users\Hritika\.m2\repository\com\fasterxml\jackson\core\jackson-core\2.18.2\jackson-core-2.18.2.jar;C:\Users\Hritika\.m2\repository\org\slf4j\slf4j-api\2.0.16\slf4j-api-2.0.16.jar
Launcher Type: SUN_STANDARD

[Global flags]
     intx CICompilerCount                          = 4                                         {product} {ergonomic}
     uint ConcGCThreads                            = 3                                         {product} {ergonomic}
     uint G1ConcRefinementThreads                  = 10                                        {product} {ergonomic}
   size_t G1HeapRegionSize                         = 1048576                                   {product} {ergonomic}
    uintx GCDrainStackTargetSize                   = 64                                        {product} {ergonomic}
   size_t InitialHeapSize                          = 123731968                                 {product} {ergonomic}
   size_t MarkStackSize                            = 4194304                                   {product} {ergonomic}
   size_t MaxHeapSize                              = 1973420032                                {product} {ergonomic}
   size_t MaxNewSize                               = 1183842304                                {product} {ergonomic}
   size_t MinHeapDeltaBytes                        = 1048576                                   {product} {ergonomic}
   size_t MinHeapSize                              = 8388608                                   {product} {ergonomic}
    uintx NonNMethodCodeHeapSize                   = 5839372                                {pd product} {ergonomic}
    uintx NonProfiledCodeHeapSize                  = 122909434                              {pd product} {ergonomic}
    uintx ProfiledCodeHeapSize                     = 122909434                              {pd product} {ergonomic}
    uintx ReservedCodeCacheSize                    = 251658240                              {pd product} {ergonomic}
     bool SegmentedCodeCache                       = true                                      {product} {ergonomic}
   size_t SoftMaxHeapSize                          = 1973420032                             {manageable} {ergonomic}
     bool UseCompressedOops                        = true                           {product lp64_product} {ergonomic}
     bool UseG1GC                                  = true                                      {product} {ergonomic}
     bool UseLargePagesIndividualAllocation        = false                                  {pd product} {ergonomic}

Logging:
Log output configuration:
 #0: stdout all=warning uptime,level,tags foldmultilines=false
 #1: stderr all=off uptime,level,tags foldmultilines=false

Environment Variables:
JAVA_HOME=C:\Program Files\Java\jdk-21
PATH=C:\chromedriver\chromedriver.exe;C:\Program Files\NVIDIA GPU Computing Toolkit\CUDA\v12.3\bin;C:\Program Files\NVIDIA GPU Computing Toolkit\CUDA\v12.3\libnvvp;C:\Program Files\Common Files\Oracle\Java\javapath;C:\oraclexe\app\oracle\product\11.2.0\server\bin;C:\windows\system32;C:\windows;C:\windows\System32\Wbem;C:\windows\System32\WindowsPowerShell\v1.0\;C:\windows\System32\OpenSSH\;C:\Program Files (x86)\NVIDIA Corporation\PhysX\Common;C:\Program Files\NVIDIA Corporation\NVIDIA NvDLISR;C:\WINDOWS\system32;C:\WINDOWS;C:\WINDOWS\System32\Wbem;C:\WINDOWS\System32\WindowsPowerShell\v1.0\;C:\WINDOWS\System32\OpenSSH\;C:\Program Files (x86)\dotnet\;C:\php-8.2.0;C:\Program Files\Git\cmd;C:\Program Files\dotnet\;C:\Program Files\MySQL\MySQL Server 8.0\bin;C:\Program Files\Java\jdk-19\bin;C:\Program Files\apache-maven-3.9.2-bin\apache-maven-3.9.2\bin;C:\Program Files\CMake\bin;C:\Program Files\nodejs\;C:\Program Files\swipl\bin;C:\Program Files\MongoDB\Server\7.0\bin;C:\Program Files\mongoshell\mongosh-2.1.1-win32-x64\mongosh-2.1.1-win32-x64\bin;C:\mongodb-database-tools-windows-x86_64-100.9.3\mongodb-database-tools-windows-x86_64-100.9.3\bin;C:\Program Files\Docker\Docker\resources\bin;C:\Program Files\Java\jdk-21;C:\Program Files (x86)\Windows Kits\10\Windows Performance Toolkit\;C:\Program Files\NVIDIA Corporation\Nsight Compute 2023.3.1\;C:\CuDNN\cudnn-windows-x86_64-8.9.7.29_cuda12-archive\cudnn-windows-x86_64-8.9.7.29_cuda12-archive\bin;C:\CuDNN\cudnn-windows-x86_64-8.9.7.29_cuda12-archive\cudnn-windows-x86_64-8.9.7.29_cuda12-archive\include;C:\CuDNN\cudnn-windows-x86_64-8.9.7.29_cuda12-archive\cudnn-windows-x86_64-8.9.7.29_cuda12-archive\lib\x64;C:\chromedriver\chromedriver.exe;C:\Program Files\MySQL\MySQL Shell 8.0\bin\;C:\Users\Hritika\AppData\Local\Programs\Python\Python311\Scripts\;C:\Users\Hritika\AppData\Local\Programs\Python\Python311\;C:\Users\Hritika\AppData\Local\Microsoft\WindowsApps;C:\msys64\mingw64\bin;C:\modeltech64_10.6d\win64;C:\Program Files\Git\cmd;C:\Program Files\heroku\bin;C:\Users\Hritika\.dotnet\tools;C:\Program Files\JetBrains\IntelliJ IDEA Community Edition 2023.1.3\bin;;C:\Users\Hritika\AppData\Roaming\npm;C:\Program Files\MongoDB\Server\7.0\bin;C:\Users\Hritika\AppData\Local\Programs\Microsoft VS Code\bin
USERNAME=Hritika
OS=Windows_NT
PROCESSOR_IDENTIFIER=AMD64 Family 25 Model 80 Stepping 0, AuthenticAMD
TMP=C:\Users\Hritika\AppData\Local\Temp
TEMP=C:\Users\Hritika\AppData\Local\Temp




Periodic native trim disabled

---------------  S Y S T E M  ---------------

OS:
 Windows 11 , 64 bit Build 26100 (10.0.26100.3323)
OS uptime: 0 days 9:57 hours
Hyper-V role detected

CPU: total 12 (initial active 12) (12 cores per cpu, 2 threads per core) family 25 model 80 stepping 0 microcode 0xa50000d, cx8, cmov, fxsr, ht, mmx, 3dnowpref, sse, sse2, sse3, ssse3, sse4a, sse4.1, sse4.2, popcnt, lzcnt, tsc, tscinvbit, avx, avx2, aes, erms, clmul, bmi1, bmi2, adx, sha, fma, vzeroupper, clflush, clflushopt, hv, rdtscp, rdpid, fsrm, f16c, cet_ss
Processor Information for processor 0
  Max Mhz: 3301, Current Mhz: 2011, Mhz Limit: 3301
Processor Information for processor 1
  Max Mhz: 3301, Current Mhz: 2011, Mhz Limit: 3301
Processor Information for processor 2
  Max Mhz: 3301, Current Mhz: 3301, Mhz Limit: 3301
Processor Information for processor 3
  Max Mhz: 3301, Current Mhz: 3301, Mhz Limit: 3301
Processor Information for processor 4
  Max Mhz: 3301, Current Mhz: 3301, Mhz Limit: 3301
Processor Information for processor 5
  Max Mhz: 3301, Current Mhz: 3301, Mhz Limit: 3301
Processor Information for processor 6
  Max Mhz: 3301, Current Mhz: 2011, Mhz Limit: 3301
Processor Information for processor 7
  Max Mhz: 3301, Current Mhz: 3301, Mhz Limit: 3301
Processor Information for processor 8
  Max Mhz: 3301, Current Mhz: 3301, Mhz Limit: 3301
Processor Information for processor 9
  Max Mhz: 3301, Current Mhz: 2011, Mhz Limit: 3301
Processor Information for processor 10
  Max Mhz: 3301, Current Mhz: 3301, Mhz Limit: 3301
Processor Information for processor 11
  Max Mhz: 3301, Current Mhz: 2011, Mhz Limit: 3301

Memory: 4k page, system-wide physical 7521M (962M free)
TotalPageFile size 24372M (AvailPageFile size 7M)
current process WorkingSet (physical memory assigned to process): 249M, peak: 254M
current process commit charge ("private bytes"): 291M, peak: 296M

vm_info: Java HotSpot(TM) 64-Bit Server VM (21.0.2+13-LTS-58) for windows-amd64 JRE (21.0.2+13-LTS-58), built on 2024-01-05T18:32:24Z by "mach5one" with MS VC++ 17.1 (VS2022)

END.
